<html>
<body>
<pre>
<h1>礦ision Build Log</h1>
<h2>Tool Versions:</h2>
IDE-Version: μVision V5.27.1.0
Copyright (C) 2019 ARM Ltd and ARM Germany GmbH. All rights reserved.
License Information: xioafeng xiaofengsun, cun, LIC=ZB4EI-TBZB4-8TL3P-M9G0V-7QG63-TF0MZ
 
Tool Versions:
Toolchain:       MDK-ARM Plus  Version: 5.32.0.0
Toolchain Path:  D:\keil5\ARM\ARMCC\Bin
C Compiler:      Armcc.exe V5.06 update 7 (build 960)
Assembler:       Armasm.exe V5.06 update 7 (build 960)
Linker/Locator:  ArmLink.exe V5.06 update 7 (build 960)
Library Manager: ArmAr.exe V5.06 update 7 (build 960)
Hex Converter:   FromElf.exe V5.06 update 7 (build 960)
CPU DLL:         SARMCM3.DLL V5.32.0.0
Dialog DLL:      DCM.DLL V1.17.3.0
Target DLL:      STLink\ST-LINKIII-KEIL_SWO.dll V3.0.8.0
Dialog DLL:      TCM.DLL V1.46.0.0
 
<h2>Project:</h2>
D:\BaiduNetdiskDownload\BaiduNetdiskDownload\（库函数版本，适合阿波罗STM32F767开发板）扩展实验10 ATK-OV2640 摄像头模块测试实验\（库函数版本，适合阿波罗STM32F767开发板）扩展实验10 ATK-OV2640 摄像头模块测试实验\USER\CAMERA.uvprojx
Project File Date:  01/07/2021

<h2>Output:</h2>
*** Using Compiler 'V5.06 update 7 (build 960)', folder: 'D:\keil5\ARM\ARMCC\Bin'
Rebuild target 'CAMERA'
assembling startup_stm32f767xx.s...
compiling stm32f7xx_it.c...
compiling system_stm32f7xx.c...
compiling stm32f7xx_hal_cortex.c...
compiling stm32f7xx_hal.c...
compiling stm32f7xx_hal_dma.c...
compiling stm32f7xx_hal_dma_ex.c...
compiling main.c...
compiling stm32f7xx_hal_pwr.c...
compiling stm32f7xx_hal_uart.c...
compiling stm32f7xx_hal_pwr_ex.c...
compiling stm32f7xx_hal_gpio.c...
compiling stm32f7xx_hal_dma2d.c...
compiling stm32f7xx_hal_rcc.c...
compiling stm32f7xx_hal_rcc_ex.c...
compiling stm32f7xx_hal_sram.c...
compiling stm32f7xx_hal_sdram.c...
compiling stm32f7xx_ll_fmc.c...
compiling stm32f7xx_hal_ltdc.c...
compiling stm32f7xx_hal_usart.c...
compiling stm32f7xx_hal_tim_ex.c...
compiling stm32f7xx_hal_tim.c...
compiling stm32f7xx_hal_dcmi_ex.c...
compiling stm32f7xx_hal_ltdc_ex.c...
compiling stm32f7xx_hal_nand.c...
compiling stm32f7xx_ll_sdmmc.c...
compiling stm32f7xx_hal_dcmi.c...
compiling stm32f7xx_hal_qspi.c...
compiling stm32f7xx_hal_sd.c...
compiling delay.c...
compiling sys.c...
compiling usart.c...
compiling led.c...
compiling key.c...
compiling sdram.c...
compiling lcd.c...
compiling nandtester.c...
compiling w25qxx.c...
compiling sdmmc_sdcard.c...
compiling nand.c...
compiling ltdc.c...
compiling ftl.c...
compiling qspi.c...
compiling mpu.c...
compiling timer.c...
compiling pcf8574.c...
compiling ov2640.c...
compiling sccb.c...
compiling myiic.c...
compiling dcmi.c...
compiling ff.c...
compiling usmart.c...
compiling diskio.c...
compiling malloc.c...
compiling usmart_str.c...
compiling usmart_config.c...
compiling exfuns.c...
compiling fattester.c...
compiling text.c...
compiling mycc936.c...
compiling piclib.c...
compiling fontupd.c...
compiling gif.c...
compiling bmp.c...
compiling tjpgd.c...
linking...
Program Size: Code=79198 RO-data=21186 RW-data=568 ZI-data=33903024  
FromELF: creating hex file...
"..\OBJ\CAMERA.axf" - 0 Error(s), 0 Warning(s).

<h2>Software Packages used:</h2>

Package Vendor: Keil
                http://www.keil.com/pack/Keil.STM32F7xx_DFP.2.13.0.pack
                Keil.STM32F7xx_DFP.2.13.0
                STMicroelectronics STM32F7 Series Device Support, Drivers and Examples

<h2>Collection of Component include folders:</h2>
  .\RTE\_CAMERA
  D:\keil5_base\Keil\STM32F7xx_DFP\2.13.0\Drivers\CMSIS\Device\ST\STM32F7xx\Include

<h2>Collection of Component Files used:</h2>
Build Time Elapsed:  00:01:28
</pre>
</body>
</html>
