Component: ARM Compiler 5.06 update 7 (build 960) Tool: armlink [4d3601]

==============================================================================

Section Cross References

    main.o(i.camera_new_pathname) refers to printf8.o(i.__0sprintf$8) for __2sprintf
    main.o(i.camera_new_pathname) refers to ff.o(i.f_open) for f_open
    main.o(i.camera_new_pathname) refers to exfuns.o(.data) for ftemp
    main.o(i.jpeg_data_process) refers to dcmi.o(i.DCMI_Stop) for DCMI_Stop
    main.o(i.jpeg_data_process) refers to lcd.o(i.LCD_SetCursor) for LCD_SetCursor
    main.o(i.jpeg_data_process) refers to lcd.o(i.LCD_WriteRAM_Prepare) for LCD_WriteRAM_Prepare
    main.o(i.jpeg_data_process) refers to main.o(.data) for .data
    main.o(i.jpeg_data_process) refers to dcmi.o(.bss) for DMADMCI_Handler
    main.o(i.jpeg_dcmi_rx_callback) refers to memmovea.o(.text) for __aeabi_memmove4
    main.o(i.jpeg_dcmi_rx_callback) refers to main.o(.data) for .data
    main.o(i.jpeg_dcmi_rx_callback) refers to dcmi.o(.bss) for DMADMCI_Handler
    main.o(i.main) refers to sys.o(i.Cache_Enable) for Cache_Enable
    main.o(i.main) refers to mpu.o(i.MPU_Memory_Protection) for MPU_Memory_Protection
    main.o(i.main) refers to stm32f7xx_hal.o(i.HAL_Init) for HAL_Init
    main.o(i.main) refers to sys.o(i.Stm32_Clock_Init) for Stm32_Clock_Init
    main.o(i.main) refers to delay.o(i.delay_init) for delay_init
    main.o(i.main) refers to usart.o(i.uart_init) for uart_init
    main.o(i.main) refers to led.o(i.LED_Init) for LED_Init
    main.o(i.main) refers to key.o(i.KEY_Init) for KEY_Init
    main.o(i.main) refers to sdram.o(i.SDRAM_Init) for SDRAM_Init
    main.o(i.main) refers to lcd.o(i.LCD_Init) for LCD_Init
    main.o(i.main) refers to ov2640.o(i.OV2640_Init) for OV2640_Init
    main.o(i.main) refers to ov2640.o(i.OV2640_PWDN_Set) for OV2640_PWDN_Set
    main.o(i.main) refers to stm32f7xx_hal_gpio.o(i.HAL_GPIO_Init) for HAL_GPIO_Init
    main.o(i.main) refers to pcf8574.o(i.PCF8574_Init) for PCF8574_Init
    main.o(i.main) refers to w25qxx.o(i.W25QXX_Init) for W25QXX_Init
    main.o(i.main) refers to malloc.o(i.my_mem_init) for my_mem_init
    main.o(i.main) refers to exfuns.o(i.exfuns_init) for exfuns_init
    main.o(i.main) refers to ff.o(i.f_mount) for f_mount
    main.o(i.main) refers to fontupd.o(i.font_init) for font_init
    main.o(i.main) refers to lcd.o(i.LCD_ShowString) for LCD_ShowString
    main.o(i.main) refers to delay.o(i.delay_ms) for delay_ms
    main.o(i.main) refers to lcd.o(i.LCD_Fill) for LCD_Fill
    main.o(i.main) refers to text.o(i.Show_Str) for Show_Str
    main.o(i.main) refers to ff.o(i.f_mkdir) for f_mkdir
    main.o(i.main) refers to malloc.o(i.mymalloc) for mymalloc
    main.o(i.main) refers to ov2640.o(i.OV2640_RGB565_Mode) for OV2640_RGB565_Mode
    main.o(i.main) refers to ov2640.o(i.OV2640_Light_Mode) for OV2640_Light_Mode
    main.o(i.main) refers to ov2640.o(i.OV2640_Color_Saturation) for OV2640_Color_Saturation
    main.o(i.main) refers to ov2640.o(i.OV2640_Brightness) for OV2640_Brightness
    main.o(i.main) refers to ov2640.o(i.OV2640_Contrast) for OV2640_Contrast
    main.o(i.main) refers to dcmi.o(i.DCMI_Init) for DCMI_Init
    main.o(i.main) refers to dcmi.o(i.DCMI_DMA_Init) for DCMI_DMA_Init
    main.o(i.main) refers to sccb.o(i.SCCB_WR_Reg) for SCCB_WR_Reg
    main.o(i.main) refers to ov2640.o(i.OV2640_OutSize_Set) for OV2640_OutSize_Set
    main.o(i.main) refers to lcd.o(i.LCD_Clear) for LCD_Clear
    main.o(i.main) refers to dcmi.o(i.DCMI_Start) for DCMI_Start
    main.o(i.main) refers to key.o(i.KEY_Scan) for KEY_Scan
    main.o(i.main) refers to dcmi.o(i.DCMI_Stop) for DCMI_Stop
    main.o(i.main) refers to ov2640.o(i.OV2640_ImageWin_Set) for OV2640_ImageWin_Set
    main.o(i.main) refers to printf8.o(i.__0sprintf$8) for __2sprintf
    main.o(i.main) refers to usmart_config.o(.data) for usmart_dev
    main.o(i.main) refers to lcd.o(.data) for POINT_COLOR
    main.o(i.main) refers to exfuns.o(.bss) for fs
    main.o(i.main) refers to main.o(.data) for .data
    main.o(i.main) refers to ltdc.o(.bss) for lcdltdc
    main.o(i.main) refers to lcd.o(.bss) for lcddev
    main.o(i.main) refers to main.o(i.rgblcd_dcmi_rx_callback) for rgblcd_dcmi_rx_callback
    main.o(i.main) refers to dcmi.o(.data) for dcmi_rx_callback
    main.o(i.main) refers to exfuns.o(.data) for ftemp
    main.o(i.main) refers to ff.o(i.f_open) for f_open
    main.o(i.main) refers to bmp.o(i.bmp_encode) for bmp_encode
    main.o(i.main) refers to main.o(i.ov2640_jpg_photo) for ov2640_jpg_photo
    main.o(i.main) refers to pcf8574.o(i.PCF8574_WriteBit) for PCF8574_WriteBit
    main.o(i.main) refers to stm32f7xx_hal_gpio.o(i.HAL_GPIO_TogglePin) for HAL_GPIO_TogglePin
    main.o(i.main) refers to main.o(i.camera_new_pathname) for i.camera_new_pathname
    main.o(i.ov2640_jpg_photo) refers to malloc.o(i.mymalloc) for mymalloc
    main.o(i.ov2640_jpg_photo) refers to ov2640.o(i.OV2640_PWDN_Set) for OV2640_PWDN_Set
[...]
    OTG_HS_IRQHandler                        0x0800023b   Thumb Code     0  startup_stm32f767xx.o(.text)
    OTG_HS_WKUP_IRQHandler                   0x0800023b   Thumb Code     0  startup_stm32f767xx.o(.text)
    PVD_IRQHandler                           0x0800023b   Thumb Code     0  startup_stm32f767xx.o(.text)
    QUADSPI_IRQHandler                       0x0800023b   Thumb Code     0  startup_stm32f767xx.o(.text)
    RCC_IRQHandler                           0x0800023b   Thumb Code     0  startup_stm32f767xx.o(.text)
    RNG_IRQHandler                           0x0800023b   Thumb Code     0  startup_stm32f767xx.o(.text)
    RTC_Alarm_IRQHandler                     0x0800023b   Thumb Code     0  startup_stm32f767xx.o(.text)
    RTC_WKUP_IRQHandler                      0x0800023b   Thumb Code     0  startup_stm32f767xx.o(.text)
    SAI1_IRQHandler                          0x0800023b   Thumb Code     0  startup_stm32f767xx.o(.text)
    SAI2_IRQHandler                          0x0800023b   Thumb Code     0  startup_stm32f767xx.o(.text)
    SDMMC1_IRQHandler                        0x0800023b   Thumb Code     0  startup_stm32f767xx.o(.text)
    SDMMC2_IRQHandler                        0x0800023b   Thumb Code     0  startup_stm32f767xx.o(.text)
    SPDIF_RX_IRQHandler                      0x0800023b   Thumb Code     0  startup_stm32f767xx.o(.text)
    SPI1_IRQHandler                          0x0800023b   Thumb Code     0  startup_stm32f767xx.o(.text)
    SPI2_IRQHandler                          0x0800023b   Thumb Code     0  startup_stm32f767xx.o(.text)
    SPI3_IRQHandler                          0x0800023b   Thumb Code     0  startup_stm32f767xx.o(.text)
    SPI4_IRQHandler                          0x0800023b   Thumb Code     0  startup_stm32f767xx.o(.text)
    SPI5_IRQHandler                          0x0800023b   Thumb Code     0  startup_stm32f767xx.o(.text)
    SPI6_IRQHandler                          0x0800023b   Thumb Code     0  startup_stm32f767xx.o(.text)
    TAMP_STAMP_IRQHandler                    0x0800023b   Thumb Code     0  startup_stm32f767xx.o(.text)
    TIM1_BRK_TIM9_IRQHandler                 0x0800023b   Thumb Code     0  startup_stm32f767xx.o(.text)
    TIM1_CC_IRQHandler                       0x0800023b   Thumb Code     0  startup_stm32f767xx.o(.text)
    TIM1_TRG_COM_TIM11_IRQHandler            0x0800023b   Thumb Code     0  startup_stm32f767xx.o(.text)
    TIM1_UP_TIM10_IRQHandler                 0x0800023b   Thumb Code     0  startup_stm32f767xx.o(.text)
    TIM2_IRQHandler                          0x0800023b   Thumb Code     0  startup_stm32f767xx.o(.text)
    TIM5_IRQHandler                          0x0800023b   Thumb Code     0  startup_stm32f767xx.o(.text)
    TIM6_DAC_IRQHandler                      0x0800023b   Thumb Code     0  startup_stm32f767xx.o(.text)
    TIM7_IRQHandler                          0x0800023b   Thumb Code     0  startup_stm32f767xx.o(.text)
    TIM8_BRK_TIM12_IRQHandler                0x0800023b   Thumb Code     0  startup_stm32f767xx.o(.text)
    TIM8_CC_IRQHandler                       0x0800023b   Thumb Code     0  startup_stm32f767xx.o(.text)
    TIM8_TRG_COM_TIM14_IRQHandler            0x0800023b   Thumb Code     0  startup_stm32f767xx.o(.text)
    TIM8_UP_TIM13_IRQHandler                 0x0800023b   Thumb Code     0  startup_stm32f767xx.o(.text)
    UART4_IRQHandler                         0x0800023b   Thumb Code     0  startup_stm32f767xx.o(.text)
    UART5_IRQHandler                         0x0800023b   Thumb Code     0  startup_stm32f767xx.o(.text)
    UART7_IRQHandler                         0x0800023b   Thumb Code     0  startup_stm32f767xx.o(.text)
    UART8_IRQHandler                         0x0800023b   Thumb Code     0  startup_stm32f767xx.o(.text)
    USART2_IRQHandler                        0x0800023b   Thumb Code     0  startup_stm32f767xx.o(.text)
    USART3_IRQHandler                        0x0800023b   Thumb Code     0  startup_stm32f767xx.o(.text)
    USART6_IRQHandler                        0x0800023b   Thumb Code     0  startup_stm32f767xx.o(.text)
    WWDG_IRQHandler                          0x0800023b   Thumb Code     0  startup_stm32f767xx.o(.text)
    __aeabi_uldivmod                         0x08000245   Thumb Code    98  uldiv.o(.text)
    ___aeabi_memcpy4$move                    0x080002a7   Thumb Code     0  memmovea.o(.text)
    ___aeabi_memcpy8$move                    0x080002a7   Thumb Code     0  memmovea.o(.text)
    __aeabi_memcpy                           0x080002a7   Thumb Code    64  memmovea.o(.text)
    __aeabi_memmove                          0x080002a7   Thumb Code     0  memmovea.o(.text)
    __aeabi_memmove4                         0x080002a7   Thumb Code     0  memmovea.o(.text)
    __aeabi_memmove8                         0x080002a7   Thumb Code     0  memmovea.o(.text)
    __aeabi_memset                           0x080002e7   Thumb Code    14  memseta.o(.text)
    __aeabi_memset4                          0x080002e7   Thumb Code     0  memseta.o(.text)
    __aeabi_memset8                          0x080002e7   Thumb Code     0  memseta.o(.text)
    __aeabi_memclr                           0x080002f5   Thumb Code     4  memseta.o(.text)
    __aeabi_memclr4                          0x080002f5   Thumb Code     0  memseta.o(.text)
    __aeabi_memclr8                          0x080002f5   Thumb Code     0  memseta.o(.text)
    _memset$wrapper                          0x080002f9   Thumb Code    18  memseta.o(.text)
    __aeabi_d2uiz                            0x0800030b   Thumb Code    50  dfixui.o(.text)
    __aeabi_llsl                             0x0800033d   Thumb Code    30  llshl.o(.text)
    _ll_shift_l                              0x0800033d   Thumb Code     0  llshl.o(.text)
    __aeabi_llsr                             0x0800035b   Thumb Code    32  llushr.o(.text)
    _ll_ushift_r                             0x0800035b   Thumb Code     0  llushr.o(.text)
    __I$use$fp                               0x0800037b   Thumb Code     0  iusefp.o(.text)
    __scatterload                            0x0800037d   Thumb Code    28  init.o(.text)
    __scatterload_rt2                        0x0800037d   Thumb Code     0  init.o(.text)
    __decompress                             0x080003a1   Thumb Code     0  __dczerorl2.o(.text)
    __decompress1                            0x080003a1   Thumb Code    86  __dczerorl2.o(.text)
    BusFault_Handler                         0x080003f7   Thumb Code     2  stm32f7xx_it.o(i.BusFault_Handler)
    Cache_Enable                             0x080003f9   Thumb Code   108  sys.o(i.Cache_Enable)
    DCMI_CR_Set                              0x08000475   Thumb Code    58  dcmi.o(i.DCMI_CR_Set)
    DCMI_DMA_Init                            0x080004d9   Thumb Code   174  dcmi.o(i.DCMI_DMA_Init)
    DCMI_IRQHandler                          0x08000599   Thumb Code     6  dcmi.o(i.DCMI_IRQHandler)
    DCMI_Init                                0x080005a5   Thumb Code    62  dcmi.o(i.DCMI_Init)
    DCMI_Set_Window                          0x080005ed   Thumb Code   114  dcmi.o(i.DCMI_Set_Window)
    DCMI_Start                               0x08000669   Thumb Code    38  dcmi.o(i.DCMI_Start)
    DCMI_Stop                                0x08000699   Thumb Code    32  dcmi.o(i.DCMI_Stop)
    DMA2_Stream1_IRQHandler                  0x080006c1   Thumb Code   104  dcmi.o(i.DMA2_Stream1_IRQHandler)
    DebugMon_Handler                         0x08000751   Thumb Code     2  stm32f7xx_it.o(i.DebugMon_Handler)
    FMC_NAND_AttributeSpace_Timing_Init      0x08000753   Thumb Code    36  stm32f7xx_ll_fmc.o(i.FMC_NAND_AttributeSpace_Timing_Init)
    FMC_NAND_CommonSpace_Timing_Init         0x08000777   Thumb Code    36  stm32f7xx_ll_fmc.o(i.FMC_NAND_CommonSpace_Timing_Init)
    FMC_NAND_Init                            0x0800079d   Thumb Code    56  stm32f7xx_ll_fmc.o(i.FMC_NAND_Init)
    FMC_NORSRAM_Extended_Timing_Init         0x080007d9   Thumb Code    66  stm32f7xx_ll_fmc.o(i.FMC_NORSRAM_Extended_Timing_Init)
    FMC_NORSRAM_Init                         0x08000821   Thumb Code   156  stm32f7xx_ll_fmc.o(i.FMC_NORSRAM_Init)
    FMC_NORSRAM_Timing_Init                  0x080008c1   Thumb Code   106  stm32f7xx_ll_fmc.o(i.FMC_NORSRAM_Timing_Init)
    FMC_SDRAM_Init                           0x08000931   Thumb Code   100  stm32f7xx_ll_fmc.o(i.FMC_SDRAM_Init)
    FMC_SDRAM_ProgramRefreshRate             0x08000995   Thumb Code    12  stm32f7xx_ll_fmc.o(i.FMC_SDRAM_ProgramRefreshRate)
    FMC_SDRAM_SendCommand                    0x080009a1   Thumb Code    82  stm32f7xx_ll_fmc.o(i.FMC_SDRAM_SendCommand)
    FMC_SDRAM_Timing_Init                    0x080009f3   Thumb Code   144  stm32f7xx_ll_fmc.o(i.FMC_SDRAM_Timing_Init)
    FTL_BlockCompare                         0x08000a85   Thumb Code   188  ftl.o(i.FTL_BlockCompare)
    FTL_CopyAndWriteToBlock                  0x08000b75   Thumb Code   262  ftl.o(i.FTL_CopyAndWriteToBlock)
    FTL_CreateLUT                            0x08000c81   Thumb Code   202  ftl.o(i.FTL_CreateLUT)
    FTL_FindSamePlaneUnusedBlock             0x08000d69   Thumb Code   184  ftl.o(i.FTL_FindSamePlaneUnusedBlock)
    FTL_Format                               0x08000e29   Thumb Code   300  ftl.o(i.FTL_Format)
    FTL_Init                                 0x08000f81   Thumb Code   110  ftl.o(i.FTL_Init)
    FTL_ReadSectors                          0x08001065   Thumb Code   350  ftl.o(i.FTL_ReadSectors)
    FTL_WriteSectors                         0x080011c9   Thumb Code   334  ftl.o(i.FTL_WriteSectors)
    Get_HzMat                                0x0800131d   Thumb Code   216  text.o(i.Get_HzMat)
    HAL_DCMI_DeInit                          0x080013f9   Thumb Code    22  stm32f7xx_hal_dcmi.o(i.HAL_DCMI_DeInit)
    HAL_DCMI_ErrorCallback                   0x0800140f   Thumb Code     2  stm32f7xx_hal_dcmi.o(i.HAL_DCMI_ErrorCallback)
    HAL_DCMI_FrameEventCallback              0x08001411   Thumb Code    36  dcmi.o(i.HAL_DCMI_FrameEventCallback)
    HAL_DCMI_IRQHandler                      0x08001441   Thumb Code   168  stm32f7xx_hal_dcmi.o(i.HAL_DCMI_IRQHandler)
    HAL_DCMI_Init                            0x080014ed   Thumb Code   194  stm32f7xx_hal_dcmi.o(i.HAL_DCMI_Init)
    HAL_DCMI_LineEventCallback               0x080015b5   Thumb Code     2  stm32f7xx_hal_dcmi.o(i.HAL_DCMI_LineEventCallback)
    HAL_DCMI_MspDeInit                       0x080015b7   Thumb Code     2  stm32f7xx_hal_dcmi.o(i.HAL_DCMI_MspDeInit)
    HAL_DCMI_MspInit                         0x080015b9   Thumb Code   206  dcmi.o(i.HAL_DCMI_MspInit)
    HAL_DCMI_VsyncEventCallback              0x080016a5   Thumb Code     2  stm32f7xx_hal_dcmi.o(i.HAL_DCMI_VsyncEventCallback)
    HAL_DMAEx_MultiBufferStart               0x080016a7   Thumb Code   124  stm32f7xx_hal_dma_ex.o(i.HAL_DMAEx_MultiBufferStart)
    HAL_DMA_Abort_IT                         0x08001723   Thumb Code    36  stm32f7xx_hal_dma.o(i.HAL_DMA_Abort_IT)
    HAL_DMA_DeInit                           0x08001749   Thumb Code   126  stm32f7xx_hal_dma.o(i.HAL_DMA_DeInit)
    HAL_DMA_Init                             0x080017d1   Thumb Code   376  stm32f7xx_hal_dma.o(i.HAL_DMA_Init)
    HAL_DMA_Start                            0x08001955   Thumb Code   108  stm32f7xx_hal_dma.o(i.HAL_DMA_Start)
    HAL_Delay                                0x080019c1   Thumb Code    22  stm32f7xx_hal.o(i.HAL_Delay)
    HAL_GPIO_Init                            0x080019d9   Thumb Code   580  stm32f7xx_hal_gpio.o(i.HAL_GPIO_Init)
    HAL_GPIO_ReadPin                         0x08001c31   Thumb Code    10  stm32f7xx_hal_gpio.o(i.HAL_GPIO_ReadPin)
    HAL_GPIO_TogglePin                       0x08001c3b   Thumb Code     8  stm32f7xx_hal_gpio.o(i.HAL_GPIO_TogglePin)
    HAL_GPIO_WritePin                        0x08001c43   Thumb Code    10  stm32f7xx_hal_gpio.o(i.HAL_GPIO_WritePin)
    HAL_GetTick                              0x08001c4d   Thumb Code     6  stm32f7xx_hal.o(i.HAL_GetTick)
    HAL_IncTick                              0x08001c59   Thumb Code    10  stm32f7xx_hal.o(i.HAL_IncTick)
    HAL_Init                                 0x08001c69   Thumb Code    32  stm32f7xx_hal.o(i.HAL_Init)
    HAL_InitTick                             0x08001c8d   Thumb Code    34  stm32f7xx_hal.o(i.HAL_InitTick)
    HAL_LTDC_ConfigLayer                     0x08001cb5   Thumb Code    88  stm32f7xx_hal_ltdc.o(i.HAL_LTDC_ConfigLayer)
    HAL_LTDC_Init                            0x08001d0d   Thumb Code   282  stm32f7xx_hal_ltdc.o(i.HAL_LTDC_Init)
    HAL_LTDC_MspInit                         0x08001e2d   Thumb Code   212  ltdc.o(i.HAL_LTDC_MspInit)
    HAL_LTDC_SetWindowPosition               0x08001f1d   Thumb Code    86  stm32f7xx_hal_ltdc.o(i.HAL_LTDC_SetWindowPosition)
    HAL_LTDC_SetWindowSize                   0x08001f73   Thumb Code    84  stm32f7xx_hal_ltdc.o(i.HAL_LTDC_SetWindowSize)
    HAL_MPU_ConfigRegion                     0x08001fc9   Thumb Code    92  stm32f7xx_hal_cortex.o(i.HAL_MPU_ConfigRegion)
    HAL_MspInit                              0x08002029   Thumb Code     2  stm32f7xx_hal.o(i.HAL_MspInit)
    HAL_NAND_Init                            0x0800202b   Thumb Code    82  stm32f7xx_hal_nand.o(i.HAL_NAND_Init)
    HAL_NAND_MspInit                         0x0800207d   Thumb Code   152  nand.o(i.HAL_NAND_MspInit)
    HAL_NVIC_EnableIRQ                       0x08002129   Thumb Code    24  stm32f7xx_hal_cortex.o(i.HAL_NVIC_EnableIRQ)
    HAL_NVIC_SetPriority                     0x08002141   Thumb Code    92  stm32f7xx_hal_cortex.o(i.HAL_NVIC_SetPriority)
    HAL_NVIC_SetPriorityGrouping             0x080021a1   Thumb Code    30  stm32f7xx_hal_cortex.o(i.HAL_NVIC_SetPriorityGrouping)
    HAL_PWREx_EnableOverDrive                0x080021c5   Thumb Code   116  stm32f7xx_hal_pwr_ex.o(i.HAL_PWREx_EnableOverDrive)
    HAL_QSPI_Command                         0x08002241   Thumb Code   146  stm32f7xx_hal_qspi.o(i.HAL_QSPI_Command)
    HAL_QSPI_Init                            0x080022d5   Thumb Code   200  stm32f7xx_hal_qspi.o(i.HAL_QSPI_Init)
    HAL_QSPI_MspInit                         0x080023a1   Thumb Code   134  qspi.o(i.HAL_QSPI_MspInit)
    HAL_QSPI_Receive                         0x08002439   Thumb Code   198  stm32f7xx_hal_qspi.o(i.HAL_QSPI_Receive)
    HAL_QSPI_Transmit                        0x08002501   Thumb Code   190  stm32f7xx_hal_qspi.o(i.HAL_QSPI_Transmit)
    HAL_RCCEx_PeriphCLKConfig                0x080025c1   Thumb Code  1928  stm32f7xx_hal_rcc_ex.o(i.HAL_RCCEx_PeriphCLKConfig)
    HAL_RCC_ClockConfig                      0x08002d55   Thumb Code   492  stm32f7xx_hal_rcc.o(i.HAL_RCC_ClockConfig)
    HAL_RCC_GetPCLK1Freq                     0x08002f61   Thumb Code    34  stm32f7xx_hal_rcc.o(i.HAL_RCC_GetPCLK1Freq)
    HAL_RCC_GetPCLK2Freq                     0x08002f91   Thumb Code    34  stm32f7xx_hal_rcc.o(i.HAL_RCC_GetPCLK2Freq)
    HAL_RCC_GetSysClockFreq                  0x08002fc1   Thumb Code   136  stm32f7xx_hal_rcc.o(i.HAL_RCC_GetSysClockFreq)
    HAL_RCC_OscConfig                        0x08003059   Thumb Code   994  stm32f7xx_hal_rcc_ex.o(i.HAL_RCC_OscConfig)
    HAL_SDRAM_Init                           0x08003451   Thumb Code    66  stm32f7xx_hal_sdram.o(i.HAL_SDRAM_Init)
    HAL_SDRAM_MspInit                        0x08003495   Thumb Code   192  sdram.o(i.HAL_SDRAM_MspInit)
    HAL_SDRAM_ProgramRefreshRate             0x08003571   Thumb Code    36  stm32f7xx_hal_sdram.o(i.HAL_SDRAM_ProgramRefreshRate)
    HAL_SDRAM_SendCommand                    0x08003595   Thumb Code    46  stm32f7xx_hal_sdram.o(i.HAL_SDRAM_SendCommand)
    HAL_SD_Get_CardInfo                      0x080035c5   Thumb Code   720  stm32f7xx_hal_sd.o(i.HAL_SD_Get_CardInfo)
    HAL_SD_Init                              0x08003895   Thumb Code  1016  stm32f7xx_hal_sd.o(i.HAL_SD_Init)
    HAL_SD_MspInit                           0x08003c8d   Thumb Code   118  sdmmc_sdcard.o(i.HAL_SD_MspInit)
    HAL_SD_ReadBlocks                        0x08003d15   Thumb Code   464  stm32f7xx_hal_sd.o(i.HAL_SD_ReadBlocks)
    HAL_SD_WideBusOperation_Config           0x08003ee5   Thumb Code   316  stm32f7xx_hal_sd.o(i.HAL_SD_WideBusOperation_Config)
    HAL_SD_WriteBlocks                       0x08004021   Thumb Code   576  stm32f7xx_hal_sd.o(i.HAL_SD_WriteBlocks)
    HAL_SRAM_Init                            0x08004261   Thumb Code    86  stm32f7xx_hal_sram.o(i.HAL_SRAM_Init)
    HAL_SRAM_MspInit                         0x080042b9   Thumb Code   104  lcd.o(i.HAL_SRAM_MspInit)
    HAL_SYSTICK_CLKSourceConfig              0x08004331   Thumb Code    22  stm32f7xx_hal_cortex.o(i.HAL_SYSTICK_CLKSourceConfig)
    HAL_SYSTICK_Config                       0x08004349   Thumb Code    36  stm32f7xx_hal_cortex.o(i.HAL_SYSTICK_Config)
    HAL_TIMEx_BreakCallback                  0x08004371   Thumb Code     2  stm32f7xx_hal_tim_ex.o(i.HAL_TIMEx_BreakCallback)
    HAL_TIMEx_CommutationCallback            0x08004373   Thumb Code     2  stm32f7xx_hal_tim_ex.o(i.HAL_TIMEx_CommutationCallback)
    HAL_TIM_Base_Init                        0x08004375   Thumb Code    50  stm32f7xx_hal_tim.o(i.HAL_TIM_Base_Init)
    HAL_TIM_Base_MspInit                     0x080043a9   Thumb Code    40  timer.o(i.HAL_TIM_Base_MspInit)
    HAL_TIM_Base_Start_IT                    0x080043d5   Thumb Code    24  stm32f7xx_hal_tim.o(i.HAL_TIM_Base_Start_IT)
    HAL_TIM_IC_CaptureCallback               0x080043ed   Thumb Code     2  stm32f7xx_hal_tim.o(i.HAL_TIM_IC_CaptureCallback)
    HAL_TIM_IRQHandler                       0x080043ef   Thumb Code   388  stm32f7xx_hal_tim.o(i.HAL_TIM_IRQHandler)
    HAL_TIM_OC_DelayElapsedCallback          0x08004573   Thumb Code     2  stm32f7xx_hal_tim.o(i.HAL_TIM_OC_DelayElapsedCallback)
    HAL_TIM_PWM_PulseFinishedCallback        0x08004575   Thumb Code     2  stm32f7xx_hal_tim.o(i.HAL_TIM_PWM_PulseFinishedCallback)
    HAL_TIM_PeriodElapsedCallback            0x08004579   Thumb Code    36  timer.o(i.HAL_TIM_PeriodElapsedCallback)
    HAL_TIM_TriggerCallback                  0x080045c9   Thumb Code     2  stm32f7xx_hal_tim.o(i.HAL_TIM_TriggerCallback)
    HAL_UART_ErrorCallback                   0x080045cb   Thumb Code     2  stm32f7xx_hal_uart.o(i.HAL_UART_ErrorCallback)
    HAL_UART_IRQHandler                      0x080045cd   Thumb Code   676  stm32f7xx_hal_uart.o(i.HAL_UART_IRQHandler)
    HAL_UART_Init                            0x08004875   Thumb Code   110  stm32f7xx_hal_uart.o(i.HAL_UART_Init)
    HAL_UART_MspInit                         0x080048e5   Thumb Code   128  usart.o(i.HAL_UART_MspInit)
    HAL_UART_Receive                         0x08004971   Thumb Code   330  stm32f7xx_hal_uart.o(i.HAL_UART_Receive)
    HAL_UART_RxCpltCallback                  0x08004abb   Thumb Code     2  stm32f7xx_hal_uart.o(i.HAL_UART_RxCpltCallback)
    HAL_UART_TxCpltCallback                  0x08004abd   Thumb Code     2  stm32f7xx_hal_uart.o(i.HAL_UART_TxCpltCallback)
    HardFault_Handler                        0x08004abf   Thumb Code     2  stm32f7xx_it.o(i.HardFault_Handler)
    IIC_Init                                 0x08004ac1   Thumb Code    70  myiic.o(i.IIC_Init)
    IIC_Read_Byte                            0x08004b11   Thumb Code   228  myiic.o(i.IIC_Read_Byte)
    IIC_Send_Byte                            0x08004bf9   Thumb Code   116  myiic.o(i.IIC_Send_Byte)
    IIC_Start                                0x08004c71   Thumb Code    76  myiic.o(i.IIC_Start)
    IIC_Stop                                 0x08004cc1   Thumb Code    76  myiic.o(i.IIC_Stop)
    IIC_Wait_Ack                             0x08004d11   Thumb Code   168  myiic.o(i.IIC_Wait_Ack)
    KEY_Init                                 0x08004dbd   Thumb Code   112  key.o(i.KEY_Init)
    KEY_Scan                                 0x08004e3d   Thumb Code   218  key.o(i.KEY_Scan)
    LCD_Clear                                0x08004f29   Thumb Code    82  lcd.o(i.LCD_Clear)
    LCD_Display_Dir                          0x08004f8d   Thumb Code   252  lcd.o(i.LCD_Display_Dir)
    LCD_Fast_DrawPoint                       0x08005091   Thumb Code   594  lcd.o(i.LCD_Fast_DrawPoint)
    LCD_Fill                                 0x080052f1   Thumb Code   124  lcd.o(i.LCD_Fill)
    LCD_Init                                 0x08005379   Thumb Code 19412  lcd.o(i.LCD_Init)
    LCD_ReadPoint                            0x08009f69   Thumb Code   202  lcd.o(i.LCD_ReadPoint)
    LCD_Scan_Dir                             0x0800a045   Thumb Code   790  lcd.o(i.LCD_Scan_Dir)
    LCD_SetCursor                            0x0800a365   Thumb Code   692  lcd.o(i.LCD_SetCursor)
    LCD_Set_Window                           0x0800a621   Thumb Code   894  lcd.o(i.LCD_Set_Window)
    LCD_ShowChar                             0x0800a9a9   Thumb Code   292  lcd.o(i.LCD_ShowChar)
    LCD_ShowString                           0x0800aad9   Thumb Code    98  lcd.o(i.LCD_ShowString)
    LCD_WriteRAM_Prepare                     0x0800ab3d   Thumb Code    10  lcd.o(i.LCD_WriteRAM_Prepare)
    LED_Init                                 0x0800ab51   Thumb Code    68  led.o(i.LED_Init)
    LTDC_Clear                               0x0800ab9d   Thumb Code    28  ltdc.o(i.LTDC_Clear)
    LTDC_Color_Fill                          0x0800abbd   Thumb Code   180  ltdc.o(i.LTDC_Color_Fill)
    LTDC_Display_Dir                         0x0800ac81   Thumb Code    34  ltdc.o(i.LTDC_Display_Dir)
    LTDC_Draw_Point                          0x0800aca9   Thumb Code    60  ltdc.o(i.LTDC_Draw_Point)
    LTDC_Fill                                0x0800aced   Thumb Code   180  ltdc.o(i.LTDC_Fill)
    LTDC_Init                                0x0800adb1   Thumb Code   620  ltdc.o(i.LTDC_Init)
    LTDC_PanelID_Read                        0x0800b045   Thumb Code   172  ltdc.o(i.LTDC_PanelID_Read)
    LTDC_Read_Point                          0x0800b0fd   Thumb Code    60  ltdc.o(i.LTDC_Read_Point)
    MPU_Memory_Protection                    0x0800b321   Thumb Code   194  mpu.o(i.MPU_Memory_Protection)
    MemManage_Handler                        0x0800b3ed   Thumb Code    64  mpu.o(i.MemManage_Handler)
    NAND_CopyPageWithWrite                   0x0800b465   Thumb Code   462  nand.o(i.NAND_CopyPageWithWrite)
    NAND_CopyPageWithoutWrite                0x0800b641   Thumb Code   116  nand.o(i.NAND_CopyPageWithoutWrite)
    NAND_Delay                               0x0800b6c1   Thumb Code    90  nand.o(i.NAND_Delay)
    NAND_ECC_Correction                      0x0800b71d   Thumb Code   298  nand.o(i.NAND_ECC_Correction)
    NAND_EraseBlock                          0x0800b875   Thumb Code    64  nand.o(i.NAND_EraseBlock)
    NAND_Init                                0x0800b8c9   Thumb Code   354  nand.o(i.NAND_Init)
    NAND_ReadPage                            0x0800ba61   Thumb Code   868  nand.o(i.NAND_ReadPage)
    NAND_ReadPageComp                        0x0800be21   Thumb Code   120  nand.o(i.NAND_ReadPageComp)
    NAND_ReadSpare                           0x0800bea1   Thumb Code    36  nand.o(i.NAND_ReadSpare)
    NAND_WaitForReady                        0x0800bec9   Thumb Code   126  nand.o(i.NAND_WaitForReady)
    NAND_WaitRB                              0x0800bf51   Thumb Code    74  nand.o(i.NAND_WaitRB)
    NAND_WritePage                           0x0800bfa1   Thumb Code   360  nand.o(i.NAND_WritePage)
    NAND_WritePageConst                      0x0800c115   Thumb Code    86  nand.o(i.NAND_WritePageConst)
    NAND_WriteSpare                          0x0800c175   Thumb Code    40  nand.o(i.NAND_WriteSpare)
    NMI_Handler                              0x0800c1a1   Thumb Code     2  stm32f7xx_it.o(i.NMI_Handler)
    OV2640_Auto_Exposure                     0x0800c1a5   Thumb Code    34  ov2640.o(i.OV2640_Auto_Exposure)
    OV2640_Brightness                        0x0800c1cd   Thumb Code    58  ov2640.o(i.OV2640_Brightness)
    OV2640_Color_Bar                         0x0800c207   Thumb Code    40  ov2640.o(i.OV2640_Color_Bar)
    OV2640_Color_Saturation                  0x0800c22f   Thumb Code    64  ov2640.o(i.OV2640_Color_Saturation)
    OV2640_Contrast                          0x0800c26f   Thumb Code   114  ov2640.o(i.OV2640_Contrast)
    OV2640_ImageSize_Set                     0x0800c2e1   Thumb Code    78  ov2640.o(i.OV2640_ImageSize_Set)
    OV2640_ImageWin_Set                      0x0800c32f   Thumb Code   144  ov2640.o(i.OV2640_ImageWin_Set)
    OV2640_Init                              0x0800c3c1   Thumb Code   234  ov2640.o(i.OV2640_Init)
    OV2640_JPEG_Mode                         0x0800c4d1   Thumb Code    54  ov2640.o(i.OV2640_JPEG_Mode)
    OV2640_Light_Mode                        0x0800c511   Thumb Code   112  ov2640.o(i.OV2640_Light_Mode)
    OV2640_OutSize_Set                       0x0800c581   Thumb Code    88  ov2640.o(i.OV2640_OutSize_Set)
    OV2640_PWDN_Set                          0x0800c5d9   Thumb Code     8  ov2640.o(i.OV2640_PWDN_Set)
    OV2640_RGB565_Mode                       0x0800c5e1   Thumb Code    30  ov2640.o(i.OV2640_RGB565_Mode)
    OV2640_Special_Effects                   0x0800c605   Thumb Code   112  ov2640.o(i.OV2640_Special_Effects)
    OV2640_Window_Set                        0x0800c675   Thumb Code   124  ov2640.o(i.OV2640_Window_Set)
    PCF8574_Init                             0x0800c6f1   Thumb Code   110  pcf8574.o(i.PCF8574_Init)
    PCF8574_WriteBit                         0x0800c769   Thumb Code    86  pcf8574.o(i.PCF8574_WriteBit)
    PendSV_Handler                           0x0800c7bf   Thumb Code     2  stm32f7xx_it.o(i.PendSV_Handler)
    QSPI_Init                                0x0800ca11   Thumb Code    58  qspi.o(i.QSPI_Init)
    QSPI_Receive                             0x0800ca55   Thumb Code    30  qspi.o(i.QSPI_Receive)
    QSPI_Send_CMD                            0x0800ca79   Thumb Code    68  qspi.o(i.QSPI_Send_CMD)
    QSPI_Transmit                            0x0800cac1   Thumb Code    30  qspi.o(i.QSPI_Transmit)
    SCCB_Init                                0x0800cb3d   Thumb Code    66  sccb.o(i.SCCB_Init)
    SCCB_RD_Reg                              0x0800cb89   Thumb Code   408  sccb.o(i.SCCB_RD_Reg)
    SCCB_WR_Byte                             0x0800cd25   Thumb Code   160  sccb.o(i.SCCB_WR_Byte)
    SCCB_WR_Reg                              0x0800cdc9   Thumb Code   166  sccb.o(i.SCCB_WR_Reg)
    SDMMC_DataConfig                         0x0800ce75   Thumb Code    46  stm32f7xx_ll_sdmmc.o(i.SDMMC_DataConfig)
    SDMMC_GetCommandResponse                 0x0800cea3   Thumb Code     6  stm32f7xx_ll_sdmmc.o(i.SDMMC_GetCommandResponse)
    SDMMC_GetPowerState                      0x0800cea9   Thumb Code     8  stm32f7xx_ll_sdmmc.o(i.SDMMC_GetPowerState)
    SDMMC_GetResponse                        0x0800ceb1   Thumb Code    14  stm32f7xx_ll_sdmmc.o(i.SDMMC_GetResponse)
    SDMMC_Init                               0x0800cebf   Thumb Code    42  stm32f7xx_ll_sdmmc.o(i.SDMMC_Init)
    SDMMC_PowerState_ON                      0x0800cee9   Thumb Code     8  stm32f7xx_ll_sdmmc.o(i.SDMMC_PowerState_ON)
    SDMMC_ReadFIFO                           0x0800cef1   Thumb Code     6  stm32f7xx_ll_sdmmc.o(i.SDMMC_ReadFIFO)
    SDMMC_SendCommand                        0x0800cef7   Thumb Code    42  stm32f7xx_ll_sdmmc.o(i.SDMMC_SendCommand)
    SDMMC_WriteFIFO                          0x0800cf21   Thumb Code    10  stm32f7xx_ll_sdmmc.o(i.SDMMC_WriteFIFO)
    SDRAM_Init                               0x0800cf2d   Thumb Code    92  sdram.o(i.SDRAM_Init)
    SDRAM_Initialization_Sequence            0x0800cf91   Thumb Code   136  sdram.o(i.SDRAM_Initialization_Sequence)
    SD_Init                                  0x0800d261   Thumb Code    56  sdmmc_sdcard.o(i.SD_Init)
    SD_ReadDisk                              0x0800d411   Thumb Code   126  sdmmc_sdcard.o(i.SD_ReadDisk)
    SD_WriteDisk                             0x0800d499   Thumb Code   128  sdmmc_sdcard.o(i.SD_WriteDisk)
    SVC_Handler                              0x0800d521   Thumb Code     2  stm32f7xx_it.o(i.SVC_Handler)
    Show_Str                                 0x0800d525   Thumb Code   408  text.o(i.Show_Str)
    Stm32_Clock_Init                         0x0800d6c5   Thumb Code   144  sys.o(i.Stm32_Clock_Init)
    SysTick_Handler                          0x0800d75d   Thumb Code     4  stm32f7xx_it.o(i.SysTick_Handler)
    SystemInit                               0x0800d761   Thumb Code    76  system_stm32f7xx.o(i.SystemInit)
    TIM3_IRQHandler                          0x0800d7c1   Thumb Code     6  timer.o(i.TIM3_IRQHandler)
    TIM4_IRQHandler                          0x0800d7cd   Thumb Code    44  usmart.o(i.TIM4_IRQHandler)
    TIM_Base_SetConfig                       0x0800d801   Thumb Code   176  stm32f7xx_hal_tim.o(i.TIM_Base_SetConfig)
    UART_AdvFeatureConfig                    0x0800d8c5   Thumb Code   218  stm32f7xx_hal_uart.o(i.UART_AdvFeatureConfig)
    UART_CheckIdleState                      0x0800d99f   Thumb Code    96  stm32f7xx_hal_uart.o(i.UART_CheckIdleState)
    UART_SetConfig                           0x0800da15   Thumb Code   682  stm32f7xx_hal_uart.o(i.UART_SetConfig)
    UART_WaitOnFlagUntilTimeout              0x0800dcd1   Thumb Code   118  stm32f7xx_hal_uart.o(i.UART_WaitOnFlagUntilTimeout)
    USART1_IRQHandler                        0x0800dd49   Thumb Code   108  usart.o(i.USART1_IRQHandler)
    UsageFault_Handler                       0x0800ddc1   Thumb Code     2  stm32f7xx_it.o(i.UsageFault_Handler)
    W25QXX_Init                              0x0800ddc5   Thumb Code   230  w25qxx.o(i.W25QXX_Init)
    W25QXX_Qspi_Enable                       0x0800deb1   Thumb Code   148  w25qxx.o(i.W25QXX_Qspi_Enable)
    W25QXX_Read                              0x0800df49   Thumb Code    28  w25qxx.o(i.W25QXX_Read)
    W25QXX_Wait_Busy                         0x0800df65   Thumb Code    60  w25qxx.o(i.W25QXX_Wait_Busy)
    W25QXX_Write                             0x0800dfa5   Thumb Code   442  w25qxx.o(i.W25QXX_Write)
    __0printf$8                              0x0800e169   Thumb Code    22  printf8.o(i.__0printf$8)
    __1printf$8                              0x0800e169   Thumb Code     0  printf8.o(i.__0printf$8)
    __2printf                                0x0800e169   Thumb Code     0  printf8.o(i.__0printf$8)
    __0sprintf$8                             0x0800e189   Thumb Code    34  printf8.o(i.__0sprintf$8)
    __1sprintf$8                             0x0800e189   Thumb Code     0  printf8.o(i.__0sprintf$8)
    __2sprintf                               0x0800e189   Thumb Code     0  printf8.o(i.__0sprintf$8)
    __ARM_common_memclr4_10                  0x0800e1b1   Thumb Code    10  usmart_str.o(i.__ARM_common_memclr4_10)
    __scatterload_copy                       0x0800e1bb   Thumb Code    14  handlers.o(i.__scatterload_copy)
    __scatterload_null                       0x0800e1c9   Thumb Code     2  handlers.o(i.__scatterload_null)
    __scatterload_zeroinit                   0x0800e1cb   Thumb Code    14  handlers.o(i.__scatterload_zeroinit)
    bmp_encode                               0x0800e639   Thumb Code   446  bmp.o(i.bmp_encode)
    camera_new_pathname                      0x0800e801   Thumb Code    68  main.o(i.camera_new_pathname)
    delay_init                               0x0800ea3d   Thumb Code    16  delay.o(i.delay_init)
    delay_ms                                 0x0800ea51   Thumb Code    68  delay.o(i.delay_ms)
    delay_us                                 0x0800ea99   Thumb Code    50  delay.o(i.delay_us)
    dir_sdi                                  0x0800f635   Thumb Code   168  ff.o(i.dir_sdi)
    disk_initialize                          0x0800f6dd   Thumb Code    40  diskio.o(i.disk_initialize)
    disk_ioctl                               0x0800f705   Thumb Code   178  diskio.o(i.disk_ioctl)
    disk_read                                0x0800f7c1   Thumb Code   108  diskio.o(i.disk_read)
    disk_status                              0x0800f82d   Thumb Code     4  diskio.o(i.disk_status)
    disk_write                               0x0800f831   Thumb Code   108  diskio.o(i.disk_write)
    exfuns_init                              0x0800f89d   Thumb Code    98  exfuns.o(i.exfuns_init)
    f_close                                  0x0800f909   Thumb Code    32  ff.o(i.f_close)
    f_mkdir                                  0x0800f929   Thumb Code   696  ff.o(i.f_mkdir)
    f_mount                                  0x0800fbe1   Thumb Code   120  ff.o(i.f_mount)
    f_open                                   0x0800fc5d   Thumb Code   808  ff.o(i.f_open)
    f_sync                                   0x0800ff85   Thumb Code   506  ff.o(i.f_sync)
    f_write                                  0x0801017f   Thumb Code   570  ff.o(i.f_write)
    ff_convert                               0x080103b9   Thumb Code   130  mycc936.o(i.ff_convert)
    ff_memalloc                              0x08010441   Thumb Code     8  diskio.o(i.ff_memalloc)
    ff_memfree                               0x08010449   Thumb Code     8  diskio.o(i.ff_memfree)
    ff_wtoupper                              0x08010451   Thumb Code    30  mycc936.o(i.ff_wtoupper)
    font_init                                0x08010e0d   Thumb Code    56  fontupd.o(i.font_init)
    fputc                                    0x08010e49   Thumb Code    16  usart.o(i.fputc)
    get_fattime                              0x08010fc3   Thumb Code     4  diskio.o(i.get_fattime)
    jpeg_data_process                        0x08010fc9   Thumb Code   254  main.o(i.jpeg_data_process)
    jpeg_dcmi_rx_callback                    0x080110d9   Thumb Code   276  main.o(i.jpeg_dcmi_rx_callback)
    main                                     0x08011359   Thumb Code  1824  main.o(i.main)
    my_mem_init                              0x08011b95   Thumb Code    52  malloc.o(i.my_mem_init)
    my_mem_malloc                            0x08011bd1   Thumb Code   190  malloc.o(i.my_mem_malloc)
    my_mem_perused                           0x08011c9d   Thumb Code    54  malloc.o(i.my_mem_perused)
    myfree                                   0x08011cdd   Thumb Code   114  malloc.o(i.myfree)
    mymalloc                                 0x08011d5d   Thumb Code    30  malloc.o(i.mymalloc)
    mymemset                                 0x08011d81   Thumb Code    38  malloc.o(i.mymemset)
    ov2640_jpg_photo                         0x08011da9   Thumb Code   412  main.o(i.ov2640_jpg_photo)
    pic_memalloc                             0x08011f79   Thumb Code     8  piclib.o(i.pic_memalloc)
    pic_memfree                              0x08011f81   Thumb Code     8  piclib.o(i.pic_memfree)
    read_addr                                0x080120c1   Thumb Code     4  usmart.o(i.read_addr)
    rgblcd_dcmi_rx_callback                  0x08012219   Thumb Code    82  main.o(i.rgblcd_dcmi_rx_callback)
    uart_init                                0x08012459   Thumb Code    32  usart.o(i.uart_init)
    usmart_cmd_rec                           0x08012481   Thumb Code   172  usmart.o(i.usmart_cmd_rec)
    usmart_exe                               0x08012531   Thumb Code   634  usmart.o(i.usmart_exe)
    usmart_get_aparm                         0x08012815   Thumb Code   182  usmart_str.o(i.usmart_get_aparm)
    usmart_get_cmdname                       0x080128cd   Thumb Code    74  usmart_str.o(i.usmart_get_cmdname)
    usmart_get_fname                         0x08012919   Thumb Code   430  usmart_str.o(i.usmart_get_fname)
    usmart_get_fparam                        0x08012ad1   Thumb Code   776  usmart_str.o(i.usmart_get_fparam)
    usmart_get_parmpos                       0x08012de1   Thumb Code    84  usmart_str.o(i.usmart_get_parmpos)
    usmart_init                              0x08012e39   Thumb Code    92  usmart.o(i.usmart_init)
    usmart_scan                              0x08012ea5   Thumb Code   102  usmart.o(i.usmart_scan)
    usmart_str2num                           0x08012f51   Thumb Code   278  usmart_str.o(i.usmart_str2num)
    usmart_strcmp                            0x08013067   Thumb Code    26  usmart_str.o(i.usmart_strcmp)
    usmart_sys_cmd_exe                       0x08013081   Thumb Code  1488  usmart.o(i.usmart_sys_cmd_exe)
    write_addr                               0x08013753   Thumb Code     4  usmart.o(i.write_addr)
    AHBPrescTable                            0x08013756   Data          16  system_stm32f7xx.o(.constdata)
    APBPrescTable                            0x08013766   Data           8  system_stm32f7xx.o(.constdata)
    asc2_1206                                0x08013776   Data        1140  lcd.o(.constdata)
    asc2_1608                                0x08013bea   Data        1520  lcd.o(.constdata)
    asc2_2412                                0x080141da   Data        3420  lcd.o(.constdata)
    asc2_3216                                0x08014f36   Data       12160  lcd.o(.constdata)
    ov2640_sxga_init_reg_tbl                 0x08017eb6   Data         356  ov2640.o(.constdata)
    ov2640_jpeg_reg_tbl                      0x0801801a   Data          14  ov2640.o(.constdata)
    ov2640_rgb565_reg_tbl                    0x08018028   Data          28  ov2640.o(.constdata)
    ov2640_yuv422_reg_tbl                    0x08018044   Data          16  ov2640.o(.constdata)
    memtblsize                               0x0801807c   Data          12  malloc.o(.constdata)
    memblksize                               0x08018088   Data          12  malloc.o(.constdata)
    memsize                                  0x08018094   Data          12  malloc.o(.constdata)
    Region$$Table$$Base                      0x08018800   Number         0  anon$$obj.o(Region$$Table)
    Region$$Table$$Limit                     0x08018820   Number         0  anon$$obj.o(Region$$Table)
    mem3base                                 0x20000000   Data       61440  malloc.o(.ARM.__AT_0x20000000)
    mem3mapbase                              0x2000f000   Data        3840  malloc.o(.ARM.__AT_0x2000F000)
    bmp_request                              0x20020000   Data           1  main.o(.data)
    ovx_mode                                 0x20020001   Data           1  main.o(.data)
    jpeg_data_ok                             0x20020002   Data           1  main.o(.data)
    curline                                  0x20020004   Data           2  main.o(.data)
    yoffset                                  0x20020006   Data           2  main.o(.data)
    jpeg_data_len                            0x20020008   Data           4  main.o(.data)
    jpeg_data_buf                            0x2002000c   Data           4  main.o(.data)
    dcmi_line_buf                            0x20020010   Data           8  main.o(.data)
    SystemCoreClock                          0x20020018   Data           4  system_stm32f7xx.o(.data)
    uwTick                                   0x2002001c   Data           4  stm32f7xx_hal.o(.data)
    USART_RX_STA                             0x20020024   Data           2  usart.o(.data)
    __stdout                                 0x20020028   Data           4  usart.o(.data)
    POINT_COLOR                              0x20020030   Data           4  lcd.o(.data)
    BACK_COLOR                               0x20020034   Data           4  lcd.o(.data)
    ltdc_framebuf                            0x20020038   Data           8  ltdc.o(.data)
    W25QXX_QPI_MODE                          0x20020044   Data           1  w25qxx.o(.data)
    W25QXX_TYPE                              0x20020046   Data           2  w25qxx.o(.data)
    ov_frame                                 0x20020048   Data           1  dcmi.o(.data)
    dcmi_rx_callback                         0x2002004c   Data           4  dcmi.o(.data)
    sys_cmd_tab                              0x20020050   Data          28  usmart.o(.data)
    usmart_nametab                           0x2002006c   Data         160  usmart_config.o(.data)
    usmart_dev                               0x2002010c   Data         244  usmart_config.o(.data)
    mallco_dev                               0x20020200   Data          36  malloc.o(.data)
    file                                     0x20020228   Data           4  exfuns.o(.data)
    ftemp                                    0x2002022c   Data           4  exfuns.o(.data)
    fatbuf                                   0x20020230   Data           4  exfuns.o(.data)
    bw                                       0x20020234   Data           4  exfuns.o(.data)
    USART_RX_BUF                             0x20020238   Data         200  usart.o(.bss)
    UART1_Handler                            0x20020300   Data         112  usart.o(.bss)
    SDRAM_Handler                            0x20020370   Data          52  sdram.o(.bss)
    SRAM_Handler                             0x200203a4   Data          76  lcd.o(.bss)
    lcddev                                   0x200203f0   Data          14  lcd.o(.bss)
    LTDC_Handler                             0x20020400   Data         168  ltdc.o(.bss)
    lcdltdc                                  0x200204a8   Data          32  ltdc.o(.bss)
    NAND_Handler                             0x200204c8   Data          56  nand.o(.bss)
    nand_dev                                 0x20020500   Data          92  nand.o(.bss)
    SDCARD_Handler                           0x20020560   Data          96  sdmmc_sdcard.o(.bss)
    SDCardInfo                               0x200205c0   Data          88  sdmmc_sdcard.o(.bss)
    SDIO_DATA_BUFFER                         0x20020618   Data         512  sdmmc_sdcard.o(.bss)
    W25QXX_BUFFER                            0x20020818   Data        4096  w25qxx.o(.bss)
    QSPI_Handler                             0x20021818   Data          68  qspi.o(.bss)
    DCMI_Handler                             0x2002185c   Data          80  dcmi.o(.bss)
    DMADMCI_Handler                          0x200218ac   Data          96  dcmi.o(.bss)
    TIM3_Handler                             0x2002190c   Data          60  timer.o(.bss)
    TIM4_Handler                             0x20021948   Data          60  usmart.o(.bss)
    mem1base                                 0x200219a0   Data       307200  malloc.o(.bss)
    mem1mapbase                              0x2006c9a0   Data       19200  malloc.o(.bss)
    fs                                       0x200714ac   Data          12  exfuns.o(.bss)
    ftinfo                                   0x200714b8   Data          41  fontupd.o(.bss)
    __initial_sp                             0x200718e8   Data           0  startup_stm32f767xx.o(STACK)
    ltdc_lcd_framebuf                        0xc0000000   Data       2048000  ltdc.o(.ARM.__AT_0xC0000000)
    mem2base                                 0xc01f4000   Data       29605888  malloc.o(.ARM.__AT_0xC01F4000)
    mem2mapbase                              0xc1e30000   Data       1850368  malloc.o(.ARM.__AT_0xC1E30000)



==============================================================================

Memory Map of the image

  Image Entry point : 0x080001f9

  Load Region LR_IROM1 (Base: 0x08000000, Size: 0x00018a58, Max: 0x00100000, ABSOLUTE, COMPRESSED[0x00018908])

    Execution Region ER_IROM1 (Exec base: 0x08000000, Load base: 0x08000000, Size: 0x00018820, Max: 0x00100000, ABSOLUTE)

    Exec Addr    Load Addr    Size         Type   Attr      Idx    E Section Name        Object

    0x08000000   0x08000000   0x000001f8   Data   RO          650    RESET               startup_stm32f767xx.o
    0x080001f8   0x080001f8   0x00000000   Code   RO         7477  * .ARM.Collect$$$$00000000  mc_w.l(entry.o)
    0x080001f8   0x080001f8   0x00000004   Code   RO         7767    .ARM.Collect$$$$00000001  mc_w.l(entry2.o)
    0x080001fc   0x080001fc   0x00000004   Code   RO         7770    .ARM.Collect$$$$00000004  mc_w.l(entry5.o)
    0x08000200   0x08000200   0x00000000   Code   RO         7772    .ARM.Collect$$$$00000008  mc_w.l(entry7b.o)
    0x08000200   0x08000200   0x00000000   Code   RO         7774    .ARM.Collect$$$$0000000A  mc_w.l(entry8b.o)
    0x08000200   0x08000200   0x00000008   Code   RO         7775    .ARM.Collect$$$$0000000B  mc_w.l(entry9a.o)
    0x08000208   0x08000208   0x00000004   Code   RO         7782    .ARM.Collect$$$$0000000E  mc_w.l(entry12b.o)
    0x0800020c   0x0800020c   0x00000000   Code   RO         7777    .ARM.Collect$$$$0000000F  mc_w.l(entry10a.o)
    0x0800020c   0x0800020c   0x00000000   Code   RO         7779    .ARM.Collect$$$$00000011  mc_w.l(entry11a.o)
    0x0800020c   0x0800020c   0x00000004   Code   RO         7768    .ARM.Collect$$$$00002712  mc_w.l(entry2.o)
    0x08000210   0x08000210   0x00000010   Code   RO         4636    .emb_text           sys.o
    0x08000220   0x08000220   0x00000024   Code   RO          651    .text               startup_stm32f767xx.o
    0x08000244   0x08000244   0x00000062   Code   RO         7480    .text               mc_w.l(uldiv.o)
    0x080002a6   0x080002a6   0x00000040   Code   RO         7484    .text               mc_w.l(memmovea.o)
    0x080002e6   0x080002e6   0x00000024   Code   RO         7486    .text               mc_w.l(memseta.o)
    0x0800030a   0x0800030a   0x00000032   Code   RO         7765    .text               mf_w.l(dfixui.o)
    0x0800033c   0x0800033c   0x0000001e   Code   RO         7785    .text               mc_w.l(llshl.o)
    0x0800035a   0x0800035a   0x00000020   Code   RO         7787    .text               mc_w.l(llushr.o)
    0x0800037a   0x0800037a   0x00000000   Code   RO         7789    .text               mc_w.l(iusefp.o)
    0x0800037a   0x0800037a   0x00000002   PAD
    0x0800037c   0x0800037c   0x00000024   Code   RO         7800    .text               mc_w.l(init.o)
    0x080003a0   0x080003a0   0x00000056   Code   RO         7812    .text               mc_w.l(__dczerorl2.o)
    0x080003f6   0x080003f6   0x00000002   Code   RO          416    i.BusFault_Handler  stm32f7xx_it.o
    0x080003f8   0x080003f8   0x0000007c   Code   RO         4637    i.Cache_Enable      sys.o
    0x08000474   0x08000474   0x00000044   Code   RO         5728    i.DCMI_CR_Set       dcmi.o
    0x080004b8   0x080004b8   0x00000020   Code   RO         4444    i.DCMI_DMAError     stm32f7xx_hal_dcmi.o
    0x080004d8   0x080004d8   0x000000c0   Code   RO         5729    i.DCMI_DMA_Init     dcmi.o
    0x08000598   0x08000598   0x0000000c   Code   RO         5730    i.DCMI_IRQHandler   dcmi.o
    0x080005a4   0x080005a4   0x00000048   Code   RO         5731    i.DCMI_Init         dcmi.o
    0x080005ec   0x080005ec   0x0000007c   Code   RO         5732    i.DCMI_Set_Window   dcmi.o
    0x08000668   0x08000668   0x00000030   Code   RO         5733    i.DCMI_Start        dcmi.o
    0x08000698   0x08000698   0x00000028   Code   RO         5734    i.DCMI_Stop         dcmi.o
    0x080006c0   0x080006c0   0x00000090   Code   RO         5735    i.DMA2_Stream1_IRQHandler  dcmi.o
    0x08000750   0x08000750   0x00000002   Code   RO          417    i.DebugMon_Handler  stm32f7xx_it.o
    0x08000752   0x08000752   0x00000024   Code   RO         3035    i.FMC_NAND_AttributeSpace_Timing_Init  stm32f7xx_ll_fmc.o
    0x08000776   0x08000776   0x00000024   Code   RO         3036    i.FMC_NAND_CommonSpace_Timing_Init  stm32f7xx_ll_fmc.o
    0x0800079a   0x0800079a   0x00000002   PAD
    0x0800079c   0x0800079c   0x0000003c   Code   RO         3041    i.FMC_NAND_Init     stm32f7xx_ll_fmc.o
    0x080007d8   0x080007d8   0x00000048   Code   RO         3043    i.FMC_NORSRAM_Extended_Timing_Init  stm32f7xx_ll_fmc.o
    0x08000820   0x08000820   0x000000a0   Code   RO         3044    i.FMC_NORSRAM_Init  stm32f7xx_ll_fmc.o
    0x080008c0   0x080008c0   0x00000070   Code   RO         3045    i.FMC_NORSRAM_Timing_Init  stm32f7xx_ll_fmc.o
    0x08000930   0x08000930   0x00000064   Code   RO         3050    i.FMC_SDRAM_Init    stm32f7xx_ll_fmc.o
    0x08000994   0x08000994   0x0000000c   Code   RO         3051    i.FMC_SDRAM_ProgramRefreshRate  stm32f7xx_ll_fmc.o
    0x080009a0   0x080009a0   0x00000052   Code   RO         3052    i.FMC_SDRAM_SendCommand  stm32f7xx_ll_fmc.o
    0x080009f2   0x080009f2   0x00000090   Code   RO         3054    i.FMC_SDRAM_Timing_Init  stm32f7xx_ll_fmc.o
    0x08000a82   0x08000a82   0x00000002   PAD
    0x08000a84   0x08000a84   0x000000f0   Code   RO         5195    i.FTL_BlockCompare  ftl.o
    0x08000b74   0x08000b74   0x0000010c   Code   RO         5197    i.FTL_CopyAndWriteToBlock  ftl.o
    0x08000c80   0x08000c80   0x000000e8   Code   RO         5198    i.FTL_CreateLUT     ftl.o
    0x08000d68   0x08000d68   0x000000c0   Code   RO         5199    i.FTL_FindSamePlaneUnusedBlock  ftl.o
    0x08000e28   0x08000e28   0x00000158   Code   RO         5201    i.FTL_Format        ftl.o
    0x08000f80   0x08000f80   0x000000e4   Code   RO         5202    i.FTL_Init          ftl.o
    0x08001064   0x08001064   0x00000164   Code   RO         5204    i.FTL_ReadSectors   ftl.o
    0x080011c8   0x080011c8   0x00000154   Code   RO         5207    i.FTL_WriteSectors  ftl.o
    0x0800131c   0x0800131c   0x000000dc   Code   RO         7070    i.Get_HzMat         text.o
    0x080013f8   0x080013f8   0x00000016   Code   RO         4447    i.HAL_DCMI_DeInit   stm32f7xx_hal_dcmi.o
    0x0800140e   0x0800140e   0x00000002   Code   RO         4450    i.HAL_DCMI_ErrorCallback  stm32f7xx_hal_dcmi.o
    0x08001410   0x08001410   0x00000030   Code   RO         5736    i.HAL_DCMI_FrameEventCallback  dcmi.o
    0x08001440   0x08001440   0x000000ac   Code   RO         4454    i.HAL_DCMI_IRQHandler  stm32f7xx_hal_dcmi.o
    0x080014ec   0x080014ec   0x000000c8   Code   RO         4455    i.HAL_DCMI_Init     stm32f7xx_hal_dcmi.o
    0x080015b4   0x080015b4   0x00000002   Code   RO         4456    i.HAL_DCMI_LineEventCallback  stm32f7xx_hal_dcmi.o
    0x080015b6   0x080015b6   0x00000002   Code   RO         4457    i.HAL_DCMI_MspDeInit  stm32f7xx_hal_dcmi.o
    0x080015b8   0x080015b8   0x000000ec   Code   RO         5737    i.HAL_DCMI_MspInit  dcmi.o
    0x080016a4   0x080016a4   0x00000002   Code   RO         4463    i.HAL_DCMI_VsyncEventCallback  stm32f7xx_hal_dcmi.o
    0x080016a6   0x080016a6   0x0000007c   Code   RO         1039    i.HAL_DMAEx_MultiBufferStart  stm32f7xx_hal_dma_ex.o
    0x08001722   0x08001722   0x00000024   Code   RO          948    i.HAL_DMA_Abort_IT  stm32f7xx_hal_dma.o
    0x08001746   0x08001746   0x00000002   PAD
    0x08001748   0x08001748   0x00000088   Code   RO          949    i.HAL_DMA_DeInit    stm32f7xx_hal_dma.o
    0x080017d0   0x080017d0   0x00000184   Code   RO          953    i.HAL_DMA_Init      stm32f7xx_hal_dma.o
    0x08001954   0x08001954   0x0000006c   Code   RO          956    i.HAL_DMA_Start     stm32f7xx_hal_dma.o
    0x080019c0   0x080019c0   0x00000016   Code   RO          665    i.HAL_Delay         stm32f7xx_hal.o
    0x080019d6   0x080019d6   0x00000002   PAD
    0x080019d8   0x080019d8   0x00000258   Code   RO         1273    i.HAL_GPIO_Init     stm32f7xx_hal_gpio.o
    0x08001c30   0x08001c30   0x0000000a   Code   RO         1275    i.HAL_GPIO_ReadPin  stm32f7xx_hal_gpio.o
    0x08001c3a   0x08001c3a   0x00000008   Code   RO         1276    i.HAL_GPIO_TogglePin  stm32f7xx_hal_gpio.o
    0x08001c42   0x08001c42   0x0000000a   Code   RO         1277    i.HAL_GPIO_WritePin  stm32f7xx_hal_gpio.o
    0x08001c4c   0x08001c4c   0x0000000c   Code   RO          675    i.HAL_GetTick       stm32f7xx_hal.o
    0x08001c58   0x08001c58   0x00000010   Code   RO          676    i.HAL_IncTick       stm32f7xx_hal.o
    0x08001c68   0x08001c68   0x00000024   Code   RO          677    i.HAL_Init          stm32f7xx_hal.o
    0x08001c8c   0x08001c8c   0x00000028   Code   RO          678    i.HAL_InitTick      stm32f7xx_hal.o
    0x08001cb4   0x08001cb4   0x00000058   Code   RO         3464    i.HAL_LTDC_ConfigLayer  stm32f7xx_hal_ltdc.o
    0x08001d0c   0x08001d0c   0x00000120   Code   RO         3481    i.HAL_LTDC_Init     stm32f7xx_hal_ltdc.o
    0x08001e2c   0x08001e2c   0x000000f0   Code   RO         5084    i.HAL_LTDC_MspInit  ltdc.o
    0x08001f1c   0x08001f1c   0x00000056   Code   RO         3496    i.HAL_LTDC_SetWindowPosition  stm32f7xx_hal_ltdc.o
    0x08001f72   0x08001f72   0x00000054   Code   RO         3498    i.HAL_LTDC_SetWindowSize  stm32f7xx_hal_ltdc.o
    0x08001fc6   0x08001fc6   0x00000002   PAD
    0x08001fc8   0x08001fc8   0x00000060   Code   RO          829    i.HAL_MPU_ConfigRegion  stm32f7xx_hal_cortex.o
    0x08002028   0x08002028   0x00000002   Code   RO          680    i.HAL_MspInit       stm32f7xx_hal.o
    0x0800202a   0x0800202a   0x00000052   Code   RO         4042    i.HAL_NAND_Init     stm32f7xx_hal_nand.o
    0x0800207c   0x0800207c   0x000000ac   Code   RO         5298    i.HAL_NAND_MspInit  nand.o
    0x08002128   0x08002128   0x00000018   Code   RO          832    i.HAL_NVIC_EnableIRQ  stm32f7xx_hal_cortex.o
    0x08002140   0x08002140   0x00000060   Code   RO          838    i.HAL_NVIC_SetPriority  stm32f7xx_hal_cortex.o
    0x080021a0   0x080021a0   0x00000024   Code   RO          839    i.HAL_NVIC_SetPriorityGrouping  stm32f7xx_hal_cortex.o
    0x080021c4   0x080021c4   0x0000007c   Code   RO         1466    i.HAL_PWREx_EnableOverDrive  stm32f7xx_hal_pwr_ex.o
    0x08002240   0x08002240   0x00000092   Code   RO         4195    i.HAL_QSPI_Command  stm32f7xx_hal_qspi.o
    0x080022d2   0x080022d2   0x00000002   PAD
    0x080022d4   0x080022d4   0x000000cc   Code   RO         4204    i.HAL_QSPI_Init     stm32f7xx_hal_qspi.o
    0x080023a0   0x080023a0   0x00000098   Code   RO         5674    i.HAL_QSPI_MspInit  qspi.o
    0x08002438   0x08002438   0x000000c6   Code   RO         4208    i.HAL_QSPI_Receive  stm32f7xx_hal_qspi.o
    0x080024fe   0x080024fe   0x00000002   PAD
    0x08002500   0x08002500   0x000000be   Code   RO         4217    i.HAL_QSPI_Transmit  stm32f7xx_hal_qspi.o
    0x080025be   0x080025be   0x00000002   PAD
    0x080025c0   0x080025c0   0x00000794   Code   RO         1655    i.HAL_RCCEx_PeriphCLKConfig  stm32f7xx_hal_rcc_ex.o
    0x08002d54   0x08002d54   0x0000020c   Code   RO         1553    i.HAL_RCC_ClockConfig  stm32f7xx_hal_rcc.o
    0x08002f60   0x08002f60   0x00000030   Code   RO         1560    i.HAL_RCC_GetPCLK1Freq  stm32f7xx_hal_rcc.o
    0x08002f90   0x08002f90   0x00000030   Code   RO         1561    i.HAL_RCC_GetPCLK2Freq  stm32f7xx_hal_rcc.o
    0x08002fc0   0x08002fc0   0x00000098   Code   RO         1562    i.HAL_RCC_GetSysClockFreq  stm32f7xx_hal_rcc.o
    0x08003058   0x08003058   0x000003f8   Code   RO         1656    i.HAL_RCC_OscConfig  stm32f7xx_hal_rcc_ex.o
    0x08003450   0x08003450   0x00000042   Code   RO         3311    i.HAL_SDRAM_Init    stm32f7xx_hal_sdram.o
    0x08003492   0x08003492   0x00000002   PAD
    0x08003494   0x08003494   0x000000dc   Code   RO         4804    i.HAL_SDRAM_MspInit  sdram.o
    0x08003570   0x08003570   0x00000024   Code   RO         3314    i.HAL_SDRAM_ProgramRefreshRate  stm32f7xx_hal_sdram.o
    0x08003594   0x08003594   0x0000002e   Code   RO         3320    i.HAL_SDRAM_SendCommand  stm32f7xx_hal_sdram.o
    0x080035c2   0x080035c2   0x00000002   PAD
    0x080035c4   0x080035c4   0x000002d0   Code   RO         3842    i.HAL_SD_Get_CardInfo  stm32f7xx_hal_sd.o
    0x08003894   0x08003894   0x000003f8   Code   RO         3845    i.HAL_SD_Init       stm32f7xx_hal_sd.o
    0x08003c8c   0x08003c8c   0x00000088   Code   RO         5508    i.HAL_SD_MspInit    sdmmc_sdcard.o
    0x08003d14   0x08003d14   0x000001d0   Code   RO         3848    i.HAL_SD_ReadBlocks  stm32f7xx_hal_sd.o
    0x08003ee4   0x08003ee4   0x0000013c   Code   RO         3852    i.HAL_SD_WideBusOperation_Config  stm32f7xx_hal_sd.o
    0x08004020   0x08004020   0x00000240   Code   RO         3853    i.HAL_SD_WriteBlocks  stm32f7xx_hal_sd.o
    0x08004260   0x08004260   0x00000056   Code   RO         3189    i.HAL_SRAM_Init     stm32f7xx_hal_sram.o
    0x080042b6   0x080042b6   0x00000002   PAD
    0x080042b8   0x080042b8   0x00000078   Code   RO         4861    i.HAL_SRAM_MspInit  lcd.o
    0x08004330   0x08004330   0x00000016   Code   RO          841    i.HAL_SYSTICK_CLKSourceConfig  stm32f7xx_hal_cortex.o
    0x08004346   0x08004346   0x00000002   PAD
    0x08004348   0x08004348   0x00000028   Code   RO          843    i.HAL_SYSTICK_Config  stm32f7xx_hal_cortex.o
    0x08004370   0x08004370   0x00000002   Code   RO         2771    i.HAL_TIMEx_BreakCallback  stm32f7xx_hal_tim_ex.o
    0x08004372   0x08004372   0x00000002   Code   RO         2772    i.HAL_TIMEx_CommutationCallback  stm32f7xx_hal_tim_ex.o
    0x08004374   0x08004374   0x00000032   Code   RO         2169    i.HAL_TIM_Base_Init  stm32f7xx_hal_tim.o
    0x080043a6   0x080043a6   0x00000002   PAD
    0x080043a8   0x080043a8   0x0000002c   Code   RO         5924    i.HAL_TIM_Base_MspInit  timer.o
    0x080043d4   0x080043d4   0x00000018   Code   RO         2174    i.HAL_TIM_Base_Start_IT  stm32f7xx_hal_tim.o
    0x080043ec   0x080043ec   0x00000002   Code   RO         2198    i.HAL_TIM_IC_CaptureCallback  stm32f7xx_hal_tim.o
    0x080043ee   0x080043ee   0x00000184   Code   RO         2211    i.HAL_TIM_IRQHandler  stm32f7xx_hal_tim.o
    0x08004572   0x08004572   0x00000002   Code   RO         2214    i.HAL_TIM_OC_DelayElapsedCallback  stm32f7xx_hal_tim.o
    0x08004574   0x08004574   0x00000002   Code   RO         2241    i.HAL_TIM_PWM_PulseFinishedCallback  stm32f7xx_hal_tim.o
    0x08004576   0x08004576   0x00000002   PAD
    0x08004578   0x08004578   0x00000050   Code   RO         5925    i.HAL_TIM_PeriodElapsedCallback  timer.o
    0x080045c8   0x080045c8   0x00000002   Code   RO         2252    i.HAL_TIM_TriggerCallback  stm32f7xx_hal_tim.o
    0x080045ca   0x080045ca   0x00000002   Code   RO         1710    i.HAL_UART_ErrorCallback  stm32f7xx_hal_uart.o
    0x080045cc   0x080045cc   0x000002a8   Code   RO         1713    i.HAL_UART_IRQHandler  stm32f7xx_hal_uart.o
    0x08004874   0x08004874   0x0000006e   Code   RO         1714    i.HAL_UART_Init     stm32f7xx_hal_uart.o
    0x080048e2   0x080048e2   0x00000002   PAD
    0x080048e4   0x080048e4   0x0000008c   Code   RO         4686    i.HAL_UART_MspInit  usart.o
    0x08004970   0x08004970   0x0000014a   Code   RO         1717    i.HAL_UART_Receive  stm32f7xx_hal_uart.o
    0x08004aba   0x08004aba   0x00000002   Code   RO         1720    i.HAL_UART_RxCpltCallback  stm32f7xx_hal_uart.o
    0x08004abc   0x08004abc   0x00000002   Code   RO         1725    i.HAL_UART_TxCpltCallback  stm32f7xx_hal_uart.o
    0x08004abe   0x08004abe   0x00000002   Code   RO          418    i.HardFault_Handler  stm32f7xx_it.o
    0x08004ac0   0x08004ac0   0x00000050   Code   RO         5814    i.IIC_Init          myiic.o
    0x08004b10   0x08004b10   0x000000e8   Code   RO         5816    i.IIC_Read_Byte     myiic.o
    0x08004bf8   0x08004bf8   0x00000078   Code   RO         5817    i.IIC_Send_Byte     myiic.o
    0x08004c70   0x08004c70   0x00000050   Code   RO         5818    i.IIC_Start         myiic.o
    0x08004cc0   0x08004cc0   0x00000050   Code   RO         5819    i.IIC_Stop          myiic.o
    0x08004d10   0x08004d10   0x000000ac   Code   RO         5820    i.IIC_Wait_Ack      myiic.o
    0x08004dbc   0x08004dbc   0x00000080   Code   RO         4771    i.KEY_Init          key.o
    0x08004e3c   0x08004e3c   0x000000ec   Code   RO         4772    i.KEY_Scan          key.o
    0x08004f28   0x08004f28   0x00000064   Code   RO         4863    i.LCD_Clear         lcd.o
    0x08004f8c   0x08004f8c   0x00000104   Code   RO         4867    i.LCD_Display_Dir   lcd.o
    0x08005090   0x08005090   0x00000260   Code   RO         4872    i.LCD_Fast_DrawPoint  lcd.o
    0x080052f0   0x080052f0   0x00000088   Code   RO         4873    i.LCD_Fill          lcd.o
    0x08005378   0x08005378   0x00004bf0   Code   RO         4874    i.LCD_Init          lcd.o
    0x08009f68   0x08009f68   0x000000dc   Code   RO         4878    i.LCD_ReadPoint     lcd.o
    0x0800a044   0x0800a044   0x00000320   Code   RO         4881    i.LCD_Scan_Dir      lcd.o
    0x0800a364   0x0800a364   0x000002bc   Code   RO         4882    i.LCD_SetCursor     lcd.o
    0x0800a620   0x0800a620   0x00000388   Code   RO         4883    i.LCD_Set_Window    lcd.o
    0x0800a9a8   0x0800a9a8   0x00000130   Code   RO         4884    i.LCD_ShowChar      lcd.o
    0x0800aad8   0x0800aad8   0x00000062   Code   RO         4886    i.LCD_ShowString    lcd.o
    0x0800ab3a   0x0800ab3a   0x00000002   PAD
    0x0800ab3c   0x0800ab3c   0x00000014   Code   RO         4891    i.LCD_WriteRAM_Prepare  lcd.o
    0x0800ab50   0x0800ab50   0x0000004c   Code   RO         4747    i.LED_Init          led.o
    0x0800ab9c   0x0800ab9c   0x00000020   Code   RO         5085    i.LTDC_Clear        ltdc.o
    0x0800abbc   0x0800abbc   0x000000c4   Code   RO         5087    i.LTDC_Color_Fill   ltdc.o
    0x0800ac80   0x0800ac80   0x00000028   Code   RO         5088    i.LTDC_Display_Dir  ltdc.o
    0x0800aca8   0x0800aca8   0x00000044   Code   RO         5089    i.LTDC_Draw_Point   ltdc.o
    0x0800acec   0x0800acec   0x000000c4   Code   RO         5090    i.LTDC_Fill         ltdc.o
    0x0800adb0   0x0800adb0   0x00000294   Code   RO         5091    i.LTDC_Init         ltdc.o
    0x0800b044   0x0800b044   0x000000b8   Code   RO         5095    i.LTDC_PanelID_Read  ltdc.o
    0x0800b0fc   0x0800b0fc   0x00000044   Code   RO         5096    i.LTDC_Read_Point   ltdc.o
    0x0800b140   0x0800b140   0x000001de   Code   RO         3500    i.LTDC_SetConfig    stm32f7xx_hal_ltdc.o
    0x0800b31e   0x0800b31e   0x00000002   PAD
    0x0800b320   0x0800b320   0x000000cc   Code   RO         5973    i.MPU_Memory_Protection  mpu.o
    0x0800b3ec   0x0800b3ec   0x00000078   Code   RO         5975    i.MemManage_Handler  mpu.o
    0x0800b464   0x0800b464   0x000001dc   Code   RO         5299    i.NAND_CopyPageWithWrite  nand.o
    0x0800b640   0x0800b640   0x00000080   Code   RO         5300    i.NAND_CopyPageWithoutWrite  nand.o
    0x0800b6c0   0x0800b6c0   0x0000005a   Code   RO         5301    i.NAND_Delay        nand.o
    0x0800b71a   0x0800b71a   0x00000002   PAD
    0x0800b71c   0x0800b71c   0x00000158   Code   RO         5302    i.NAND_ECC_Correction  nand.o
    0x0800b874   0x0800b874   0x00000054   Code   RO         5304    i.NAND_EraseBlock   nand.o
    0x0800b8c8   0x0800b8c8   0x00000198   Code   RO         5306    i.NAND_Init         nand.o
    0x0800ba60   0x0800ba60   0x000003c0   Code   RO         5310    i.NAND_ReadPage     nand.o
    0x0800be20   0x0800be20   0x00000080   Code   RO         5311    i.NAND_ReadPageComp  nand.o
    0x0800bea0   0x0800bea0   0x00000028   Code   RO         5312    i.NAND_ReadSpare    nand.o
    0x0800bec8   0x0800bec8   0x00000088   Code   RO         5315    i.NAND_WaitForReady  nand.o
    0x0800bf50   0x0800bf50   0x00000050   Code   RO         5316    i.NAND_WaitRB       nand.o
    0x0800bfa0   0x0800bfa0   0x00000174   Code   RO         5317    i.NAND_WritePage    nand.o
    0x0800c114   0x0800c114   0x00000060   Code   RO         5318    i.NAND_WritePageConst  nand.o
    0x0800c174   0x0800c174   0x0000002c   Code   RO         5319    i.NAND_WriteSpare   nand.o
    0x0800c1a0   0x0800c1a0   0x00000002   Code   RO          419    i.NMI_Handler       stm32f7xx_it.o
    0x0800c1a2   0x0800c1a2   0x00000002   PAD
    0x0800c1a4   0x0800c1a4   0x00000028   Code   RO         6013    i.OV2640_Auto_Exposure  ov2640.o
    0x0800c1cc   0x0800c1cc   0x0000003a   Code   RO         6014    i.OV2640_Brightness  ov2640.o
    0x0800c206   0x0800c206   0x00000028   Code   RO         6015    i.OV2640_Color_Bar  ov2640.o
    0x0800c22e   0x0800c22e   0x00000040   Code   RO         6016    i.OV2640_Color_Saturation  ov2640.o
    0x0800c26e   0x0800c26e   0x00000072   Code   RO         6017    i.OV2640_Contrast   ov2640.o
    0x0800c2e0   0x0800c2e0   0x0000004e   Code   RO         6018    i.OV2640_ImageSize_Set  ov2640.o
    0x0800c32e   0x0800c32e   0x00000090   Code   RO         6019    i.OV2640_ImageWin_Set  ov2640.o
    0x0800c3be   0x0800c3be   0x00000002   PAD
    0x0800c3c0   0x0800c3c0   0x00000110   Code   RO         6020    i.OV2640_Init       ov2640.o
    0x0800c4d0   0x0800c4d0   0x00000040   Code   RO         6021    i.OV2640_JPEG_Mode  ov2640.o
    0x0800c510   0x0800c510   0x00000070   Code   RO         6022    i.OV2640_Light_Mode  ov2640.o
    0x0800c580   0x0800c580   0x00000058   Code   RO         6023    i.OV2640_OutSize_Set  ov2640.o
    0x0800c5d8   0x0800c5d8   0x00000008   Code   RO         6024    i.OV2640_PWDN_Set   ov2640.o
    0x0800c5e0   0x0800c5e0   0x00000024   Code   RO         6025    i.OV2640_RGB565_Mode  ov2640.o
    0x0800c604   0x0800c604   0x00000070   Code   RO         6026    i.OV2640_Special_Effects  ov2640.o
    0x0800c674   0x0800c674   0x0000007c   Code   RO         6027    i.OV2640_Window_Set  ov2640.o
    0x0800c6f0   0x0800c6f0   0x00000078   Code   RO         5877    i.PCF8574_Init      pcf8574.o
    0x0800c768   0x0800c768   0x00000056   Code   RO         5880    i.PCF8574_WriteBit  pcf8574.o
    0x0800c7be   0x0800c7be   0x00000002   Code   RO          420    i.PendSV_Handler    stm32f7xx_it.o
    0x0800c7c0   0x0800c7c0   0x00000250   Code   RO         4222    i.QSPI_Config       stm32f7xx_hal_qspi.o
    0x0800ca10   0x0800ca10   0x00000044   Code   RO         5675    i.QSPI_Init         qspi.o
    0x0800ca54   0x0800ca54   0x00000024   Code   RO         5676    i.QSPI_Receive      qspi.o
    0x0800ca78   0x0800ca78   0x00000048   Code   RO         5677    i.QSPI_Send_CMD     qspi.o
    0x0800cac0   0x0800cac0   0x00000024   Code   RO         5678    i.QSPI_Transmit     qspi.o
    0x0800cae4   0x0800cae4   0x00000058   Code   RO         4229    i.QSPI_WaitFlagStateUntilTimeout  stm32f7xx_hal_qspi.o
    0x0800cb3c   0x0800cb3c   0x0000004c   Code   RO         6128    i.SCCB_Init         sccb.o
    0x0800cb88   0x0800cb88   0x0000019c   Code   RO         6131    i.SCCB_RD_Reg       sccb.o
    0x0800cd24   0x0800cd24   0x000000a4   Code   RO         6134    i.SCCB_WR_Byte      sccb.o
    0x0800cdc8   0x0800cdc8   0x000000ac   Code   RO         6135    i.SCCB_WR_Reg       sccb.o
    0x0800ce74   0x0800ce74   0x0000002e   Code   RO         3736    i.SDMMC_DataConfig  stm32f7xx_ll_sdmmc.o
    0x0800cea2   0x0800cea2   0x00000006   Code   RO         3737    i.SDMMC_GetCommandResponse  stm32f7xx_ll_sdmmc.o
    0x0800cea8   0x0800cea8   0x00000008   Code   RO         3740    i.SDMMC_GetPowerState  stm32f7xx_ll_sdmmc.o
    0x0800ceb0   0x0800ceb0   0x0000000e   Code   RO         3741    i.SDMMC_GetResponse  stm32f7xx_ll_sdmmc.o
    0x0800cebe   0x0800cebe   0x0000002a   Code   RO         3742    i.SDMMC_Init        stm32f7xx_ll_sdmmc.o
    0x0800cee8   0x0800cee8   0x00000008   Code   RO         3744    i.SDMMC_PowerState_ON  stm32f7xx_ll_sdmmc.o
    0x0800cef0   0x0800cef0   0x00000006   Code   RO         3745    i.SDMMC_ReadFIFO    stm32f7xx_ll_sdmmc.o
    0x0800cef6   0x0800cef6   0x0000002a   Code   RO         3746    i.SDMMC_SendCommand  stm32f7xx_ll_sdmmc.o
    0x0800cf20   0x0800cf20   0x0000000a   Code   RO         3748    i.SDMMC_WriteFIFO   stm32f7xx_ll_sdmmc.o
    0x0800cf2a   0x0800cf2a   0x00000002   PAD
    0x0800cf2c   0x0800cf2c   0x00000064   Code   RO         4805    i.SDRAM_Init        sdram.o
    0x0800cf90   0x0800cf90   0x0000008c   Code   RO         4806    i.SDRAM_Initialization_Sequence  sdram.o
    0x0800d01c   0x0800d01c   0x00000118   Code   RO         3857    i.SD_CmdResp1Error  stm32f7xx_hal_sd.o
    0x0800d134   0x0800d134   0x0000012c   Code   RO         3862    i.SD_FindSCR        stm32f7xx_hal_sd.o
    0x0800d260   0x0800d260   0x00000040   Code   RO         5510    i.SD_Init           sdmmc_sdcard.o
    0x0800d2a0   0x0800d2a0   0x00000170   Code   RO         3863    i.SD_IsCardProgramming  stm32f7xx_hal_sd.o
    0x0800d410   0x0800d410   0x00000088   Code   RO         5511    i.SD_ReadDisk       sdmmc_sdcard.o
    0x0800d498   0x0800d498   0x00000088   Code   RO         5512    i.SD_WriteDisk      sdmmc_sdcard.o
    0x0800d520   0x0800d520   0x00000002   Code   RO          421    i.SVC_Handler       stm32f7xx_it.o
    0x0800d522   0x0800d522   0x00000002   PAD
    0x0800d524   0x0800d524   0x000001a0   Code   RO         7072    i.Show_Str          text.o
    0x0800d6c4   0x0800d6c4   0x00000098   Code   RO         4640    i.Stm32_Clock_Init  sys.o
    0x0800d75c   0x0800d75c   0x00000004   Code   RO          422    i.SysTick_Handler   stm32f7xx_it.o
    0x0800d760   0x0800d760   0x00000060   Code   RO          493    i.SystemInit        system_stm32f7xx.o
    0x0800d7c0   0x0800d7c0   0x0000000c   Code   RO         5926    i.TIM3_IRQHandler   timer.o
    0x0800d7cc   0x0800d7cc   0x00000034   Code   RO         6191    i.TIM4_IRQHandler   usmart.o
    0x0800d800   0x0800d800   0x000000c4   Code   RO         2253    i.TIM_Base_SetConfig  stm32f7xx_hal_tim.o
    0x0800d8c4   0x0800d8c4   0x000000da   Code   RO         1727    i.UART_AdvFeatureConfig  stm32f7xx_hal_uart.o
    0x0800d99e   0x0800d99e   0x00000060   Code   RO         1728    i.UART_CheckIdleState  stm32f7xx_hal_uart.o
    0x0800d9fe   0x0800d9fe   0x00000014   Code   RO         1729    i.UART_DMAAbortOnError  stm32f7xx_hal_uart.o
    0x0800da12   0x0800da12   0x00000002   PAD
    0x0800da14   0x0800da14   0x000002bc   Code   RO         1735    i.UART_SetConfig    stm32f7xx_hal_uart.o
    0x0800dcd0   0x0800dcd0   0x00000076   Code   RO         1736    i.UART_WaitOnFlagUntilTimeout  stm32f7xx_hal_uart.o
    0x0800dd46   0x0800dd46   0x00000002   PAD
    0x0800dd48   0x0800dd48   0x00000078   Code   RO         4687    i.USART1_IRQHandler  usart.o
    0x0800ddc0   0x0800ddc0   0x00000002   Code   RO          423    i.UsageFault_Handler  stm32f7xx_it.o
    0x0800ddc2   0x0800ddc2   0x00000002   PAD
    0x0800ddc4   0x0800ddc4   0x000000ec   Code   RO         5566    i.W25QXX_Init       w25qxx.o
    0x0800deb0   0x0800deb0   0x00000098   Code   RO         5568    i.W25QXX_Qspi_Enable  w25qxx.o
    0x0800df48   0x0800df48   0x0000001c   Code   RO         5569    i.W25QXX_Read       w25qxx.o
    0x0800df64   0x0800df64   0x00000040   Code   RO         5572    i.W25QXX_Wait_Busy  w25qxx.o
    0x0800dfa4   0x0800dfa4   0x000001c4   Code   RO         5573    i.W25QXX_Write      w25qxx.o
    0x0800e168   0x0800e168   0x00000020   Code   RO         7707    i.__0printf$8       mc_w.l(printf8.o)
    0x0800e188   0x0800e188   0x00000028   Code   RO         7709    i.__0sprintf$8      mc_w.l(printf8.o)
    0x0800e1b0   0x0800e1b0   0x0000000a   Code   RO         6348    i.__ARM_common_memclr4_10  usmart_str.o
    0x0800e1ba   0x0800e1ba   0x0000000e   Code   RO         7806    i.__scatterload_copy  mc_w.l(handlers.o)
    0x0800e1c8   0x0800e1c8   0x00000002   Code   RO         7807    i.__scatterload_null  mc_w.l(handlers.o)
    0x0800e1ca   0x0800e1ca   0x0000000e   Code   RO         7808    i.__scatterload_zeroinit  mc_w.l(handlers.o)
    0x0800e1d8   0x0800e1d8   0x00000404   Code   RO         7714    i._printf_core      mc_w.l(printf8.o)
    0x0800e5dc   0x0800e5dc   0x00000024   Code   RO         7715    i._printf_post_padding  mc_w.l(printf8.o)
    0x0800e600   0x0800e600   0x0000002e   Code   RO         7716    i._printf_pre_padding  mc_w.l(printf8.o)
    0x0800e62e   0x0800e62e   0x0000000a   Code   RO         7718    i._sputc            mc_w.l(printf8.o)
    0x0800e638   0x0800e638   0x000001c8   Code   RO         7280    i.bmp_encode        bmp.o
    0x0800e800   0x0800e800   0x00000070   Code   RO            4    i.camera_new_pathname  main.o
    0x0800e870   0x0800e870   0x000001cc   Code   RO         6461    i.create_chain      ff.o
    0x0800ea3c   0x0800ea3c   0x00000014   Code   RO         4598    i.delay_init        delay.o
    0x0800ea50   0x0800ea50   0x00000048   Code   RO         4599    i.delay_ms          delay.o
    0x0800ea98   0x0800ea98   0x00000038   Code   RO         4600    i.delay_us          delay.o
    0x0800ead0   0x0800ead0   0x00000278   Code   RO         6462    i.dir_find          ff.o
    0x0800ed48   0x0800ed48   0x00000188   Code   RO         6463    i.dir_next          ff.o
    0x0800eed0   0x0800eed0   0x00000264   Code   RO         6464    i.dir_read          ff.o
    0x0800f134   0x0800f134   0x00000500   Code   RO         6465    i.dir_register      ff.o
    0x0800f634   0x0800f634   0x000000a8   Code   RO         6466    i.dir_sdi           ff.o
    0x0800f6dc   0x0800f6dc   0x00000028   Code   RO         6737    i.disk_initialize   diskio.o
    0x0800f704   0x0800f704   0x000000bc   Code   RO         6738    i.disk_ioctl        diskio.o
    0x0800f7c0   0x0800f7c0   0x0000006c   Code   RO         6739    i.disk_read         diskio.o
    0x0800f82c   0x0800f82c   0x00000004   Code   RO         6740    i.disk_status       diskio.o
    0x0800f830   0x0800f830   0x0000006c   Code   RO         6741    i.disk_write        diskio.o
    0x0800f89c   0x0800f89c   0x0000006c   Code   RO         6809    i.exfuns_init       exfuns.o
    0x0800f908   0x0800f908   0x00000020   Code   RO         6467    i.f_close           ff.o
    0x0800f928   0x0800f928   0x000002b8   Code   RO         6473    i.f_mkdir           ff.o
    0x0800fbe0   0x0800fbe0   0x0000007c   Code   RO         6475    i.f_mount           ff.o
    0x0800fc5c   0x0800fc5c   0x00000328   Code   RO         6476    i.f_open            ff.o
    0x0800ff84   0x0800ff84   0x000001fa   Code   RO         6486    i.f_sync            ff.o
    0x0801017e   0x0801017e   0x0000023a   Code   RO         6489    i.f_write           ff.o
    0x080103b8   0x080103b8   0x00000088   Code   RO         7039    i.ff_convert        mycc936.o
    0x08010440   0x08010440   0x00000008   Code   RO         6742    i.ff_memalloc       diskio.o
    0x08010448   0x08010448   0x00000008   Code   RO         6743    i.ff_memfree        diskio.o
    0x08010450   0x08010450   0x00000028   Code   RO         7040    i.ff_wtoupper       mycc936.o
    0x08010478   0x08010478   0x00000630   Code   RO         6490    i.find_volume       ff.o
    0x08010aa8   0x08010aa8   0x00000364   Code   RO         6491    i.follow_path       ff.o
    0x08010e0c   0x08010e0c   0x0000003c   Code   RO         7111    i.font_init         fontupd.o
    0x08010e48   0x08010e48   0x00000014   Code   RO         4689    i.fputc             usart.o
    0x08010e5c   0x08010e5c   0x00000166   Code   RO         6492    i.get_fat           ff.o
    0x08010fc2   0x08010fc2   0x00000004   Code   RO         6744    i.get_fattime       diskio.o
    0x08010fc6   0x08010fc6   0x00000002   PAD
    0x08010fc8   0x08010fc8   0x00000110   Code   RO            5    i.jpeg_data_process  main.o
    0x080110d8   0x080110d8   0x00000124   Code   RO            6    i.jpeg_dcmi_rx_callback  main.o
    0x080111fc   0x080111fc   0x00000068   Code   RO         6494    i.ld_qword          ff.o
    0x08011264   0x08011264   0x000000f2   Code   RO         6495    i.load_xdir         ff.o
    0x08011356   0x08011356   0x00000002   PAD
    0x08011358   0x08011358   0x00000778   Code   RO            7    i.main              main.o
    0x08011ad0   0x08011ad0   0x00000056   Code   RO         6496    i.mem_cpy           ff.o
    0x08011b26   0x08011b26   0x00000038   Code   RO         6497    i.mem_set           ff.o
    0x08011b5e   0x08011b5e   0x00000036   Code   RO         6498    i.move_window       ff.o
    0x08011b94   0x08011b94   0x0000003c   Code   RO         6384    i.my_mem_init       malloc.o
    0x08011bd0   0x08011bd0   0x000000cc   Code   RO         6385    i.my_mem_malloc     malloc.o
    0x08011c9c   0x08011c9c   0x00000040   Code   RO         6386    i.my_mem_perused    malloc.o
    0x08011cdc   0x08011cdc   0x00000080   Code   RO         6387    i.myfree            malloc.o
    0x08011d5c   0x08011d5c   0x00000024   Code   RO         6388    i.mymalloc          malloc.o
    0x08011d80   0x08011d80   0x00000026   Code   RO         6390    i.mymemset          malloc.o
    0x08011da6   0x08011da6   0x00000002   PAD
    0x08011da8   0x08011da8   0x000001d0   Code   RO            8    i.ov2640_jpg_photo  main.o
    0x08011f78   0x08011f78   0x00000008   Code   RO         7319    i.pic_memalloc      piclib.o
    0x08011f80   0x08011f80   0x00000008   Code   RO         7320    i.pic_memfree       piclib.o
    0x08011f88   0x08011f88   0x00000138   Code   RO         6499    i.put_fat           ff.o
    0x080120c0   0x080120c0   0x00000004   Code   RO         6193    i.read_addr         usmart.o
    0x080120c4   0x080120c4   0x00000152   Code   RO         6501    i.remove_chain      ff.o
    0x08012216   0x08012216   0x00000002   PAD
    0x08012218   0x08012218   0x00000064   Code   RO            9    i.rgblcd_dcmi_rx_callback  main.o
    0x0801227c   0x0801227c   0x00000038   Code   RO         6502    i.st_qword          ff.o
    0x080122b4   0x080122b4   0x0000009a   Code   RO         6503    i.store_xdir        ff.o
    0x0801234e   0x0801234e   0x000000b6   Code   RO         6504    i.sync_fs           ff.o
    0x08012404   0x08012404   0x00000054   Code   RO         6505    i.sync_window       ff.o
    0x08012458   0x08012458   0x00000028   Code   RO         4690    i.uart_init         usart.o
    0x08012480   0x08012480   0x000000b0   Code   RO         6194    i.usmart_cmd_rec    usmart.o
    0x08012530   0x08012530   0x000002e4   Code   RO         6195    i.usmart_exe        usmart.o
    0x08012814   0x08012814   0x000000b6   Code   RO         6278    i.usmart_get_aparm  usmart_str.o
    0x080128ca   0x080128ca   0x00000002   PAD
    0x080128cc   0x080128cc   0x0000004a   Code   RO         6279    i.usmart_get_cmdname  usmart_str.o
    0x08012916   0x08012916   0x00000002   PAD
    0x08012918   0x08012918   0x000001b8   Code   RO         6280    i.usmart_get_fname  usmart_str.o
    0x08012ad0   0x08012ad0   0x00000310   Code   RO         6281    i.usmart_get_fparam  usmart_str.o
    0x08012de0   0x08012de0   0x00000058   Code   RO         6282    i.usmart_get_parmpos  usmart_str.o
    0x08012e38   0x08012e38   0x0000006c   Code   RO         6197    i.usmart_init       usmart.o
    0x08012ea4   0x08012ea4   0x000000ac   Code   RO         6199    i.usmart_scan       usmart.o
    0x08012f50   0x08012f50   0x00000116   Code   RO         6285    i.usmart_str2num    usmart_str.o
    0x08013066   0x08013066   0x0000001a   Code   RO         6286    i.usmart_strcmp     usmart_str.o
    0x08013080   0x08013080   0x0000069c   Code   RO         6200    i.usmart_sys_cmd_exe  usmart.o
    0x0801371c   0x0801371c   0x00000036   Code   RO         6506    i.validate          ff.o
    0x08013752   0x08013752   0x00000004   Code   RO         6201    i.write_addr        usmart.o
    0x08013756   0x08013756   0x00000010   Data   RO          494    .constdata          system_stm32f7xx.o
    0x08013766   0x08013766   0x00000008   Data   RO          495    .constdata          system_stm32f7xx.o
    0x0801376e   0x0801376e   0x00000008   Data   RO          959    .constdata          stm32f7xx_hal_dma.o
    0x08013776   0x08013776   0x00004740   Data   RO         4895    .constdata          lcd.o
    0x08017eb6   0x08017eb6   0x000001c6   Data   RO         6028    .constdata          ov2640.o
    0x0801807c   0x0801807c   0x00000024   Data   RO         6398    .constdata          malloc.o
    0x080180a0   0x080180a0   0x0000004a   Data   RO         6508    .constdata          ff.o
    0x080180ea   0x080180ea   0x000003c0   Data   RO         7041    .constdata          mycc936.o
    0x080184aa   0x080184aa   0x00000002   PAD
    0x080184ac   0x080184ac   0x00000028   Data   RO         6203    .conststring        usmart.o
    0x080184d4   0x080184d4   0x00000329   Data   RO         6357    .conststring        usmart_config.o
    0x080187fd   0x080187fd   0x00000003   PAD
    0x08018800   0x08018800   0x00000020   Data   RO         7804    Region$$Table       anon$$obj.o


    Execution Region RW_IRAM1 (Exec base: 0x20020000, Load base: 0x08018820, Size: 0x000518e8, Max: 0x00060000, ABSOLUTE, COMPRESSED[0x000000e8])

    Exec Addr    Load Addr    Size         Type   Attr      Idx    E Section Name        Object

    0x20020000   COMPRESSED   0x00000018   Data   RW           12    .data               main.o
    0x20020018   COMPRESSED   0x00000004   Data   RW          496    .data               system_stm32f7xx.o
    0x2002001c   COMPRESSED   0x00000004   Data   RW          683    .data               stm32f7xx_hal.o
    0x20020020   COMPRESSED   0x00000004   Data   RW         4601    .data               delay.o
    0x20020024   COMPRESSED   0x00000002   Data   RW         4692    .data               usart.o
    0x20020026   COMPRESSED   0x00000002   PAD
    0x20020028   COMPRESSED   0x00000004   Data   RW         4693    .data               usart.o
    0x2002002c   COMPRESSED   0x00000001   Data   RW         4773    .data               key.o
    0x2002002d   COMPRESSED   0x00000003   PAD
    0x20020030   COMPRESSED   0x00000008   Data   RW         4896    .data               lcd.o
    0x20020038   COMPRESSED   0x00000008   Data   RW         5102    .data               ltdc.o
    0x20020040   COMPRESSED   0x00000004   Data   RW         5208    .data               ftl.o
    0x20020044   COMPRESSED   0x00000004   Data   RW         5580    .data               w25qxx.o
    0x20020048   COMPRESSED   0x00000008   Data   RW         5739    .data               dcmi.o
    0x20020050   COMPRESSED   0x0000001c   Data   RW         6204    .data               usmart.o
    0x2002006c   COMPRESSED   0x000000a0   Data   RW         6358    .data               usmart_config.o
    0x2002010c   COMPRESSED   0x000000f4   Data   RW         6359    .data               usmart_config.o
    0x20020200   COMPRESSED   0x00000024   Data   RW         6399    .data               malloc.o
    0x20020224   COMPRESSED   0x00000002   Data   RW         6509    .data               ff.o
    0x20020226   COMPRESSED   0x00000002   PAD
    0x20020228   COMPRESSED   0x0000000c   Data   RW         6816    .data               exfuns.o
    0x20020234   COMPRESSED   0x00000004   Data   RW         6818    .data               exfuns.o
    0x20020238        -       0x00000138   Zero   RW         4691    .bss                usart.o
    0x20020370        -       0x00000034   Zero   RW         4808    .bss                sdram.o
    0x200203a4        -       0x0000005a   Zero   RW         4894    .bss                lcd.o
    0x200203fe   COMPRESSED   0x00000002   PAD
    0x20020400        -       0x000000c8   Zero   RW         5100    .bss                ltdc.o
    0x200204c8        -       0x00000094   Zero   RW         5320    .bss                nand.o
    0x2002055c   COMPRESSED   0x00000004   PAD
    0x20020560        -       0x000002b8   Zero   RW         5513    .bss                sdmmc_sdcard.o
    0x20020818        -       0x00001000   Zero   RW         5579    .bss                w25qxx.o
    0x20021818        -       0x00000044   Zero   RW         5679    .bss                qspi.o
    0x2002185c        -       0x000000b0   Zero   RW         5738    .bss                dcmi.o
    0x2002190c        -       0x0000003c   Zero   RW         5928    .bss                timer.o
    0x20021948        -       0x0000003c   Zero   RW         6202    .bss                usmart.o
    0x20021984   COMPRESSED   0x0000001c   PAD
    0x200219a0        -       0x0004b000   Zero   RW         6396    .bss                malloc.o
    0x2006c9a0        -       0x00004b00   Zero   RW         6397    .bss                malloc.o
    0x200714a0        -       0x0000000c   Zero   RW         6507    .bss                ff.o
    0x200714ac        -       0x0000000c   Zero   RW         6811    .bss                exfuns.o
    0x200714b8        -       0x00000029   Zero   RW         7115    .bss                fontupd.o
    0x200714e1   COMPRESSED   0x00000007   PAD
    0x200714e8        -       0x00000400   Zero   RW          648    STACK               startup_stm32f767xx.o



  Load Region LR$$.ARM.__AT_0x20000000 (Base: 0x20000000, Size: 0x00000000, Max: 0x0000f000, ABSOLUTE)

    Execution Region ER$$.ARM.__AT_0x20000000 (Exec base: 0x20000000, Load base: 0x20000000, Size: 0x0000f000, Max: 0x0000f000, ABSOLUTE, UNINIT)

    Exec Addr    Load Addr    Size         Type   Attr      Idx    E Section Name        Object

    0x20000000        -       0x0000f000   Zero   RW         6392    .ARM.__AT_0x20000000  malloc.o



  Load Region LR$$.ARM.__AT_0x2000F000 (Base: 0x2000f000, Size: 0x00000000, Max: 0x00000f00, ABSOLUTE)

    Execution Region ER$$.ARM.__AT_0x2000F000 (Exec base: 0x2000f000, Load base: 0x2000f000, Size: 0x00000f00, Max: 0x00000f00, ABSOLUTE, UNINIT)

    Exec Addr    Load Addr    Size         Type   Attr      Idx    E Section Name        Object

    0x2000f000        -       0x00000f00   Zero   RW         6393    .ARM.__AT_0x2000F000  malloc.o



  Load Region LR$$.ARM.__AT_0xC0000000 (Base: 0xc0000000, Size: 0x00000000, Max: 0x001f4000, ABSOLUTE)

    Execution Region ER$$.ARM.__AT_0xC0000000 (Exec base: 0xc0000000, Load base: 0xc0000000, Size: 0x001f4000, Max: 0x001f4000, ABSOLUTE, UNINIT)

    Exec Addr    Load Addr    Size         Type   Attr      Idx    E Section Name        Object

    0xc0000000        -       0x001f4000   Zero   RW         5099    .ARM.__AT_0xC0000000  ltdc.o



  Load Region LR$$.ARM.__AT_0xC01F4000 (Base: 0xc01f4000, Size: 0x00000000, Max: 0x01c3c000, ABSOLUTE)

    Execution Region ER$$.ARM.__AT_0xC01F4000 (Exec base: 0xc01f4000, Load base: 0xc01f4000, Size: 0x01c3c000, Max: 0x01c3c000, ABSOLUTE, UNINIT)

    Exec Addr    Load Addr    Size         Type   Attr      Idx    E Section Name        Object

    0xc01f4000        -       0x01c3c000   Zero   RW         6394    .ARM.__AT_0xC01F4000  malloc.o



  Load Region LR$$.ARM.__AT_0xC1E30000 (Base: 0xc1e30000, Size: 0x00000000, Max: 0x001c3c00, ABSOLUTE)

    Execution Region ER$$.ARM.__AT_0xC1E30000 (Exec base: 0xc1e30000, Load base: 0xc1e30000, Size: 0x001c3c00, Max: 0x001c3c00, ABSOLUTE, UNINIT)

    Exec Addr    Load Addr    Size         Type   Attr      Idx    E Section Name        Object

    0xc1e30000        -       0x001c3c00   Zero   RW         6395    .ARM.__AT_0xC1E30000  malloc.o


==============================================================================

Image component sizes


      Code (inc. data)   RO Data    RW Data    ZI Data      Debug   Object Name

       456         10          0          0          0       2481   bmp.o
       984        154          0          8        176       9751   dcmi.o
       148         14          0          4          0       3711   delay.o
       468         10          0          0          0       7799   diskio.o
       108         10          0         16         12       2913   exfuns.o
     10812         78         74          2         12      66510   ff.o
        60          4          0          0         41       3079   fontupd.o
      2200        270          0          4          0      12339   ftl.o
       364         34          0          1          0       2450   key.o
     23710        228      18240          8         90     107766   lcd.o
        76          8          0          0          0       1303   led.o
      1684        138          0          8    2048200      12852   ltdc.o
      3152        554          0         24          0     547417   main.o
       530         52         36         36   31847936       8717   malloc.o
       324         66          0          0          0      34496   mpu.o
       176         16        960          0          0       2643   mycc936.o
       764         30          0          0          0       5790   myiic.o
      3558        312          0          0        148      23259   nand.o
      1354         68        454          0          0      15901   ov2640.o
       206         10          0          0          0       2729   pcf8574.o
        16          0          0          0          0       1453   piclib.o
       364         44          0          0         68       5317   qspi.o
       824         24          0          0          0       4835   sccb.o
       472         44          0          0        696       5343   sdmmc_sdcard.o
       460         40          0          0         52       4268   sdram.o
        36          8        504          0       1024        992   startup_stm32f767xx.o
       128         22          0          4          0       6073   stm32f7xx_hal.o
       314         18          0          0          0      38308   stm32f7xx_hal_cortex.o
       434         10          0          0          0       7741   stm32f7xx_hal_dcmi.o
       668         22          8          0          0       5787   stm32f7xx_hal_dma.o
       124          0          0          0          0       2109   stm32f7xx_hal_dma_ex.o
       628         20          0          0          0       4896   stm32f7xx_hal_gpio.o
      1024          6          0          0          0       6093   stm32f7xx_hal_ltdc.o
        82          0          0          0          0       1819   stm32f7xx_hal_nand.o
       124          8          0          0          0       1704   stm32f7xx_hal_pwr_ex.o
      1418          4          0          0          0       9218   stm32f7xx_hal_qspi.o
       772         76          0          0          0       5166   stm32f7xx_hal_rcc.o
      2956         66          0          0          0       4412   stm32f7xx_hal_rcc_ex.o
      4040         10          0          0          0      20557   stm32f7xx_hal_sd.o
       148          0          0          0          0       3660   stm32f7xx_hal_sdram.o
        86          0          0          0          0       1672   stm32f7xx_hal_sram.o
       666         20          0          0          0       9459   stm32f7xx_hal_tim.o
         4          0          0          0          0       2534   stm32f7xx_hal_tim_ex.o
      2278         42          0          0          0      13551   stm32f7xx_hal_uart.o
        18          0          0          0          0       5322   stm32f7xx_it.o
       814         20          0          0          0      10745   stm32f7xx_ll_fmc.o
       182          0          0          0          0       8494   stm32f7xx_ll_sdmmc.o
       292         24          0          0          0      35065   sys.o
        96         20         24          4          0       1831   system_stm32f7xx.o
       636         12          0          0          0       4593   text.o
       136         54          0          0         60       3373   timer.o
       320         36          0          6        312       5643   usart.o
      2948       1342         40         28         60       9411   usmart.o
         0          0        809        404          0       2280   usmart_config.o
      1882         22          0          0          0      12795   usmart_str.o
       932         24          0          4       4096       8190   w25qxx.o

    ----------------------------------------------------------------------
     77518       4104      21186        568   33903024    1148615   Object Totals
         0          0         32          0          0          0   (incl. Generated)
        62          0          5          7         41          0   (incl. Padding)

    ----------------------------------------------------------------------

      Code (inc. data)   RO Data    RW Data    ZI Data      Debug   Library Member Name

        86          0          0          0          0          0   __dczerorl2.o
         0          0          0          0          0          0   entry.o
         0          0          0          0          0          0   entry10a.o
         0          0          0          0          0          0   entry11a.o
         4          0          0          0          0          0   entry12b.o
         8          4          0          0          0          0   entry2.o
         4          0          0          0          0          0   entry5.o
         0          0          0          0          0          0   entry7b.o
         0          0          0          0          0          0   entry8b.o
         8          4          0          0          0          0   entry9a.o
        30          0          0          0          0          0   handlers.o
        36          8          0          0          0         68   init.o
         0          0          0          0          0          0   iusefp.o
        30          0          0          0          0         68   llshl.o
        32          0          0          0          0         68   llushr.o
        64          0          0          0          0         76   memmovea.o
        36          0          0          0          0        108   memseta.o
      1192         60          0          0          0        504   printf8.o
        98          0          0          0          0         92   uldiv.o
        50          0          0          0          0         76   dfixui.o

    ----------------------------------------------------------------------
      1680         76          0          0          0       1060   Library Totals
         2          0          0          0          0          0   (incl. Padding)

    ----------------------------------------------------------------------

      Code (inc. data)   RO Data    RW Data    ZI Data      Debug   Library Name

      1628         76          0          0          0        984   mc_w.l
        50          0          0          0          0         76   mf_w.l

    ----------------------------------------------------------------------
      1680         76          0          0          0       1060   Library Totals

    ----------------------------------------------------------------------

==============================================================================


      Code (inc. data)   RO Data    RW Data    ZI Data      Debug   

     79198       4180      21186        568   33903024    1120339   Grand Totals
     79198       4180      21186        232   33903024    1120339   ELF Image Totals (compressed)
     79198       4180      21186        232          0          0   ROM Totals

==============================================================================

    Total RO  Size (Code + RO Data)               100384 (  98.03kB)
    Total RW  Size (RW Data + ZI Data)          33903592 (33108.98kB)
    Total ROM Size (Code + RO Data + RW Data)     100616 (  98.26kB)

==============================================================================

