Component: ARM Compiler 5.06 update 7 (build 960) Tool: armlink [4d3601]

==============================================================================

Section Cross References

    startup_stm32f767xx.o(RESET) refers to startup_stm32f767xx.o(STACK) for __initial_sp
    startup_stm32f767xx.o(RESET) refers to startup_stm32f767xx.o(.text) for Reset_Handler
    startup_stm32f767xx.o(RESET) refers to stm32f7xx_it.o(i.NMI_Handler) for NMI_Handler
    startup_stm32f767xx.o(RESET) refers to stm32f7xx_it.o(i.HardFault_Handler) for HardFault_Handler
    startup_stm32f767xx.o(RESET) refers to stm32f7xx_it.o(i.MemManage_Handler) for MemManage_Handler
    startup_stm32f767xx.o(RESET) refers to stm32f7xx_it.o(i.BusFault_Handler) for BusFault_Handler
    startup_stm32f767xx.o(RESET) refers to stm32f7xx_it.o(i.UsageFault_Handler) for UsageFault_Handler
    startup_stm32f767xx.o(RESET) refers to stm32f7xx_it.o(i.SVC_Handler) for SVC_Handler
    startup_stm32f767xx.o(RESET) refers to stm32f7xx_it.o(i.DebugMon_Handler) for DebugMon_Handler
    startup_stm32f767xx.o(RESET) refers to stm32f7xx_it.o(i.PendSV_Handler) for PendSV_Handler
    startup_stm32f767xx.o(RESET) refers to stm32f7xx_it.o(i.SysTick_Handler) for SysTick_Handler
    startup_stm32f767xx.o(RESET) refers to stm32f7xx_it.o(i.USART1_IRQHandler) for USART1_IRQHandler
    startup_stm32f767xx.o(.text) refers to system_stm32f7xx.o(i.SystemInit) for SystemInit
    startup_stm32f767xx.o(.text) refers to entry.o(.ARM.Collect$$$$00000000) for __main
    network.o(i.ai_network_create) refers to ai_platform_interface.o(i.ai_platform_network_create) for ai_platform_network_create
    network.o(i.ai_network_create) refers to network.o(.data) for .data
    network.o(i.ai_network_destroy) refers to ai_platform_interface.o(i.ai_platform_network_destroy) for ai_platform_network_destroy
    network.o(i.ai_network_forward) refers to ai_platform_interface.o(i.ai_platform_network_process) for ai_platform_network_process
    network.o(i.ai_network_get_error) refers to ai_platform_interface.o(i.ai_platform_network_get_error) for ai_platform_network_get_error
    network.o(i.ai_network_get_info) refers to ai_platform_interface.o(i.ai_platform_context_acquire) for ai_platform_context_acquire
    network.o(i.ai_network_get_info) refers to memcpya.o(.text) for __aeabi_memcpy4
    network.o(i.ai_network_get_info) refers to ai_platform_interface.o(i.ai_platform_runtime_get_revision) for ai_platform_runtime_get_revision
    network.o(i.ai_network_get_info) refers to ai_platform_interface.o(i.ai_platform_runtime_get_version) for ai_platform_runtime_get_version
    network.o(i.ai_network_get_info) refers to ai_platform_interface.o(i.ai_platform_api_get_version) for ai_platform_api_get_version
    network.o(i.ai_network_get_info) refers to ai_platform_interface.o(i.ai_platform_interface_api_get_version) for ai_platform_interface_api_get_version
    network.o(i.ai_network_get_info) refers to ai_platform_interface.o(i.ai_platform_api_get_network_report) for ai_platform_api_get_network_report
    network.o(i.ai_network_get_info) refers to network.o(.constdata) for .constdata
    network.o(i.ai_network_init) refers to ai_platform_interface.o(i.ai_platform_network_init) for ai_platform_network_init
    network.o(i.ai_network_init) refers to network.o(i.network_configure_weights) for network_configure_weights
    network.o(i.ai_network_init) refers to network.o(i.network_configure_activations) for network_configure_activations
    network.o(i.ai_network_init) refers to ai_platform_interface.o(i.ai_platform_network_post_init) for ai_platform_network_post_init
    network.o(i.ai_network_run) refers to ai_platform_interface.o(i.ai_platform_network_process) for ai_platform_network_process
    network.o(i.network_configure_activations) refers to network.o(.data) for .data
    network.o(i.network_configure_weights) refers to network.o(.data) for .data
    network.o(.constdata) refers to network.o(.data) for <Data49>
    network.o(.constdata) refers to network.o(.data) for <Data56>
    network.o(.constdata) refers to network.o(.data) for <Data63>
    network.o(.constdata) refers to network.o(.data) for <Data68>
    network.o(.constdata) refers to network.o(.data) for <Data73>
    network.o(.constdata) refers to network.o(.data) for <Data78>
    network.o(.constdata) refers to network.o(.data) for <Data83>
    network.o(.constdata) refers to network.o(.data) for <Data88>
    network.o(.constdata) refers to network.o(.conststring) for .conststring
    network.o(.data) refers to network.o(.data) for input_0_output
    network.o(.data) refers to network.o(.data) for conv2d_1_output
    network.o(.data) refers to network.o(.data) for conv2d_1_weights
    network.o(.data) refers to network.o(.data) for conv2d_1_bias
    network.o(.data) refers to network.o(.data) for conv2d_1_scratch0
    network.o(.data) refers to network.o(.data) for <Data45>
    network.o(.data) refers to network.o(.data) for <Data46>
[...]
    <Data42>                                 0x20000290   Data          16  network.o(.data)
    .data                                    0x200002a0   Section       16  network.o(.data)
    <Data43>                                 0x200002a0   Data          16  network.o(.data)
    .data                                    0x200002b0   Section       16  network.o(.data)
    <Data44>                                 0x200002b0   Data          16  network.o(.data)
    .data                                    0x200002c0   Section        4  network.o(.data)
    <Data45>                                 0x200002c0   Data           4  network.o(.data)
    .data                                    0x200002c4   Section        4  network.o(.data)
    <Data46>                                 0x200002c4   Data           4  network.o(.data)
    .data                                    0x200002c8   Section       12  network.o(.data)
    <Data47>                                 0x200002c8   Data          12  network.o(.data)
    .data                                    0x200002d4   Section        4  network.o(.data)
    <Data48>                                 0x200002d4   Data           4  network.o(.data)
    .data                                    0x200002d8   Section       48  network.o(.data)
    <Data49>                                 0x200002d8   Data          48  network.o(.data)
    .data                                    0x20000308   Section       16  network.o(.data)
    <Data50>                                 0x20000308   Data          16  network.o(.data)
    .data                                    0x20000318   Section        4  network.o(.data)
    <Data52>                                 0x20000318   Data           4  network.o(.data)
    .data                                    0x2000031c   Section        4  network.o(.data)
    <Data53>                                 0x2000031c   Data           4  network.o(.data)
    .data                                    0x20000320   Section       12  network.o(.data)
    <Data54>                                 0x20000320   Data          12  network.o(.data)
    .data                                    0x2000032c   Section        4  network.o(.data)
    <Data55>                                 0x2000032c   Data           4  network.o(.data)
    .data                                    0x20000330   Section       48  network.o(.data)
    <Data56>                                 0x20000330   Data          48  network.o(.data)
    .data                                    0x20000360   Section        4  network.o(.data)
    <Data59>                                 0x20000360   Data           4  network.o(.data)
    .data                                    0x20000364   Section        4  network.o(.data)
    <Data60>                                 0x20000364   Data           4  network.o(.data)
    .data                                    0x20000368   Section        8  network.o(.data)
    <Data61>                                 0x20000368   Data           8  network.o(.data)
    .data                                    0x20000370   Section        4  network.o(.data)
    <Data62>                                 0x20000370   Data           4  network.o(.data)
    .data                                    0x20000374   Section       48  network.o(.data)
    <Data63>                                 0x20000374   Data          48  network.o(.data)
    .data                                    0x200003a4   Section        4  network.o(.data)
    <Data64>                                 0x200003a4   Data           4  network.o(.data)
    .data                                    0x200003a8   Section        4  network.o(.data)
    <Data65>                                 0x200003a8   Data           4  network.o(.data)
    .data                                    0x200003ac   Section        4  network.o(.data)
    <Data66>                                 0x200003ac   Data           4  network.o(.data)
    .data                                    0x200003b0   Section        4  network.o(.data)
    <Data67>                                 0x200003b0   Data           4  network.o(.data)
    .data                                    0x200003b4   Section       48  network.o(.data)
    <Data68>                                 0x200003b4   Data          48  network.o(.data)
    .data                                    0x200003e4   Section        4  network.o(.data)
    <Data69>                                 0x200003e4   Data           4  network.o(.data)
    .data                                    0x200003e8   Section        4  network.o(.data)
    <Data70>                                 0x200003e8   Data           4  network.o(.data)
    .data                                    0x200003ec   Section        8  network.o(.data)
    <Data71>                                 0x200003ec   Data           8  network.o(.data)
    .data                                    0x200003f4   Section        4  network.o(.data)
    <Data72>                                 0x200003f4   Data           4  network.o(.data)
    .data                                    0x200003f8   Section       48  network.o(.data)
    <Data73>                                 0x200003f8   Data          48  network.o(.data)
    .data                                    0x20000428   Section        4  network.o(.data)
    <Data74>                                 0x20000428   Data           4  network.o(.data)
    .data                                    0x2000042c   Section        4  network.o(.data)
    <Data75>                                 0x2000042c   Data           4  network.o(.data)
    .data                                    0x20000430   Section        4  network.o(.data)
    <Data76>                                 0x20000430   Data           4  network.o(.data)
    .data                                    0x20000434   Section        4  network.o(.data)
    <Data77>                                 0x20000434   Data           4  network.o(.data)
    .data                                    0x20000438   Section       48  network.o(.data)
    <Data78>                                 0x20000438   Data          48  network.o(.data)
    .data                                    0x20000468   Section        4  network.o(.data)
    <Data79>                                 0x20000468   Data           4  network.o(.data)
    .data                                    0x2000046c   Section        4  network.o(.data)
    <Data80>                                 0x2000046c   Data           4  network.o(.data)
    .data                                    0x20000470   Section        8  network.o(.data)
    <Data81>                                 0x20000470   Data           8  network.o(.data)
    .data                                    0x20000478   Section        4  network.o(.data)
    <Data82>                                 0x20000478   Data           4  network.o(.data)
    .data                                    0x2000047c   Section       48  network.o(.data)
    <Data83>                                 0x2000047c   Data          48  network.o(.data)
    .data                                    0x200004ac   Section        4  network.o(.data)
    <Data84>                                 0x200004ac   Data           4  network.o(.data)
    .data                                    0x200004b0   Section        4  network.o(.data)
    <Data85>                                 0x200004b0   Data           4  network.o(.data)
    .data                                    0x200004b4   Section        4  network.o(.data)
    <Data86>                                 0x200004b4   Data           4  network.o(.data)
    .data                                    0x200004b8   Section        4  network.o(.data)
    <Data87>                                 0x200004b8   Data           4  network.o(.data)
    .data                                    0x200004bc   Section       48  network.o(.data)
    <Data88>                                 0x200004bc   Data          48  network.o(.data)
    .data                                    0x200004ec   Section        4  network.o(.data)
    <Data89>                                 0x200004ec   Data           4  network.o(.data)
    .data                                    0x200004f0   Section        8  network.o(.data)
    <Data92>                                 0x200004f0   Data           8  network.o(.data)
    .data                                    0x200004f8   Section       12  network.o(.data)
    <Data93>                                 0x200004f8   Data          12  network.o(.data)
    .data                                    0x20000504   Section        4  network.o(.data)
    <Data94>                                 0x20000504   Data           4  network.o(.data)
    .data                                    0x20000508   Section        8  network.o(.data)
    <Data97>                                 0x20000508   Data           8  network.o(.data)
    .data                                    0x20000510   Section       12  network.o(.data)
    <Data98>                                 0x20000510   Data          12  network.o(.data)
    .data                                    0x2000051c   Section       24  network.o(.data)
    <Data99>                                 0x2000051c   Data          24  network.o(.data)
    .data                                    0x20000534   Section      432  network.o(.data)
    conv2d_2_scratch0_array                  0x20000534   Data          16  network.o(.data)
    conv2d_1_scratch0_array                  0x20000544   Data          16  network.o(.data)
    dense_3_bias_array                       0x20000554   Data          16  network.o(.data)
    dense_3_weights_array                    0x20000564   Data          16  network.o(.data)
    dense_2_bias_array                       0x20000574   Data          16  network.o(.data)
    dense_2_weights_array                    0x20000584   Data          16  network.o(.data)
    dense_1_bias_array                       0x20000594   Data          16  network.o(.data)
    dense_1_weights_array                    0x200005a4   Data          16  network.o(.data)
    conv2d_2_bias_array                      0x200005b4   Data          16  network.o(.data)
    conv2d_2_weights_array                   0x200005c4   Data          16  network.o(.data)
    conv2d_1_bias_array                      0x200005d4   Data          16  network.o(.data)
    conv2d_1_weights_array                   0x200005e4   Data          16  network.o(.data)
    input_0_output_array                     0x200005f4   Data          16  network.o(.data)
    conv2d_1_output_array                    0x20000604   Data          16  network.o(.data)
    conv2d_2_output_array                    0x20000614   Data          16  network.o(.data)
    dense_1_output_array                     0x20000624   Data          16  network.o(.data)
    dense_1_nl_output_array                  0x20000634   Data          16  network.o(.data)
    dense_2_output_array                     0x20000644   Data          16  network.o(.data)
    dense_2_nl_output_array                  0x20000654   Data          16  network.o(.data)
    dense_3_output_array                     0x20000664   Data          16  network.o(.data)
    dense_3_nl_output_array                  0x20000674   Data          16  network.o(.data)
    g_network                                0x20000684   Data          96  network.o(.data)
    .data                                    0x200006e4   Section       28  network.o(.data)
    conv2d_2_scratch0                        0x200006e4   Data          28  network.o(.data)
    .data                                    0x20000700   Section       28  network.o(.data)
    conv2d_1_scratch0                        0x20000700   Data          28  network.o(.data)
    .data                                    0x2000071c   Section       28  network.o(.data)
    dense_3_bias                             0x2000071c   Data          28  network.o(.data)
    .data                                    0x20000738   Section       28  network.o(.data)
    dense_3_weights                          0x20000738   Data          28  network.o(.data)
    .data                                    0x20000754   Section       28  network.o(.data)
    dense_2_bias                             0x20000754   Data          28  network.o(.data)
    .data                                    0x20000770   Section       28  network.o(.data)
    dense_2_weights                          0x20000770   Data          28  network.o(.data)
    .data                                    0x2000078c   Section       28  network.o(.data)
    dense_1_bias                             0x2000078c   Data          28  network.o(.data)
    .data                                    0x200007a8   Section       28  network.o(.data)
    dense_1_weights                          0x200007a8   Data          28  network.o(.data)
    .data                                    0x200007c4   Section       28  network.o(.data)
    conv2d_2_bias                            0x200007c4   Data          28  network.o(.data)
    .data                                    0x200007e0   Section       28  network.o(.data)
    conv2d_2_weights                         0x200007e0   Data          28  network.o(.data)
    .data                                    0x200007fc   Section       28  network.o(.data)
    conv2d_1_bias                            0x200007fc   Data          28  network.o(.data)
    .data                                    0x20000818   Section       28  network.o(.data)
    conv2d_1_weights                         0x20000818   Data          28  network.o(.data)
    .data                                    0x20000834   Section       28  network.o(.data)
    input_0_output                           0x20000834   Data          28  network.o(.data)
    .data                                    0x20000850   Section       28  network.o(.data)
    conv2d_1_output                          0x20000850   Data          28  network.o(.data)
    .data                                    0x2000086c   Section       28  network.o(.data)
    conv2d_2_output                          0x2000086c   Data          28  network.o(.data)
    .data                                    0x20000888   Section       28  network.o(.data)
    conv2d_2_output0                         0x20000888   Data          28  network.o(.data)
    .data                                    0x200008a4   Section       28  network.o(.data)
    dense_1_output                           0x200008a4   Data          28  network.o(.data)
    .data                                    0x200008c0   Section       28  network.o(.data)
    dense_1_nl_output                        0x200008c0   Data          28  network.o(.data)
    .data                                    0x200008dc   Section       28  network.o(.data)
    dense_2_output                           0x200008dc   Data          28  network.o(.data)
    .data                                    0x200008f8   Section       28  network.o(.data)
    dense_2_nl_output                        0x200008f8   Data          28  network.o(.data)
    .data                                    0x20000914   Section       28  network.o(.data)
    dense_3_output                           0x20000914   Data          28  network.o(.data)
    .data                                    0x20000930   Section       28  network.o(.data)
    dense_3_nl_output                        0x20000930   Data          28  network.o(.data)
    .data                                    0x2000094c   Section       88  network.o(.data)
    conv2d_1_layer                           0x2000094c   Data          88  network.o(.data)
    .data                                    0x200009a4   Section       88  network.o(.data)
    conv2d_2_layer                           0x200009a4   Data          88  network.o(.data)
    .data                                    0x200009fc   Section       24  network.o(.data)
    dense_1_layer                            0x200009fc   Data          24  network.o(.data)
    .data                                    0x20000a14   Section       28  network.o(.data)
    dense_1_nl_layer                         0x20000a14   Data          28  network.o(.data)
    .data                                    0x20000a30   Section       24  network.o(.data)
    dense_2_layer                            0x20000a30   Data          24  network.o(.data)
    .data                                    0x20000a48   Section       28  network.o(.data)
    dense_2_nl_layer                         0x20000a48   Data          28  network.o(.data)
    .data                                    0x20000a64   Section       24  network.o(.data)
    dense_3_layer                            0x20000a64   Data          24  network.o(.data)
    .data                                    0x20000a7c   Section       28  network.o(.data)
    dense_3_nl_layer                         0x20000a7c   Data          28  network.o(.data)
    .data                                    0x20000a98   Section        4  app_x-cube-ai.o(.data)
    network                                  0x20000a98   Data           4  app_x-cube-ai.o(.data)
    .data                                    0x20000a9c   Section       12  stm32f7xx_hal.o(.data)
    .data                                    0x20000aa8   Section        4  system_stm32f7xx.o(.data)
    .data                                    0x20000aac   Section        4  stdout.o(.data)
    .data                                    0x20000ab0   Section        4  mvars.o(.data)
    .data                                    0x20000ab4   Section        4  mvars.o(.data)
    .data                                    0x20000ab8   Section        4  errno.o(.data)
    _errno                                   0x20000ab8   Data           4  errno.o(.data)
    .bss                                     0x20000abc   Section       16  network.o(.bss)
    <Data51>                                 0x20000abc   Data          16  network.o(.bss)
    .bss                                     0x20000acc   Section       16  network.o(.bss)
    <Data57>                                 0x20000acc   Data          16  network.o(.bss)
    .bss                                     0x20000adc   Section       16  network.o(.bss)
    <Data58>                                 0x20000adc   Data          16  network.o(.bss)
    .bss                                     0x20000aec   Section       24  network.o(.bss)
    <Data90>                                 0x20000aec   Data          24  network.o(.bss)
    .bss                                     0x20000b04   Section       16  network.o(.bss)
    <Data91>                                 0x20000b04   Data          16  network.o(.bss)
    .bss                                     0x20000b14   Section       24  network.o(.bss)
    <Data95>                                 0x20000b14   Data          24  network.o(.bss)
    .bss                                     0x20000b2c   Section       16  network.o(.bss)
    <Data96>                                 0x20000b2c   Data          16  network.o(.bss)
    .bss                                     0x20000b3c   Section     9724  app_x-cube-ai.o(.bss)
    network_info                             0x20000b3c   Data         116  app_x-cube-ai.o(.bss)
    activations                              0x20000bb0   Data        6432  app_x-cube-ai.o(.bss)
    in_data_s                                0x200024d0   Data        3136  app_x-cube-ai.o(.bss)
    out_data_s                               0x20003110   Data          40  app_x-cube-ai.o(.bss)
    .bss                                     0x20003138   Section      164  main.o(.bss)
    HEAP                                     0x200031e0   Section     8192  startup_stm32f767xx.o(HEAP)
    STACK                                    0x200051e0   Section     8192  startup_stm32f767xx.o(STACK)

    Global Symbols

    Symbol Name                              Value     Ov Type        Size  Object(Section)

    BuildAttributes$$THM_ISAv4$E$P$D$K$B$S$7EM$VFPv5_D16$PE$PLD8$A:L22UL41UL21$X:L11$S22US41US21$IEEE1$IW$USESV6$~STKCKD$USESV7$~SHL$OTIME$ROPI$IEEEX$EBA8$MICROLIB$REQ8$PRES8$EABIv2 0x00000000   Number         0  anon$$obj.o ABSOLUTE
    __ARM_use_no_argv                        0x00000000   Number         0  main.o ABSOLUTE
    _printf_a                                0x00000000   Number         0  stubs.o ABSOLUTE
    _printf_c                                0x00000000   Number         0  stubs.o ABSOLUTE
    _printf_charcount                        0x00000000   Number         0  stubs.o ABSOLUTE
    _printf_d                                0x00000000   Number         0  stubs.o ABSOLUTE
    _printf_e                                0x00000000   Number         0  stubs.o ABSOLUTE
    _printf_f                                0x00000000   Number         0  stubs.o ABSOLUTE
    _printf_flags                            0x00000000   Number         0  stubs.o ABSOLUTE
    _printf_fp_dec                           0x00000000   Number         0  stubs.o ABSOLUTE
    _printf_fp_hex                           0x00000000   Number         0  stubs.o ABSOLUTE
    _printf_g                                0x00000000   Number         0  stubs.o ABSOLUTE
    _printf_i                                0x00000000   Number         0  stubs.o ABSOLUTE
    _printf_int_dec                          0x00000000   Number         0  stubs.o ABSOLUTE
    _printf_l                                0x00000000   Number         0  stubs.o ABSOLUTE
    _printf_lc                               0x00000000   Number         0  stubs.o ABSOLUTE
    _printf_ll                               0x00000000   Number         0  stubs.o ABSOLUTE
    _printf_lld                              0x00000000   Number         0  stubs.o ABSOLUTE
    _printf_lli                              0x00000000   Number         0  stubs.o ABSOLUTE
    _printf_llo                              0x00000000   Number         0  stubs.o ABSOLUTE
    _printf_llu                              0x00000000   Number         0  stubs.o ABSOLUTE
    _printf_llx                              0x00000000   Number         0  stubs.o ABSOLUTE
    _printf_longlong_dec                     0x00000000   Number         0  stubs.o ABSOLUTE
    _printf_longlong_hex                     0x00000000   Number         0  stubs.o ABSOLUTE
    _printf_longlong_oct                     0x00000000   Number         0  stubs.o ABSOLUTE
    _printf_ls                               0x00000000   Number         0  stubs.o ABSOLUTE
    _printf_mbtowc                           0x00000000   Number         0  stubs.o ABSOLUTE
    _printf_n                                0x00000000   Number         0  stubs.o ABSOLUTE
    _printf_o                                0x00000000   Number         0  stubs.o ABSOLUTE
    _printf_p                                0x00000000   Number         0  stubs.o ABSOLUTE
    _printf_percent                          0x00000000   Number         0  stubs.o ABSOLUTE
    _printf_pre_padding                      0x00000000   Number         0  stubs.o ABSOLUTE
    _printf_return_value                     0x00000000   Number         0  stubs.o ABSOLUTE
    _printf_s                                0x00000000   Number         0  stubs.o ABSOLUTE
    _printf_sizespec                         0x00000000   Number         0  stubs.o ABSOLUTE
    _printf_str                              0x00000000   Number         0  stubs.o ABSOLUTE
    _printf_truncate_signed                  0x00000000   Number         0  stubs.o ABSOLUTE
    _printf_truncate_unsigned                0x00000000   Number         0  stubs.o ABSOLUTE
    _printf_u                                0x00000000   Number         0  stubs.o ABSOLUTE
    _printf_wc                               0x00000000   Number         0  stubs.o ABSOLUTE
    _printf_wctomb                           0x00000000   Number         0  stubs.o ABSOLUTE
    _printf_widthprec                        0x00000000   Number         0  stubs.o ABSOLUTE
    _printf_x                                0x00000000   Number         0  stubs.o ABSOLUTE
    __arm_fini_                               - Undefined Weak Reference
    __cpp_initialize__aeabi_                  - Undefined Weak Reference
    __cxa_finalize                            - Undefined Weak Reference
    _clock_init                               - Undefined Weak Reference
    _microlib_exit                            - Undefined Weak Reference
    __Vectors_Size                           0x000001f8   Number         0  startup_stm32f767xx.o ABSOLUTE
    __Vectors                                0x08000000   Data           4  startup_stm32f767xx.o(RESET)
    __Vectors_End                            0x080001f8   Data           0  startup_stm32f767xx.o(RESET)
    __main                                   0x080001f9   Thumb Code     0  entry.o(.ARM.Collect$$$$00000000)
    _main_stk                                0x080001f9   Thumb Code     0  entry2.o(.ARM.Collect$$$$00000001)
    _main_scatterload                        0x080001fd   Thumb Code     0  entry5.o(.ARM.Collect$$$$00000004)
    __main_after_scatterload                 0x08000201   Thumb Code     0  entry5.o(.ARM.Collect$$$$00000004)
    _main_clock                              0x08000201   Thumb Code     0  entry7b.o(.ARM.Collect$$$$00000008)
    _main_cpp_init                           0x08000201   Thumb Code     0  entry8b.o(.ARM.Collect$$$$0000000A)
    _main_init                               0x08000201   Thumb Code     0  entry9a.o(.ARM.Collect$$$$0000000B)
    __rt_lib_shutdown_fini                   0x08000209   Thumb Code     0  entry12b.o(.ARM.Collect$$$$0000000E)
    __rt_final_cpp                           0x0800020d   Thumb Code     0  entry10a.o(.ARM.Collect$$$$0000000F)
    __rt_final_exit                          0x0800020d   Thumb Code     0  entry11a.o(.ARM.Collect$$$$00000011)
    Reset_Handler                            0x08000211   Thumb Code     8  startup_stm32f767xx.o(.text)
    ADC_IRQHandler                           0x0800022b   Thumb Code     0  startup_stm32f767xx.o(.text)
    CAN1_RX0_IRQHandler                      0x0800022b   Thumb Code     0  startup_stm32f767xx.o(.text)
    CAN1_RX1_IRQHandler                      0x0800022b   Thumb Code     0  startup_stm32f767xx.o(.text)
    CAN1_SCE_IRQHandler                      0x0800022b   Thumb Code     0  startup_stm32f767xx.o(.text)
    CAN1_TX_IRQHandler                       0x0800022b   Thumb Code     0  startup_stm32f767xx.o(.text)
    CAN2_RX0_IRQHandler                      0x0800022b   Thumb Code     0  startup_stm32f767xx.o(.text)
    CAN2_RX1_IRQHandler                      0x0800022b   Thumb Code     0  startup_stm32f767xx.o(.text)
    CAN2_SCE_IRQHandler                      0x0800022b   Thumb Code     0  startup_stm32f767xx.o(.text)
    CAN2_TX_IRQHandler                       0x0800022b   Thumb Code     0  startup_stm32f767xx.o(.text)
    CAN3_RX0_IRQHandler                      0x0800022b   Thumb Code     0  startup_stm32f767xx.o(.text)
    CAN3_RX1_IRQHandler                      0x0800022b   Thumb Code     0  startup_stm32f767xx.o(.text)
    CAN3_SCE_IRQHandler                      0x0800022b   Thumb Code     0  startup_stm32f767xx.o(.text)
    CAN3_TX_IRQHandler                       0x0800022b   Thumb Code     0  startup_stm32f767xx.o(.text)
    CEC_IRQHandler                           0x0800022b   Thumb Code     0  startup_stm32f767xx.o(.text)
    DCMI_IRQHandler                          0x0800022b   Thumb Code     0  startup_stm32f767xx.o(.text)
    DFSDM1_FLT0_IRQHandler                   0x0800022b   Thumb Code     0  startup_stm32f767xx.o(.text)
    DFSDM1_FLT1_IRQHandler                   0x0800022b   Thumb Code     0  startup_stm32f767xx.o(.text)
    DFSDM1_FLT2_IRQHandler                   0x0800022b   Thumb Code     0  startup_stm32f767xx.o(.text)
    DFSDM1_FLT3_IRQHandler                   0x0800022b   Thumb Code     0  startup_stm32f767xx.o(.text)
    DMA1_Stream0_IRQHandler                  0x0800022b   Thumb Code     0  startup_stm32f767xx.o(.text)
    DMA1_Stream1_IRQHandler                  0x0800022b   Thumb Code     0  startup_stm32f767xx.o(.text)
    DMA1_Stream2_IRQHandler                  0x0800022b   Thumb Code     0  startup_stm32f767xx.o(.text)
    DMA1_Stream3_IRQHandler                  0x0800022b   Thumb Code     0  startup_stm32f767xx.o(.text)
    DMA1_Stream4_IRQHandler                  0x0800022b   Thumb Code     0  startup_stm32f767xx.o(.text)
    DMA1_Stream5_IRQHandler                  0x0800022b   Thumb Code     0  startup_stm32f767xx.o(.text)
    DMA1_Stream6_IRQHandler                  0x0800022b   Thumb Code     0  startup_stm32f767xx.o(.text)
    DMA1_Stream7_IRQHandler                  0x0800022b   Thumb Code     0  startup_stm32f767xx.o(.text)
    DMA2D_IRQHandler                         0x0800022b   Thumb Code     0  startup_stm32f767xx.o(.text)
    DMA2_Stream0_IRQHandler                  0x0800022b   Thumb Code     0  startup_stm32f767xx.o(.text)
    DMA2_Stream1_IRQHandler                  0x0800022b   Thumb Code     0  startup_stm32f767xx.o(.text)
    DMA2_Stream2_IRQHandler                  0x0800022b   Thumb Code     0  startup_stm32f767xx.o(.text)
    DMA2_Stream3_IRQHandler                  0x0800022b   Thumb Code     0  startup_stm32f767xx.o(.text)
    DMA2_Stream4_IRQHandler                  0x0800022b   Thumb Code     0  startup_stm32f767xx.o(.text)
    DMA2_Stream5_IRQHandler                  0x0800022b   Thumb Code     0  startup_stm32f767xx.o(.text)
    DMA2_Stream6_IRQHandler                  0x0800022b   Thumb Code     0  startup_stm32f767xx.o(.text)
    DMA2_Stream7_IRQHandler                  0x0800022b   Thumb Code     0  startup_stm32f767xx.o(.text)
    ETH_IRQHandler                           0x0800022b   Thumb Code     0  startup_stm32f767xx.o(.text)
    ETH_WKUP_IRQHandler                      0x0800022b   Thumb Code     0  startup_stm32f767xx.o(.text)
    EXTI0_IRQHandler                         0x0800022b   Thumb Code     0  startup_stm32f767xx.o(.text)
    EXTI15_10_IRQHandler                     0x0800022b   Thumb Code     0  startup_stm32f767xx.o(.text)
    EXTI1_IRQHandler                         0x0800022b   Thumb Code     0  startup_stm32f767xx.o(.text)
    EXTI2_IRQHandler                         0x0800022b   Thumb Code     0  startup_stm32f767xx.o(.text)
    EXTI3_IRQHandler                         0x0800022b   Thumb Code     0  startup_stm32f767xx.o(.text)
    EXTI4_IRQHandler                         0x0800022b   Thumb Code     0  startup_stm32f767xx.o(.text)
    EXTI9_5_IRQHandler                       0x0800022b   Thumb Code     0  startup_stm32f767xx.o(.text)
    FLASH_IRQHandler                         0x0800022b   Thumb Code     0  startup_stm32f767xx.o(.text)
    FMC_IRQHandler                           0x0800022b   Thumb Code     0  startup_stm32f767xx.o(.text)
    FPU_IRQHandler                           0x0800022b   Thumb Code     0  startup_stm32f767xx.o(.text)
    I2C1_ER_IRQHandler                       0x0800022b   Thumb Code     0  startup_stm32f767xx.o(.text)
    I2C1_EV_IRQHandler                       0x0800022b   Thumb Code     0  startup_stm32f767xx.o(.text)
    I2C2_ER_IRQHandler                       0x0800022b   Thumb Code     0  startup_stm32f767xx.o(.text)
    I2C2_EV_IRQHandler                       0x0800022b   Thumb Code     0  startup_stm32f767xx.o(.text)
    I2C3_ER_IRQHandler                       0x0800022b   Thumb Code     0  startup_stm32f767xx.o(.text)
    I2C3_EV_IRQHandler                       0x0800022b   Thumb Code     0  startup_stm32f767xx.o(.text)
    I2C4_ER_IRQHandler                       0x0800022b   Thumb Code     0  startup_stm32f767xx.o(.text)
    I2C4_EV_IRQHandler                       0x0800022b   Thumb Code     0  startup_stm32f767xx.o(.text)
    JPEG_IRQHandler                          0x0800022b   Thumb Code     0  startup_stm32f767xx.o(.text)
    LPTIM1_IRQHandler                        0x0800022b   Thumb Code     0  startup_stm32f767xx.o(.text)
    LTDC_ER_IRQHandler                       0x0800022b   Thumb Code     0  startup_stm32f767xx.o(.text)
    LTDC_IRQHandler                          0x0800022b   Thumb Code     0  startup_stm32f767xx.o(.text)
    MDIOS_IRQHandler                         0x0800022b   Thumb Code     0  startup_stm32f767xx.o(.text)
    OTG_FS_IRQHandler                        0x0800022b   Thumb Code     0  startup_stm32f767xx.o(.text)
    OTG_FS_WKUP_IRQHandler                   0x0800022b   Thumb Code     0  startup_stm32f767xx.o(.text)
    OTG_HS_EP1_IN_IRQHandler                 0x0800022b   Thumb Code     0  startup_stm32f767xx.o(.text)
    OTG_HS_EP1_OUT_IRQHandler                0x0800022b   Thumb Code     0  startup_stm32f767xx.o(.text)
    OTG_HS_IRQHandler                        0x0800022b   Thumb Code     0  startup_stm32f767xx.o(.text)
    OTG_HS_WKUP_IRQHandler                   0x0800022b   Thumb Code     0  startup_stm32f767xx.o(.text)
    PVD_IRQHandler                           0x0800022b   Thumb Code     0  startup_stm32f767xx.o(.text)
    QUADSPI_IRQHandler                       0x0800022b   Thumb Code     0  startup_stm32f767xx.o(.text)
    RCC_IRQHandler                           0x0800022b   Thumb Code     0  startup_stm32f767xx.o(.text)
    RNG_IRQHandler                           0x0800022b   Thumb Code     0  startup_stm32f767xx.o(.text)
    RTC_Alarm_IRQHandler                     0x0800022b   Thumb Code     0  startup_stm32f767xx.o(.text)
    RTC_WKUP_IRQHandler                      0x0800022b   Thumb Code     0  startup_stm32f767xx.o(.text)
    SAI1_IRQHandler                          0x0800022b   Thumb Code     0  startup_stm32f767xx.o(.text)
    SAI2_IRQHandler                          0x0800022b   Thumb Code     0  startup_stm32f767xx.o(.text)
    SDMMC1_IRQHandler                        0x0800022b   Thumb Code     0  startup_stm32f767xx.o(.text)
    SDMMC2_IRQHandler                        0x0800022b   Thumb Code     0  startup_stm32f767xx.o(.text)
    SPDIF_RX_IRQHandler                      0x0800022b   Thumb Code     0  startup_stm32f767xx.o(.text)
    SPI1_IRQHandler                          0x0800022b   Thumb Code     0  startup_stm32f767xx.o(.text)
    SPI2_IRQHandler                          0x0800022b   Thumb Code     0  startup_stm32f767xx.o(.text)
    SPI3_IRQHandler                          0x0800022b   Thumb Code     0  startup_stm32f767xx.o(.text)
    SPI4_IRQHandler                          0x0800022b   Thumb Code     0  startup_stm32f767xx.o(.text)
    SPI5_IRQHandler                          0x0800022b   Thumb Code     0  startup_stm32f767xx.o(.text)
    SPI6_IRQHandler                          0x0800022b   Thumb Code     0  startup_stm32f767xx.o(.text)
    TAMP_STAMP_IRQHandler                    0x0800022b   Thumb Code     0  startup_stm32f767xx.o(.text)
    TIM1_BRK_TIM9_IRQHandler                 0x0800022b   Thumb Code     0  startup_stm32f767xx.o(.text)
    TIM1_CC_IRQHandler                       0x0800022b   Thumb Code     0  startup_stm32f767xx.o(.text)
    TIM1_TRG_COM_TIM11_IRQHandler            0x0800022b   Thumb Code     0  startup_stm32f767xx.o(.text)
    TIM1_UP_TIM10_IRQHandler                 0x0800022b   Thumb Code     0  startup_stm32f767xx.o(.text)
    TIM2_IRQHandler                          0x0800022b   Thumb Code     0  startup_stm32f767xx.o(.text)
    TIM3_IRQHandler                          0x0800022b   Thumb Code     0  startup_stm32f767xx.o(.text)
    TIM4_IRQHandler                          0x0800022b   Thumb Code     0  startup_stm32f767xx.o(.text)
    TIM5_IRQHandler                          0x0800022b   Thumb Code     0  startup_stm32f767xx.o(.text)
    TIM6_DAC_IRQHandler                      0x0800022b   Thumb Code     0  startup_stm32f767xx.o(.text)
    TIM7_IRQHandler                          0x0800022b   Thumb Code     0  startup_stm32f767xx.o(.text)
    TIM8_BRK_TIM12_IRQHandler                0x0800022b   Thumb Code     0  startup_stm32f767xx.o(.text)
    TIM8_CC_IRQHandler                       0x0800022b   Thumb Code     0  startup_stm32f767xx.o(.text)
    TIM8_TRG_COM_TIM14_IRQHandler            0x0800022b   Thumb Code     0  startup_stm32f767xx.o(.text)
    TIM8_UP_TIM13_IRQHandler                 0x0800022b   Thumb Code     0  startup_stm32f767xx.o(.text)
    UART4_IRQHandler                         0x0800022b   Thumb Code     0  startup_stm32f767xx.o(.text)
    UART5_IRQHandler                         0x0800022b   Thumb Code     0  startup_stm32f767xx.o(.text)
    UART7_IRQHandler                         0x0800022b   Thumb Code     0  startup_stm32f767xx.o(.text)
    UART8_IRQHandler                         0x0800022b   Thumb Code     0  startup_stm32f767xx.o(.text)
    USART2_IRQHandler                        0x0800022b   Thumb Code     0  startup_stm32f767xx.o(.text)
    USART3_IRQHandler                        0x0800022b   Thumb Code     0  startup_stm32f767xx.o(.text)
    USART6_IRQHandler                        0x0800022b   Thumb Code     0  startup_stm32f767xx.o(.text)
    WWDG_IRQHandler                          0x0800022b   Thumb Code     0  startup_stm32f767xx.o(.text)
    __aeabi_uldivmod                         0x08000235   Thumb Code    98  uldiv.o(.text)
    __aeabi_memcpy                           0x08000297   Thumb Code    36  memcpya.o(.text)
    __aeabi_memcpy4                          0x08000297   Thumb Code     0  memcpya.o(.text)
    __aeabi_memcpy8                          0x08000297   Thumb Code     0  memcpya.o(.text)
    __aeabi_memset                           0x080002bb   Thumb Code    14  memseta.o(.text)
    __aeabi_memset4                          0x080002bb   Thumb Code     0  memseta.o(.text)
    __aeabi_memset8                          0x080002bb   Thumb Code     0  memseta.o(.text)
    __aeabi_memclr                           0x080002c9   Thumb Code     4  memseta.o(.text)
    __aeabi_memclr4                          0x080002c9   Thumb Code     0  memseta.o(.text)
    __aeabi_memclr8                          0x080002c9   Thumb Code     0  memseta.o(.text)
    _memset$wrapper                          0x080002cd   Thumb Code    18  memseta.o(.text)
    memcmp                                   0x080002df   Thumb Code    26  memcmp.o(.text)
    __aeabi_llsl                             0x080002f9   Thumb Code    30  llshl.o(.text)
    _ll_shift_l                              0x080002f9   Thumb Code     0  llshl.o(.text)
    __aeabi_llsr                             0x08000317   Thumb Code    32  llushr.o(.text)
    _ll_ushift_r                             0x08000317   Thumb Code     0  llushr.o(.text)
    __I$use$fp                               0x08000337   Thumb Code     0  iusefp.o(.text)
    __scatterload                            0x08000339   Thumb Code    28  init.o(.text)
    __scatterload_rt2                        0x08000339   Thumb Code     0  init.o(.text)
    __decompress                             0x0800035d   Thumb Code     0  __dczerorl2.o(.text)
    __decompress1                            0x0800035d   Thumb Code    86  __dczerorl2.o(.text)
    BusFault_Handler                         0x080003b3   Thumb Code     2  stm32f7xx_it.o(i.BusFault_Handler)
    DebugMon_Handler                         0x08000455   Thumb Code     2  stm32f7xx_it.o(i.DebugMon_Handler)
    HAL_CRCEx_Polynomial_Set                 0x08000457   Thumb Code    78  stm32f7xx_hal_crc_ex.o(i.HAL_CRCEx_Polynomial_Set)
    HAL_CRC_Init                             0x080004a5   Thumb Code   114  stm32f7xx_hal_crc.o(i.HAL_CRC_Init)
    HAL_CRC_MspInit                          0x0800051d   Thumb Code    30  stm32f7xx_hal_msp.o(i.HAL_CRC_MspInit)
    HAL_DMA_Abort_IT                         0x08000545   Thumb Code    36  stm32f7xx_hal_dma.o(i.HAL_DMA_Abort_IT)
    HAL_GPIO_Init                            0x08000569   Thumb Code   420  stm32f7xx_hal_gpio.o(i.HAL_GPIO_Init)
    HAL_GetTick                              0x08000741   Thumb Code     6  stm32f7xx_hal.o(i.HAL_GetTick)
    HAL_IncTick                              0x0800074d   Thumb Code    12  stm32f7xx_hal.o(i.HAL_IncTick)
    HAL_Init                                 0x0800075d   Thumb Code    22  stm32f7xx_hal.o(i.HAL_Init)
    HAL_InitTick                             0x08000775   Thumb Code    54  stm32f7xx_hal.o(i.HAL_InitTick)
    HAL_MspInit                              0x080007b5   Thumb Code    42  stm32f7xx_hal_msp.o(i.HAL_MspInit)
    HAL_NVIC_EnableIRQ                       0x080007e5   Thumb Code    26  stm32f7xx_hal_cortex.o(i.HAL_NVIC_EnableIRQ)
    HAL_NVIC_SetPriority                     0x08000801   Thumb Code    60  stm32f7xx_hal_cortex.o(i.HAL_NVIC_SetPriority)
    HAL_NVIC_SetPriorityGrouping             0x08000841   Thumb Code    28  stm32f7xx_hal_cortex.o(i.HAL_NVIC_SetPriorityGrouping)
    HAL_PWREx_EnableOverDrive                0x08000865   Thumb Code   100  stm32f7xx_hal_pwr_ex.o(i.HAL_PWREx_EnableOverDrive)
    HAL_RCCEx_PeriphCLKConfig                0x080008d1   Thumb Code  1336  stm32f7xx_hal_rcc_ex.o(i.HAL_RCCEx_PeriphCLKConfig)
    HAL_RCC_ClockConfig                      0x08000e0d   Thumb Code   284  stm32f7xx_hal_rcc.o(i.HAL_RCC_ClockConfig)
    HAL_RCC_GetPCLK1Freq                     0x08000f3d   Thumb Code    20  stm32f7xx_hal_rcc.o(i.HAL_RCC_GetPCLK1Freq)
    HAL_RCC_GetPCLK2Freq                     0x08000f5d   Thumb Code    20  stm32f7xx_hal_rcc.o(i.HAL_RCC_GetPCLK2Freq)
    HAL_RCC_GetSysClockFreq                  0x08000f7d   Thumb Code    88  stm32f7xx_hal_rcc.o(i.HAL_RCC_GetSysClockFreq)
    HAL_RCC_OscConfig                        0x08000fe1   Thumb Code   906  stm32f7xx_hal_rcc.o(i.HAL_RCC_OscConfig)
    HAL_SYSTICK_Config                       0x08001379   Thumb Code    38  stm32f7xx_hal_cortex.o(i.HAL_SYSTICK_Config)
    HAL_UARTEx_WakeupCallback                0x0800139f   Thumb Code     2  stm32f7xx_hal_uart.o(i.HAL_UARTEx_WakeupCallback)
    HAL_UART_ErrorCallback                   0x080013a1   Thumb Code     2  stm32f7xx_hal_uart.o(i.HAL_UART_ErrorCallback)
    HAL_UART_IRQHandler                      0x080013a5   Thumb Code   344  stm32f7xx_hal_uart.o(i.HAL_UART_IRQHandler)
    HAL_UART_Init                            0x08001501   Thumb Code   102  stm32f7xx_hal_uart.o(i.HAL_UART_Init)
    HAL_UART_MspInit                         0x08001569   Thumb Code   104  stm32f7xx_hal_msp.o(i.HAL_UART_MspInit)
    HAL_UART_TxCpltCallback                  0x080015dd   Thumb Code     2  stm32f7xx_hal_uart.o(i.HAL_UART_TxCpltCallback)
    HardFault_Handler                        0x080015df   Thumb Code     2  stm32f7xx_it.o(i.HardFault_Handler)
    MX_X_CUBE_AI_Init                        0x08001619   Thumb Code    22  app_x-cube-ai.o(i.MX_X_CUBE_AI_Init)
    MX_X_CUBE_AI_Process                     0x08001655   Thumb Code    80  app_x-cube-ai.o(i.MX_X_CUBE_AI_Process)
    MemManage_Handler                        0x080016fd   Thumb Code     2  stm32f7xx_it.o(i.MemManage_Handler)
    NMI_Handler                              0x080016ff   Thumb Code     2  stm32f7xx_it.o(i.NMI_Handler)
    PendSV_Handler                           0x08001701   Thumb Code     2  stm32f7xx_it.o(i.PendSV_Handler)
    SVC_Handler                              0x08001703   Thumb Code     2  stm32f7xx_it.o(i.SVC_Handler)
    SysTick_Handler                          0x08001705   Thumb Code     4  stm32f7xx_it.o(i.SysTick_Handler)
    SystemClock_Config                       0x08001709   Thumb Code   176  main.o(i.SystemClock_Config)
    SystemInit                               0x080017c1   Thumb Code    22  system_stm32f7xx.o(i.SystemInit)
    UART_AdvFeatureConfig                    0x080017dd   Thumb Code   200  stm32f7xx_hal_uart.o(i.UART_AdvFeatureConfig)
    UART_CheckIdleState                      0x080018a5   Thumb Code    88  stm32f7xx_hal_uart.o(i.UART_CheckIdleState)
    UART_SetConfig                           0x08001931   Thumb Code   554  stm32f7xx_hal_uart.o(i.UART_SetConfig)
    UART_WaitOnFlagUntilTimeout              0x08001b8d   Thumb Code   164  stm32f7xx_hal_uart.o(i.UART_WaitOnFlagUntilTimeout)
    USART1_IRQHandler                        0x08001c31   Thumb Code     6  stm32f7xx_it.o(i.USART1_IRQHandler)
    UsageFault_Handler                       0x08001c3d   Thumb Code     2  stm32f7xx_it.o(i.UsageFault_Handler)
    __0printf$8                              0x08001c41   Thumb Code    22  printf8.o(i.__0printf$8)
    __1printf$8                              0x08001c41   Thumb Code     0  printf8.o(i.__0printf$8)
    __2printf                                0x08001c41   Thumb Code     0  printf8.o(i.__0printf$8)
    __ARM_fpclassifyf                        0x08001c61   Thumb Code    38  fpclassifyf.o(i.__ARM_fpclassifyf)
    free                                     0x08001da1   Thumb Code    88  mallocr.o(i.__free$realloc)
    __hardfp_expf                            0x08001dfd   Thumb Code   426  expf.o(i.__hardfp_expf)
    __mathlib_expf                           0x08001dfd   Thumb Code     0  expf.o(i.__hardfp_expf)
    malloc                                   0x08001ff1   Thumb Code    64  mallocr.o(i.__malloc$realloc)
    __mathlib_flt_infnan                     0x08002041   Thumb Code     6  funder.o(i.__mathlib_flt_infnan)
    __mathlib_flt_overflow                   0x08002049   Thumb Code    10  funder.o(i.__mathlib_flt_overflow)
    __mathlib_flt_underflow                  0x08002059   Thumb Code    10  funder.o(i.__mathlib_flt_underflow)
    __scatterload_copy                       0x08002069   Thumb Code    14  handlers.o(i.__scatterload_copy)
    __scatterload_null                       0x08002077   Thumb Code     2  handlers.o(i.__scatterload_null)
    __scatterload_zeroinit                   0x08002079   Thumb Code    14  handlers.o(i.__scatterload_zeroinit)
    __set_errno                              0x08002089   Thumb Code     6  errno.o(i.__set_errno)
    ai_array_get_byte_size                   0x080028cf   Thumb Code    68  ai_datatypes_format.o(i.ai_array_get_byte_size)
    ai_array_to_buffer_fmt                   0x08002915   Thumb Code   202  ai_datatypes_format.o(i.ai_array_to_buffer_fmt)
    ai_check_custom_types                    0x08002aa5   Thumb Code    38  layers.o(i.ai_check_custom_types)
    ai_dict4_dot_array_f32                   0x08003161   Thumb Code   300  layers_conv2d_generic_float.o(i.ai_dict4_dot_array_f32)
    ai_dict8_dot_array_f32                   0x08003291   Thumb Code   246  layers_conv2d_generic_float.o(i.ai_dict8_dot_array_f32)
    ai_dict_decompress_f32                   0x0800338d   Thumb Code   122  layers_conv2d_generic_float.o(i.ai_dict_decompress_f32)
    ai_layers_forward_all                    0x08003419   Thumb Code    74  layers.o(i.ai_layers_forward_all)
    ai_network_create                        0x080034e9   Thumb Code    20  network.o(i.ai_network_create)
    ai_network_data_weights_get              0x08003501   Thumb Code     4  network_data.o(i.ai_network_data_weights_get)
    ai_network_get_error                     0x08003509   Thumb Code     4  network.o(i.ai_network_get_error)
    ai_network_get_info                      0x0800350d   Thumb Code    82  network.o(i.ai_network_get_info)
    ai_network_init                          0x08003565   Thumb Code    54  network.o(i.ai_network_init)
    ai_network_run                           0x0800359b   Thumb Code     4  network.o(i.ai_network_run)
    ai_platform_api_get_network_report       0x080035a1   Thumb Code   182  ai_platform_interface.o(i.ai_platform_api_get_network_report)
    ai_platform_api_get_version              0x0800365d   Thumb Code    14  ai_platform_interface.o(i.ai_platform_api_get_version)
    ai_platform_context_acquire              0x08003671   Thumb Code    24  ai_platform_interface.o(i.ai_platform_context_acquire)
    ai_platform_interface_api_get_version    0x0800368d   Thumb Code    14  ai_platform_interface.o(i.ai_platform_interface_api_get_version)
    ai_platform_network_create               0x080036a1   Thumb Code    96  ai_platform_interface.o(i.ai_platform_network_create)
    ai_platform_network_get_error            0x0800370d   Thumb Code    24  ai_platform_interface.o(i.ai_platform_network_get_error)
    ai_platform_network_init                 0x08003729   Thumb Code   126  ai_platform_interface.o(i.ai_platform_network_init)
    ai_platform_network_post_init            0x080037a7   Thumb Code    64  ai_platform_interface.o(i.ai_platform_network_post_init)
    ai_platform_network_process              0x080037e7   Thumb Code    86  ai_platform_interface.o(i.ai_platform_network_process)
    ai_platform_network_set_error            0x0800383d   Thumb Code    12  ai_platform_interface.o(i.ai_platform_network_set_error)
    ai_platform_runtime_get_revision         0x08003849   Thumb Code    10  ai_platform_interface.o(i.ai_platform_runtime_get_revision)
    ai_platform_runtime_get_version          0x08003859   Thumb Code    14  ai_platform_interface.o(i.ai_platform_runtime_get_version)
    core_get_error                           0x08003887   Thumb Code    12  core_common.o(i.core_get_error)
    core_init                                0x08003893   Thumb Code     4  core_common.o(i.core_init)
    core_set_error                           0x080038c3   Thumb Code    26  core_common.o(i.core_set_error)
    forward_conv2d_nl_pool                   0x080038dd   Thumb Code  1148  layers_conv2d_generic_float.o(i.forward_conv2d_nl_pool)
    forward_dense                            0x08003d5d   Thumb Code   396  layers_conv2d_generic_float.o(i.forward_dense)
    forward_relu                             0x08003eed   Thumb Code   154  layers_nl_generic_float.o(i.forward_relu)
    forward_sm                               0x08003f87   Thumb Code   108  layers_nl_generic_float.o(i.forward_sm)
    fputc                                    0x08003ff5   Thumb Code    14  main.o(i.fputc)
    main                                     0x0800405d   Thumb Code   190  main.o(i.main)
    nl_func_relu_array_f32                   0x080042a5   Thumb Code    48  layers_nl_generic_float.o(i.nl_func_relu_array_f32)
    nl_func_relu_generic_array_f32           0x080042d9   Thumb Code   186  layers_nl_generic_float.o(i.nl_func_relu_generic_array_f32)
    nl_func_relu_thresholded_array_f32       0x08004399   Thumb Code    62  layers_nl_generic_float.o(i.nl_func_relu_thresholded_array_f32)
    nl_func_sm_array_f32                     0x080043dd   Thumb Code    76  layers_nl_generic_float.o(i.nl_func_sm_array_f32)
    nl_func_sm_channel_f32                   0x08004429   Thumb Code   130  layers_nl_generic_float.o(i.nl_func_sm_channel_f32)
    pool_func_mp_array_f32                   0x080044b1   Thumb Code   412  layers_pool_generic_float.o(i.pool_func_mp_array_f32)
    AHBPrescTable                            0x08040b64   Data          16  system_stm32f7xx.o(.constdata)
    APBPrescTable                            0x08040b74   Data           8  system_stm32f7xx.o(.constdata)
    Region$$Table$$Base                      0x08040c80   Number         0  anon$$obj.o(Region$$Table)
    Region$$Table$$Limit                     0x08040ca0   Number         0  anon$$obj.o(Region$$Table)
    uwTickFreq                               0x20000a9c   Data           1  stm32f7xx_hal.o(.data)
    uwTickPrio                               0x20000aa0   Data           4  stm32f7xx_hal.o(.data)
    uwTick                                   0x20000aa4   Data           4  stm32f7xx_hal.o(.data)
    SystemCoreClock                          0x20000aa8   Data           4  system_stm32f7xx.o(.data)
    __stdout                                 0x20000aac   Data           4  stdout.o(.data)
    __microlib_freelist                      0x20000ab0   Data           4  mvars.o(.data)
    __microlib_freelist_initialised          0x20000ab4   Data           4  mvars.o(.data)
    hcrc                                     0x20003138   Data          36  main.o(.bss)
    huart1                                   0x2000315c   Data         128  main.o(.bss)
    __heap_base                              0x200031e0   Data           0  startup_stm32f767xx.o(HEAP)
    __heap_limit                             0x200051e0   Data           0  startup_stm32f767xx.o(HEAP)
    __initial_sp                             0x200071e0   Data           0  startup_stm32f767xx.o(STACK)



==============================================================================

Memory Map of the image

  Image Entry point : 0x080001f9

  Load Region LR_IROM1 (Base: 0x08000000, Size: 0x0004175c, Max: 0x00100000, ABSOLUTE, COMPRESSED[0x00041028])

    Execution Region ER_IROM1 (Exec base: 0x08000000, Load base: 0x08000000, Size: 0x00040ca0, Max: 0x00100000, ABSOLUTE)

    Exec Addr    Load Addr    Size         Type   Attr      Idx    E Section Name        Object

    0x08000000   0x08000000   0x000001f8   Data   RO            3    RESET               startup_stm32f767xx.o
    0x080001f8   0x080001f8   0x00000000   Code   RO         3596  * .ARM.Collect$$$$00000000  mc_w.l(entry.o)
    0x080001f8   0x080001f8   0x00000004   Code   RO         3942    .ARM.Collect$$$$00000001  mc_w.l(entry2.o)
    0x080001fc   0x080001fc   0x00000004   Code   RO         3945    .ARM.Collect$$$$00000004  mc_w.l(entry5.o)
    0x08000200   0x08000200   0x00000000   Code   RO         3947    .ARM.Collect$$$$00000008  mc_w.l(entry7b.o)
    0x08000200   0x08000200   0x00000000   Code   RO         3949    .ARM.Collect$$$$0000000A  mc_w.l(entry8b.o)
    0x08000200   0x08000200   0x00000008   Code   RO         3950    .ARM.Collect$$$$0000000B  mc_w.l(entry9a.o)
    0x08000208   0x08000208   0x00000004   Code   RO         3957    .ARM.Collect$$$$0000000E  mc_w.l(entry12b.o)
    0x0800020c   0x0800020c   0x00000000   Code   RO         3952    .ARM.Collect$$$$0000000F  mc_w.l(entry10a.o)
    0x0800020c   0x0800020c   0x00000000   Code   RO         3954    .ARM.Collect$$$$00000011  mc_w.l(entry11a.o)
    0x0800020c   0x0800020c   0x00000004   Code   RO         3943    .ARM.Collect$$$$00002712  mc_w.l(entry2.o)
    0x08000210   0x08000210   0x00000024   Code   RO            4    .text               startup_stm32f767xx.o
    0x08000234   0x08000234   0x00000062   Code   RO         3599    .text               mc_w.l(uldiv.o)
    0x08000296   0x08000296   0x00000024   Code   RO         3601    .text               mc_w.l(memcpya.o)
    0x080002ba   0x080002ba   0x00000024   Code   RO         3603    .text               mc_w.l(memseta.o)
    0x080002de   0x080002de   0x0000001a   Code   RO         3605    .text               mc_w.l(memcmp.o)
    0x080002f8   0x080002f8   0x0000001e   Code   RO         3961    .text               mc_w.l(llshl.o)
    0x08000316   0x08000316   0x00000020   Code   RO         3963    .text               mc_w.l(llushr.o)
    0x08000336   0x08000336   0x00000000   Code   RO         3974    .text               mc_w.l(iusefp.o)
    0x08000336   0x08000336   0x00000002   PAD
    0x08000338   0x08000338   0x00000024   Code   RO         3991    .text               mc_w.l(init.o)
    0x0800035c   0x0800035c   0x00000056   Code   RO         4007    .text               mc_w.l(__dczerorl2.o)
    0x080003b2   0x080003b2   0x00000002   Code   RO          574    i.BusFault_Handler  stm32f7xx_it.o
    0x080003b4   0x080003b4   0x000000a0   Code   RO         3010    i.CRC_Lock          NetworkRuntime520_CM7_Keil.lib(ai_platform_interface.o)
    0x08000454   0x08000454   0x00000002   Code   RO          575    i.DebugMon_Handler  stm32f7xx_it.o
    0x08000456   0x08000456   0x0000004e   Code   RO          911    i.HAL_CRCEx_Polynomial_Set  stm32f7xx_hal_crc_ex.o
    0x080004a4   0x080004a4   0x00000078   Code   RO          845    i.HAL_CRC_Init      stm32f7xx_hal_crc.o
    0x0800051c   0x0800051c   0x00000028   Code   RO          657    i.HAL_CRC_MspInit   stm32f7xx_hal_msp.o
    0x08000544   0x08000544   0x00000024   Code   RO         1359    i.HAL_DMA_Abort_IT  stm32f7xx_hal_dma.o
    0x08000568   0x08000568   0x000001d8   Code   RO         1292    i.HAL_GPIO_Init     stm32f7xx_hal_gpio.o
    0x08000740   0x08000740   0x0000000c   Code   RO         1735    i.HAL_GetTick       stm32f7xx_hal.o
    0x0800074c   0x0800074c   0x00000010   Code   RO         1741    i.HAL_IncTick       stm32f7xx_hal.o
    0x0800075c   0x0800075c   0x00000016   Code   RO         1742    i.HAL_Init          stm32f7xx_hal.o
    0x08000772   0x08000772   0x00000002   PAD
    0x08000774   0x08000774   0x00000040   Code   RO         1743    i.HAL_InitTick      stm32f7xx_hal.o
    0x080007b4   0x080007b4   0x00000030   Code   RO          658    i.HAL_MspInit       stm32f7xx_hal_msp.o
    0x080007e4   0x080007e4   0x0000001a   Code   RO          709    i.HAL_NVIC_EnableIRQ  stm32f7xx_hal_cortex.o
    0x080007fe   0x080007fe   0x00000002   PAD
    0x08000800   0x08000800   0x00000040   Code   RO          715    i.HAL_NVIC_SetPriority  stm32f7xx_hal_cortex.o
    0x08000840   0x08000840   0x00000024   Code   RO          716    i.HAL_NVIC_SetPriorityGrouping  stm32f7xx_hal_cortex.o
    0x08000864   0x08000864   0x0000006c   Code   RO         1632    i.HAL_PWREx_EnableOverDrive  stm32f7xx_hal_pwr_ex.o
    0x080008d0   0x080008d0   0x0000053c   Code   RO         1053    i.HAL_RCCEx_PeriphCLKConfig  stm32f7xx_hal_rcc_ex.o
    0x08000e0c   0x08000e0c   0x00000130   Code   RO          946    i.HAL_RCC_ClockConfig  stm32f7xx_hal_rcc.o
    0x08000f3c   0x08000f3c   0x00000020   Code   RO          953    i.HAL_RCC_GetPCLK1Freq  stm32f7xx_hal_rcc.o
    0x08000f5c   0x08000f5c   0x00000020   Code   RO          954    i.HAL_RCC_GetPCLK2Freq  stm32f7xx_hal_rcc.o
    0x08000f7c   0x08000f7c   0x00000064   Code   RO          955    i.HAL_RCC_GetSysClockFreq  stm32f7xx_hal_rcc.o
    0x08000fe0   0x08000fe0   0x00000398   Code   RO          958    i.HAL_RCC_OscConfig  stm32f7xx_hal_rcc.o
    0x08001378   0x08001378   0x00000026   Code   RO          720    i.HAL_SYSTICK_Config  stm32f7xx_hal_cortex.o
    0x0800139e   0x0800139e   0x00000002   Code   RO         2544    i.HAL_UARTEx_WakeupCallback  stm32f7xx_hal_uart.o
    0x080013a0   0x080013a0   0x00000002   Code   RO         2560    i.HAL_UART_ErrorCallback  stm32f7xx_hal_uart.o
    0x080013a2   0x080013a2   0x00000002   PAD
    0x080013a4   0x080013a4   0x0000015c   Code   RO         2563    i.HAL_UART_IRQHandler  stm32f7xx_hal_uart.o
    0x08001500   0x08001500   0x00000066   Code   RO         2564    i.HAL_UART_Init     stm32f7xx_hal_uart.o
    0x08001566   0x08001566   0x00000002   PAD
    0x08001568   0x08001568   0x00000074   Code   RO          660    i.HAL_UART_MspInit  stm32f7xx_hal_msp.o
    0x080015dc   0x080015dc   0x00000002   Code   RO         2576    i.HAL_UART_TxCpltCallback  stm32f7xx_hal_uart.o
    0x080015de   0x080015de   0x00000002   Code   RO          576    i.HardFault_Handler  stm32f7xx_it.o
    0x080015e0   0x080015e0   0x00000038   Code   RO          511    i.MX_USART1_UART_Init  main.o
    0x08001618   0x08001618   0x0000003c   Code   RO          329    i.MX_X_CUBE_AI_Init  app_x-cube-ai.o
    0x08001654   0x08001654   0x000000a8   Code   RO          330    i.MX_X_CUBE_AI_Process  app_x-cube-ai.o
    0x080016fc   0x080016fc   0x00000002   Code   RO          577    i.MemManage_Handler  stm32f7xx_it.o
    0x080016fe   0x080016fe   0x00000002   Code   RO          578    i.NMI_Handler       stm32f7xx_it.o
    0x08001700   0x08001700   0x00000002   Code   RO          579    i.PendSV_Handler    stm32f7xx_it.o
    0x08001702   0x08001702   0x00000002   Code   RO          580    i.SVC_Handler       stm32f7xx_it.o
    0x08001704   0x08001704   0x00000004   Code   RO          581    i.SysTick_Handler   stm32f7xx_it.o
    0x08001708   0x08001708   0x000000b8   Code   RO          512    i.SystemClock_Config  main.o
    0x080017c0   0x080017c0   0x0000001c   Code   RO         2976    i.SystemInit        system_stm32f7xx.o
    0x080017dc   0x080017dc   0x000000c8   Code   RO         2578    i.UART_AdvFeatureConfig  stm32f7xx_hal_uart.o
    0x080018a4   0x080018a4   0x00000058   Code   RO         2579    i.UART_CheckIdleState  stm32f7xx_hal_uart.o
    0x080018fc   0x080018fc   0x00000014   Code   RO         2580    i.UART_DMAAbortOnError  stm32f7xx_hal_uart.o
    0x08001910   0x08001910   0x00000020   Code   RO         2590    i.UART_EndRxTransfer  stm32f7xx_hal_uart.o
    0x08001930   0x08001930   0x0000025c   Code   RO         2594    i.UART_SetConfig    stm32f7xx_hal_uart.o
    0x08001b8c   0x08001b8c   0x000000a4   Code   RO         2597    i.UART_WaitOnFlagUntilTimeout  stm32f7xx_hal_uart.o
    0x08001c30   0x08001c30   0x0000000c   Code   RO          582    i.USART1_IRQHandler  stm32f7xx_it.o
    0x08001c3c   0x08001c3c   0x00000002   Code   RO          583    i.UsageFault_Handler  stm32f7xx_it.o
    0x08001c3e   0x08001c3e   0x00000002   PAD
    0x08001c40   0x08001c40   0x00000020   Code   RO         3816    i.__0printf$8       mc_w.l(printf8.o)
    0x08001c60   0x08001c60   0x00000026   Code   RO         3904    i.__ARM_fpclassifyf  m_wv.l(fpclassifyf.o)
    0x08001c86   0x08001c86   0x00000022   Code   RO          722    i.__NVIC_SetPriority  stm32f7xx_hal_cortex.o
    0x08001ca8   0x08001ca8   0x000000f8   Code   RO         3066    i.__ai_math_dot_array_opt  NetworkRuntime520_CM7_Keil.lib(layers_conv2d_generic_float.o)
    0x08001da0   0x08001da0   0x0000005c   Code   RO         3874    i.__free$realloc    mc_w.l(mallocr.o)
    0x08001dfc   0x08001dfc   0x000001f4   Code   RO         3484    i.__hardfp_expf     m_wv.l(expf.o)
    0x08001ff0   0x08001ff0   0x00000050   Code   RO         3875    i.__malloc$realloc  mc_w.l(mallocr.o)
    0x08002040   0x08002040   0x00000006   Code   RO         3907    i.__mathlib_flt_infnan  m_wv.l(funder.o)
    0x08002046   0x08002046   0x00000002   PAD
    0x08002048   0x08002048   0x00000010   Code   RO         3910    i.__mathlib_flt_overflow  m_wv.l(funder.o)
    0x08002058   0x08002058   0x00000010   Code   RO         3912    i.__mathlib_flt_underflow  m_wv.l(funder.o)
    0x08002068   0x08002068   0x0000000e   Code   RO         4001    i.__scatterload_copy  mc_w.l(handlers.o)
    0x08002076   0x08002076   0x00000002   Code   RO         4002    i.__scatterload_null  mc_w.l(handlers.o)
    0x08002078   0x08002078   0x0000000e   Code   RO         4003    i.__scatterload_zeroinit  mc_w.l(handlers.o)
    0x08002086   0x08002086   0x00000002   PAD
    0x08002088   0x08002088   0x0000000c   Code   RO         3969    i.__set_errno       mc_w.l(errno.o)
    0x08002094   0x08002094   0x000000aa   Code   RO         3011    i._ai_platform_get_io_buffers_info  NetworkRuntime520_CM7_Keil.lib(ai_platform_interface.o)
    0x0800213e   0x0800213e   0x00000216   Code   RO         3012    i._platform_network_io_bind  NetworkRuntime520_CM7_Keil.lib(ai_platform_interface.o)
    0x08002354   0x08002354   0x00000038   Code   RO         3013    i._platform_network_state_setup  NetworkRuntime520_CM7_Keil.lib(ai_platform_interface.o)
    0x0800238c   0x0800238c   0x0000006c   Code   RO         3014    i._platform_network_state_update_input  NetworkRuntime520_CM7_Keil.lib(ai_platform_interface.o)
    0x080023f8   0x080023f8   0x00000080   Code   RO         3015    i._platform_network_state_update_output  NetworkRuntime520_CM7_Keil.lib(ai_platform_interface.o)
    0x08002478   0x08002478   0x00000404   Code   RO         3823    i._printf_core      mc_w.l(printf8.o)
    0x0800287c   0x0800287c   0x00000024   Code   RO         3824    i._printf_post_padding  mc_w.l(printf8.o)
    0x080028a0   0x080028a0   0x0000002e   Code   RO         3825    i._printf_pre_padding  mc_w.l(printf8.o)
    0x080028ce   0x080028ce   0x00000044   Code   RO         3271    i.ai_array_get_byte_size  NetworkRuntime520_CM7_Keil.lib(ai_datatypes_format.o)
    0x08002912   0x08002912   0x00000002   PAD
    0x08002914   0x08002914   0x000000ec   Code   RO         3274    i.ai_array_to_buffer_fmt  NetworkRuntime520_CM7_Keil.lib(ai_datatypes_format.o)
    0x08002a00   0x08002a00   0x000000a4   Code   RO          332    i.ai_boostrap       app_x-cube-ai.o
    0x08002aa4   0x08002aa4   0x0000002c   Code   RO         3334    i.ai_check_custom_types  NetworkRuntime520_CM7_Keil.lib(layers.o)
    0x08002ad0   0x08002ad0   0x00000130   Code   RO         3067    i.ai_conv2d_kernel_depthwise_f32  NetworkRuntime520_CM7_Keil.lib(layers_conv2d_generic_float.o)
    0x08002c00   0x08002c00   0x00000180   Code   RO         3068    i.ai_conv2d_kernel_group_f32  NetworkRuntime520_CM7_Keil.lib(layers_conv2d_generic_float.o)
    0x08002d80   0x08002d80   0x00000172   Code   RO         3069    i.ai_conv2d_kernel_simple_opt_f32  NetworkRuntime520_CM7_Keil.lib(layers_conv2d_generic_float.o)
    0x08002ef2   0x08002ef2   0x00000002   PAD
    0x08002ef4   0x08002ef4   0x0000026c   Code   RO         3070    i.ai_conv2d_stripe_f32  NetworkRuntime520_CM7_Keil.lib(layers_conv2d_generic_float.o)
    0x08003160   0x08003160   0x00000130   Code   RO         3071    i.ai_dict4_dot_array_f32  NetworkRuntime520_CM7_Keil.lib(layers_conv2d_generic_float.o)
    0x08003290   0x08003290   0x000000fc   Code   RO         3072    i.ai_dict8_dot_array_f32  NetworkRuntime520_CM7_Keil.lib(layers_conv2d_generic_float.o)
    0x0800338c   0x0800338c   0x0000007a   Code   RO         3073    i.ai_dict_decompress_f32  NetworkRuntime520_CM7_Keil.lib(layers_conv2d_generic_float.o)
    0x08003406   0x08003406   0x00000012   Code   RO         3335    i.ai_forward_layer  NetworkRuntime520_CM7_Keil.lib(layers.o)
    0x08003418   0x08003418   0x0000004a   Code   RO         3338    i.ai_layers_forward_all  NetworkRuntime520_CM7_Keil.lib(layers.o)
    0x08003462   0x08003462   0x00000002   PAD
    0x08003464   0x08003464   0x00000084   Code   RO          333    i.ai_log_err        app_x-cube-ai.o
    0x080034e8   0x080034e8   0x00000018   Code   RO           10    i.ai_network_create  network.o
    0x08003500   0x08003500   0x00000008   Code   RO          307    i.ai_network_data_weights_get  network_data.o
    0x08003508   0x08003508   0x00000004   Code   RO           13    i.ai_network_get_error  network.o
    0x0800350c   0x0800350c   0x00000058   Code   RO           14    i.ai_network_get_info  network.o
    0x08003564   0x08003564   0x00000036   Code   RO           15    i.ai_network_init   network.o
    0x0800359a   0x0800359a   0x00000004   Code   RO           16    i.ai_network_run    network.o
    0x0800359e   0x0800359e   0x00000002   PAD
    0x080035a0   0x080035a0   0x000000bc   Code   RO         3017    i.ai_platform_api_get_network_report  NetworkRuntime520_CM7_Keil.lib(ai_platform_interface.o)
    0x0800365c   0x0800365c   0x00000014   Code   RO         3018    i.ai_platform_api_get_version  NetworkRuntime520_CM7_Keil.lib(ai_platform_interface.o)
    0x08003670   0x08003670   0x0000001c   Code   RO         3019    i.ai_platform_context_acquire  NetworkRuntime520_CM7_Keil.lib(ai_platform_interface.o)
    0x0800368c   0x0800368c   0x00000014   Code   RO         3021    i.ai_platform_interface_api_get_version  NetworkRuntime520_CM7_Keil.lib(ai_platform_interface.o)
    0x080036a0   0x080036a0   0x0000006c   Code   RO         3022    i.ai_platform_network_create  NetworkRuntime520_CM7_Keil.lib(ai_platform_interface.o)
    0x0800370c   0x0800370c   0x0000001c   Code   RO         3024    i.ai_platform_network_get_error  NetworkRuntime520_CM7_Keil.lib(ai_platform_interface.o)
    0x08003728   0x08003728   0x0000007e   Code   RO         3025    i.ai_platform_network_init  NetworkRuntime520_CM7_Keil.lib(ai_platform_interface.o)
    0x080037a6   0x080037a6   0x00000040   Code   RO         3026    i.ai_platform_network_post_init  NetworkRuntime520_CM7_Keil.lib(ai_platform_interface.o)
    0x080037e6   0x080037e6   0x00000056   Code   RO         3027    i.ai_platform_network_process  NetworkRuntime520_CM7_Keil.lib(ai_platform_interface.o)
    0x0800383c   0x0800383c   0x0000000c   Code   RO         3028    i.ai_platform_network_set_error  NetworkRuntime520_CM7_Keil.lib(ai_platform_interface.o)
    0x08003848   0x08003848   0x00000010   Code   RO         3034    i.ai_platform_runtime_get_revision  NetworkRuntime520_CM7_Keil.lib(ai_platform_interface.o)
    0x08003858   0x08003858   0x00000014   Code   RO         3035    i.ai_platform_runtime_get_version  NetworkRuntime520_CM7_Keil.lib(ai_platform_interface.o)
    0x0800386c   0x0800386c   0x0000001a   Code   RO         3105    i.ai_shape_get_size  NetworkRuntime520_CM7_Keil.lib(layers_nl_generic_float.o)
    0x08003886   0x08003886   0x0000000c   Code   RO         3346    i.core_get_error    NetworkRuntime520_CM7_Keil.lib(core_common.o)
    0x08003892   0x08003892   0x00000004   Code   RO         3347    i.core_init         NetworkRuntime520_CM7_Keil.lib(core_common.o)
    0x08003896   0x08003896   0x00000010   Code   RO         3075    i.core_nl_get_params_byte_size  NetworkRuntime520_CM7_Keil.lib(layers_conv2d_generic_float.o)
    0x080038a6   0x080038a6   0x00000012   Code   RO         3076    i.core_nl_get_params_ptr  NetworkRuntime520_CM7_Keil.lib(layers_conv2d_generic_float.o)
    0x080038b8   0x080038b8   0x0000000a   Code   RO         3077    i.core_nl_get_params_stride  NetworkRuntime520_CM7_Keil.lib(layers_conv2d_generic_float.o)
    0x080038c2   0x080038c2   0x0000001a   Code   RO         3348    i.core_set_error    NetworkRuntime520_CM7_Keil.lib(core_common.o)
    0x080038dc   0x080038dc   0x00000480   Code   RO         3079    i.forward_conv2d_nl_pool  NetworkRuntime520_CM7_Keil.lib(layers_conv2d_generic_float.o)
    0x08003d5c   0x08003d5c   0x00000190   Code   RO         3080    i.forward_dense     NetworkRuntime520_CM7_Keil.lib(layers_conv2d_generic_float.o)
    0x08003eec   0x08003eec   0x0000009a   Code   RO         3127    i.forward_relu      NetworkRuntime520_CM7_Keil.lib(layers_nl_generic_float.o)
    0x08003f86   0x08003f86   0x0000006c   Code   RO         3136    i.forward_sm        NetworkRuntime520_CM7_Keil.lib(layers_nl_generic_float.o)
    0x08003ff2   0x08003ff2   0x00000002   PAD
    0x08003ff4   0x08003ff4   0x00000014   Code   RO          513    i.fputc             main.o
    0x08004008   0x08004008   0x00000002   Code   RO         3083    i.func_dummy        NetworkRuntime520_CM7_Keil.lib(layers_conv2d_generic_float.o)
    0x0800400a   0x0800400a   0x00000002   PAD
    0x0800400c   0x0800400c   0x00000050   Code   RO         3876    i.internal_alloc    mc_w.l(mallocr.o)
    0x0800405c   0x0800405c   0x000000dc   Code   RO          514    i.main              main.o
    0x08004138   0x08004138   0x00000074   Code   RO           17    i.network_configure_activations  network.o
    0x080041ac   0x080041ac   0x000000f8   Code   RO           18    i.network_configure_weights  network.o
    0x080042a4   0x080042a4   0x00000034   Code   RO         3163    i.nl_func_relu_array_f32  NetworkRuntime520_CM7_Keil.lib(layers_nl_generic_float.o)
    0x080042d8   0x080042d8   0x000000c0   Code   RO         3164    i.nl_func_relu_generic_array_f32  NetworkRuntime520_CM7_Keil.lib(layers_nl_generic_float.o)
    0x08004398   0x08004398   0x00000044   Code   RO         3165    i.nl_func_relu_thresholded_array_f32  NetworkRuntime520_CM7_Keil.lib(layers_nl_generic_float.o)
    0x080043dc   0x080043dc   0x0000004c   Code   RO         3173    i.nl_func_sm_array_f32  NetworkRuntime520_CM7_Keil.lib(layers_nl_generic_float.o)
    0x08004428   0x08004428   0x00000088   Code   RO         3174    i.nl_func_sm_channel_f32  NetworkRuntime520_CM7_Keil.lib(layers_nl_generic_float.o)
    0x080044b0   0x080044b0   0x000001a0   Code   RO         3259    i.pool_func_mp_array_f32  NetworkRuntime520_CM7_Keil.lib(layers_pool_generic_float.o)
    0x08004650   0x08004650   0x00000008   Data   RO           26    .constdata          network.o
    0x08004658   0x08004658   0x00000008   Data   RO           27    .constdata          network.o
    0x08004660   0x08004660   0x00000008   Data   RO           28    .constdata          network.o
    0x08004668   0x08004668   0x00000008   Data   RO           29    .constdata          network.o
    0x08004670   0x08004670   0x00000008   Data   RO           30    .constdata          network.o
    0x08004678   0x08004678   0x00000008   Data   RO           31    .constdata          network.o
    0x08004680   0x08004680   0x00000008   Data   RO           32    .constdata          network.o
    0x08004688   0x08004688   0x00000008   Data   RO           33    .constdata          network.o
    0x08004690   0x08004690   0x00000074   Data   RO           34    .constdata          network.o
    0x08004704   0x08004704   0x0003c428   Data   RO          308    .constdata          network_data.o
    0x08040b2c   0x08040b2c   0x00000038   Data   RO          336    .constdata          app_x-cube-ai.o
    0x08040b64   0x08040b64   0x00000010   Data   RO         2977    .constdata          system_stm32f7xx.o
    0x08040b74   0x08040b74   0x00000008   Data   RO         2978    .constdata          system_stm32f7xx.o
    0x08040b7c   0x08040b7c   0x00000020   Data   RO         3036    .constdata          NetworkRuntime520_CM7_Keil.lib(ai_platform_interface.o)
    0x08040b9c   0x08040b9c   0x00000030   Data   RO         3487    .constdata          m_wv.l(expf.o)
    0x08040bcc   0x08040bcc   0x0000006c   Data   RO           35    .conststring        network.o
    0x08040c38   0x08040c38   0x00000046   Data   RO          337    .conststring        app_x-cube-ai.o
    0x08040c7e   0x08040c7e   0x00000002   PAD
    0x08040c80   0x08040c80   0x00000020   Data   RO         3999    Region$$Table       anon$$obj.o


    Execution Region RW_IRAM1 (Exec base: 0x20000000, Load base: 0x08040ca0, Size: 0x000071e0, Max: 0x00080000, ABSOLUTE, COMPRESSED[0x00000388])

    Exec Addr    Load Addr    Size         Type   Attr      Idx    E Section Name        Object

    0x20000000   COMPRESSED   0x00000010   Data   RW           36    .data               network.o
    0x20000010   COMPRESSED   0x00000010   Data   RW           37    .data               network.o
    0x20000020   COMPRESSED   0x00000010   Data   RW           38    .data               network.o
    0x20000030   COMPRESSED   0x00000010   Data   RW           39    .data               network.o
    0x20000040   COMPRESSED   0x00000010   Data   RW           40    .data               network.o
    0x20000050   COMPRESSED   0x00000010   Data   RW           41    .data               network.o
    0x20000060   COMPRESSED   0x00000010   Data   RW           42    .data               network.o
    0x20000070   COMPRESSED   0x00000010   Data   RW           43    .data               network.o
    0x20000080   COMPRESSED   0x00000010   Data   RW           44    .data               network.o
    0x20000090   COMPRESSED   0x00000010   Data   RW           45    .data               network.o
    0x200000a0   COMPRESSED   0x00000010   Data   RW           46    .data               network.o
    0x200000b0   COMPRESSED   0x00000010   Data   RW           47    .data               network.o
    0x200000c0   COMPRESSED   0x00000010   Data   RW           48    .data               network.o
    0x200000d0   COMPRESSED   0x00000010   Data   RW           49    .data               network.o
    0x200000e0   COMPRESSED   0x00000010   Data   RW           50    .data               network.o
    0x200000f0   COMPRESSED   0x00000010   Data   RW           51    .data               network.o
    0x20000100   COMPRESSED   0x00000010   Data   RW           52    .data               network.o
    0x20000110   COMPRESSED   0x00000010   Data   RW           53    .data               network.o
    0x20000120   COMPRESSED   0x00000010   Data   RW           54    .data               network.o
    0x20000130   COMPRESSED   0x00000010   Data   RW           55    .data               network.o
    0x20000140   COMPRESSED   0x00000010   Data   RW           56    .data               network.o
    0x20000150   COMPRESSED   0x00000010   Data   RW           57    .data               network.o
    0x20000160   COMPRESSED   0x00000010   Data   RW           58    .data               network.o
    0x20000170   COMPRESSED   0x00000010   Data   RW           59    .data               network.o
    0x20000180   COMPRESSED   0x00000010   Data   RW           60    .data               network.o
    0x20000190   COMPRESSED   0x00000010   Data   RW           61    .data               network.o
    0x200001a0   COMPRESSED   0x00000010   Data   RW           62    .data               network.o
    0x200001b0   COMPRESSED   0x00000010   Data   RW           63    .data               network.o
    0x200001c0   COMPRESSED   0x00000010   Data   RW           64    .data               network.o
    0x200001d0   COMPRESSED   0x00000010   Data   RW           65    .data               network.o
    0x200001e0   COMPRESSED   0x00000010   Data   RW           66    .data               network.o
    0x200001f0   COMPRESSED   0x00000010   Data   RW           67    .data               network.o
    0x20000200   COMPRESSED   0x00000010   Data   RW           68    .data               network.o
    0x20000210   COMPRESSED   0x00000010   Data   RW           69    .data               network.o
    0x20000220   COMPRESSED   0x00000010   Data   RW           70    .data               network.o
    0x20000230   COMPRESSED   0x00000010   Data   RW           71    .data               network.o
    0x20000240   COMPRESSED   0x00000010   Data   RW           72    .data               network.o
    0x20000250   COMPRESSED   0x00000010   Data   RW           73    .data               network.o
    0x20000260   COMPRESSED   0x00000010   Data   RW           74    .data               network.o
    0x20000270   COMPRESSED   0x00000010   Data   RW           75    .data               network.o
    0x20000280   COMPRESSED   0x00000010   Data   RW           76    .data               network.o
    0x20000290   COMPRESSED   0x00000010   Data   RW           77    .data               network.o
    0x200002a0   COMPRESSED   0x00000010   Data   RW           78    .data               network.o
    0x200002b0   COMPRESSED   0x00000010   Data   RW           79    .data               network.o
    0x200002c0   COMPRESSED   0x00000004   Data   RW           80    .data               network.o
    0x200002c4   COMPRESSED   0x00000004   Data   RW           81    .data               network.o
    0x200002c8   COMPRESSED   0x0000000c   Data   RW           82    .data               network.o
    0x200002d4   COMPRESSED   0x00000004   Data   RW           83    .data               network.o
    0x200002d8   COMPRESSED   0x00000030   Data   RW           84    .data               network.o
    0x20000308   COMPRESSED   0x00000010   Data   RW           85    .data               network.o
    0x20000318   COMPRESSED   0x00000004   Data   RW           86    .data               network.o
    0x2000031c   COMPRESSED   0x00000004   Data   RW           87    .data               network.o
    0x20000320   COMPRESSED   0x0000000c   Data   RW           88    .data               network.o
    0x2000032c   COMPRESSED   0x00000004   Data   RW           89    .data               network.o
    0x20000330   COMPRESSED   0x00000030   Data   RW           90    .data               network.o
    0x20000360   COMPRESSED   0x00000004   Data   RW           91    .data               network.o
    0x20000364   COMPRESSED   0x00000004   Data   RW           92    .data               network.o
    0x20000368   COMPRESSED   0x00000008   Data   RW           93    .data               network.o
    0x20000370   COMPRESSED   0x00000004   Data   RW           94    .data               network.o
    0x20000374   COMPRESSED   0x00000030   Data   RW           95    .data               network.o
    0x200003a4   COMPRESSED   0x00000004   Data   RW           96    .data               network.o
    0x200003a8   COMPRESSED   0x00000004   Data   RW           97    .data               network.o
    0x200003ac   COMPRESSED   0x00000004   Data   RW           98    .data               network.o
    0x200003b0   COMPRESSED   0x00000004   Data   RW           99    .data               network.o
    0x200003b4   COMPRESSED   0x00000030   Data   RW          100    .data               network.o
    0x200003e4   COMPRESSED   0x00000004   Data   RW          101    .data               network.o
    0x200003e8   COMPRESSED   0x00000004   Data   RW          102    .data               network.o
    0x200003ec   COMPRESSED   0x00000008   Data   RW          103    .data               network.o
    0x200003f4   COMPRESSED   0x00000004   Data   RW          104    .data               network.o
    0x200003f8   COMPRESSED   0x00000030   Data   RW          105    .data               network.o
    0x20000428   COMPRESSED   0x00000004   Data   RW          106    .data               network.o
    0x2000042c   COMPRESSED   0x00000004   Data   RW          107    .data               network.o
    0x20000430   COMPRESSED   0x00000004   Data   RW          108    .data               network.o
    0x20000434   COMPRESSED   0x00000004   Data   RW          109    .data               network.o
    0x20000438   COMPRESSED   0x00000030   Data   RW          110    .data               network.o
    0x20000468   COMPRESSED   0x00000004   Data   RW          111    .data               network.o
    0x2000046c   COMPRESSED   0x00000004   Data   RW          112    .data               network.o
    0x20000470   COMPRESSED   0x00000008   Data   RW          113    .data               network.o
    0x20000478   COMPRESSED   0x00000004   Data   RW          114    .data               network.o
    0x2000047c   COMPRESSED   0x00000030   Data   RW          115    .data               network.o
    0x200004ac   COMPRESSED   0x00000004   Data   RW          116    .data               network.o
    0x200004b0   COMPRESSED   0x00000004   Data   RW          117    .data               network.o
    0x200004b4   COMPRESSED   0x00000004   Data   RW          118    .data               network.o
    0x200004b8   COMPRESSED   0x00000004   Data   RW          119    .data               network.o
    0x200004bc   COMPRESSED   0x00000030   Data   RW          120    .data               network.o
    0x200004ec   COMPRESSED   0x00000004   Data   RW          121    .data               network.o
    0x200004f0   COMPRESSED   0x00000008   Data   RW          122    .data               network.o
    0x200004f8   COMPRESSED   0x0000000c   Data   RW          123    .data               network.o
    0x20000504   COMPRESSED   0x00000004   Data   RW          124    .data               network.o
    0x20000508   COMPRESSED   0x00000008   Data   RW          125    .data               network.o
    0x20000510   COMPRESSED   0x0000000c   Data   RW          126    .data               network.o
    0x2000051c   COMPRESSED   0x00000018   Data   RW          127    .data               network.o
    0x20000534   COMPRESSED   0x000001b0   Data   RW          128    .data               network.o
    0x200006e4   COMPRESSED   0x0000001c   Data   RW          129    .data               network.o
    0x20000700   COMPRESSED   0x0000001c   Data   RW          130    .data               network.o
    0x2000071c   COMPRESSED   0x0000001c   Data   RW          131    .data               network.o
    0x20000738   COMPRESSED   0x0000001c   Data   RW          132    .data               network.o
    0x20000754   COMPRESSED   0x0000001c   Data   RW          133    .data               network.o
    0x20000770   COMPRESSED   0x0000001c   Data   RW          134    .data               network.o
    0x2000078c   COMPRESSED   0x0000001c   Data   RW          135    .data               network.o
    0x200007a8   COMPRESSED   0x0000001c   Data   RW          136    .data               network.o
    0x200007c4   COMPRESSED   0x0000001c   Data   RW          137    .data               network.o
    0x200007e0   COMPRESSED   0x0000001c   Data   RW          138    .data               network.o
    0x200007fc   COMPRESSED   0x0000001c   Data   RW          139    .data               network.o
    0x20000818   COMPRESSED   0x0000001c   Data   RW          140    .data               network.o
    0x20000834   COMPRESSED   0x0000001c   Data   RW          141    .data               network.o
    0x20000850   COMPRESSED   0x0000001c   Data   RW          142    .data               network.o
    0x2000086c   COMPRESSED   0x0000001c   Data   RW          143    .data               network.o
    0x20000888   COMPRESSED   0x0000001c   Data   RW          144    .data               network.o
    0x200008a4   COMPRESSED   0x0000001c   Data   RW          145    .data               network.o
    0x200008c0   COMPRESSED   0x0000001c   Data   RW          146    .data               network.o
    0x200008dc   COMPRESSED   0x0000001c   Data   RW          147    .data               network.o
    0x200008f8   COMPRESSED   0x0000001c   Data   RW          148    .data               network.o
    0x20000914   COMPRESSED   0x0000001c   Data   RW          149    .data               network.o
    0x20000930   COMPRESSED   0x0000001c   Data   RW          150    .data               network.o
    0x2000094c   COMPRESSED   0x00000058   Data   RW          151    .data               network.o
    0x200009a4   COMPRESSED   0x00000058   Data   RW          152    .data               network.o
    0x200009fc   COMPRESSED   0x00000018   Data   RW          153    .data               network.o
    0x20000a14   COMPRESSED   0x0000001c   Data   RW          154    .data               network.o
    0x20000a30   COMPRESSED   0x00000018   Data   RW          155    .data               network.o
    0x20000a48   COMPRESSED   0x0000001c   Data   RW          156    .data               network.o
    0x20000a64   COMPRESSED   0x00000018   Data   RW          157    .data               network.o
    0x20000a7c   COMPRESSED   0x0000001c   Data   RW          158    .data               network.o
    0x20000a98   COMPRESSED   0x00000004   Data   RW          338    .data               app_x-cube-ai.o
    0x20000a9c   COMPRESSED   0x0000000c   Data   RW         1749    .data               stm32f7xx_hal.o
    0x20000aa8   COMPRESSED   0x00000004   Data   RW         2979    .data               system_stm32f7xx.o
    0x20000aac   COMPRESSED   0x00000004   Data   RW         3958    .data               mc_w.l(stdout.o)
    0x20000ab0   COMPRESSED   0x00000004   Data   RW         3965    .data               mc_w.l(mvars.o)
    0x20000ab4   COMPRESSED   0x00000004   Data   RW         3966    .data               mc_w.l(mvars.o)
    0x20000ab8   COMPRESSED   0x00000004   Data   RW         3970    .data               mc_w.l(errno.o)
    0x20000abc        -       0x00000010   Zero   RW           19    .bss                network.o
    0x20000acc        -       0x00000010   Zero   RW           20    .bss                network.o
    0x20000adc        -       0x00000010   Zero   RW           21    .bss                network.o
    0x20000aec        -       0x00000018   Zero   RW           22    .bss                network.o
    0x20000b04        -       0x00000010   Zero   RW           23    .bss                network.o
    0x20000b14        -       0x00000018   Zero   RW           24    .bss                network.o
    0x20000b2c        -       0x00000010   Zero   RW           25    .bss                network.o
    0x20000b3c        -       0x000025fc   Zero   RW          335    .bss                app_x-cube-ai.o
    0x20003138        -       0x000000a4   Zero   RW          515    .bss                main.o
    0x200031dc   COMPRESSED   0x00000004   PAD
    0x200031e0        -       0x00002000   Zero   RW            2    HEAP                startup_stm32f767xx.o
    0x200051e0        -       0x00002000   Zero   RW            1    STACK               startup_stm32f767xx.o


==============================================================================

Image component sizes


      Code (inc. data)   RO Data    RW Data    ZI Data      Debug   Object Name

       524        302        126          4       9724     843431   app_x-cube-ai.o
       480         52          0          0        164      39801   main.o
       538         34        288       2712        128      52020   network.o
         8          4     246824          0          0       9470   network_data.o
        36          8        504          0      16384        832   startup_stm32f767xx.o
       114         20          0         12          0       8533   stm32f7xx_hal.o
       198         12          0          0          0      38963   stm32f7xx_hal_cortex.o
       120          6          0          0          0       1155   stm32f7xx_hal_crc.o
        78          0          0          0          0       1267   stm32f7xx_hal_crc_ex.o
        36          0          0          0          0       1215   stm32f7xx_hal_dma.o
       472         52          0          0          0       1892   stm32f7xx_hal_gpio.o
       204         28          0          0          0       2147   stm32f7xx_hal_msp.o
       108          8          0          0          0       1260   stm32f7xx_hal_pwr_ex.o
      1388         70          0          0          0       5164   stm32f7xx_hal_rcc.o
      1340         22          0          0          0       2316   stm32f7xx_hal_rcc_ex.o
      1564         74          0          0          0       9198   stm32f7xx_hal_uart.o
        32          6          0          0          0       4606   stm32f7xx_it.o
        28          6         24          4          0       1151   system_stm32f7xx.o

    ----------------------------------------------------------------------
      7280        704     247800       2732      26404    1024421   Object Totals
         0          0         32          0          0          0   (incl. Generated)
        12          0          2          0          4          0   (incl. Padding)

    ----------------------------------------------------------------------

      Code (inc. data)   RO Data    RW Data    ZI Data      Debug   Library Member Name

       304         34          0          0          0        256   ai_datatypes_format.o
      1872         80         32          0          0       2320   ai_platform_interface.o
        42          0          0          0          0        348   core_common.o
       136          6          0          0          0        376   layers.o
      4202         38          0          0          0       1912   layers_conv2d_generic_float.o
       812         22          0          0          0       1068   layers_nl_generic_float.o
       416          4          0          0          0        148   layers_pool_generic_float.o
       500         74         48          0          0        236   expf.o
        38          0          0          0          0        116   fpclassifyf.o
        38         12          0          0          0        348   funder.o
        86          0          0          0          0          0   __dczerorl2.o
         0          0          0          0          0          0   entry.o
         0          0          0          0          0          0   entry10a.o
         0          0          0          0          0          0   entry11a.o
         4          0          0          0          0          0   entry12b.o
         8          4          0          0          0          0   entry2.o
         4          0          0          0          0          0   entry5.o
         0          0          0          0          0          0   entry7b.o
         0          0          0          0          0          0   entry8b.o
         8          4          0          0          0          0   entry9a.o
        12          6          0          4          0         68   errno.o
        30          0          0          0          0          0   handlers.o
        36          8          0          0          0         68   init.o
         0          0          0          0          0          0   iusefp.o
        30          0          0          0          0         68   llshl.o
        32          0          0          0          0         68   llushr.o
       252         24          0          0          0        252   mallocr.o
        26          0          0          0          0         80   memcmp.o
        36          0          0          0          0         68   memcpya.o
        36          0          0          0          0        108   memseta.o
         0          0          0          8          0          0   mvars.o
      1142         54          0          0          0        352   printf8.o
         0          0          0          4          0          0   stdout.o
        98          0          0          0          0         92   uldiv.o

    ----------------------------------------------------------------------
     10216        370         80         16          0       8352   Library Totals
        16          0          0          0          0          0   (incl. Padding)

    ----------------------------------------------------------------------

      Code (inc. data)   RO Data    RW Data    ZI Data      Debug   Library Name

      7784        184         32          0          0       6428   NetworkRuntime520_CM7_Keil.lib
       576         86         48          0          0        700   m_wv.l
      1840        100          0         16          0       1224   mc_w.l

    ----------------------------------------------------------------------
     10216        370         80         16          0       8352   Library Totals

    ----------------------------------------------------------------------

==============================================================================


      Code (inc. data)   RO Data    RW Data    ZI Data      Debug   

     17496       1074     247880       2748      26404    1022285   Grand Totals
     17496       1074     247880        904      26404    1022285   ELF Image Totals (compressed)
     17496       1074     247880        904          0          0   ROM Totals

==============================================================================

    Total RO  Size (Code + RO Data)               265376 ( 259.16kB)
    Total RW  Size (RW Data + ZI Data)             29152 (  28.47kB)
    Total ROM Size (Code + RO Data + RW Data)     266280 ( 260.04kB)

==============================================================================

