Component: ARM Compiler 5.06 update 7 (build 960) Tool: armlink [4d3601]

==============================================================================

Section Cross References

    startup_stm32f767xx.o(RESET) refers to startup_stm32f767xx.o(STACK) for __initial_sp
    startup_stm32f767xx.o(RESET) refers to startup_stm32f767xx.o(.text) for Reset_Handler
    startup_stm32f767xx.o(RESET) refers to stm32f7xx_it.o(i.NMI_Handler) for NMI_Handler
    startup_stm32f767xx.o(RESET) refers to stm32f7xx_it.o(i.HardFault_Handler) for HardFault_Handler
    startup_stm32f767xx.o(RESET) refers to stm32f7xx_it.o(i.MemManage_Handler) for MemManage_Handler
    startup_stm32f767xx.o(RESET) refers to stm32f7xx_it.o(i.BusFault_Handler) for BusFault_Handler
    startup_stm32f767xx.o(RESET) refers to stm32f7xx_it.o(i.UsageFault_Handler) for UsageFault_Handler
    startup_stm32f767xx.o(RESET) refers to stm32f7xx_it.o(i.SVC_Handler) for SVC_Handler
    startup_stm32f767xx.o(RESET) refers to stm32f7xx_it.o(i.DebugMon_Handler) for DebugMon_Handler
    startup_stm32f767xx.o(RESET) refers to stm32f7xx_it.o(i.PendSV_Handler) for PendSV_Handler
    startup_stm32f767xx.o(RESET) refers to stm32f7xx_it.o(i.SysTick_Handler) for SysTick_Handler
    startup_stm32f767xx.o(RESET) refers to usart.o(i.USART1_IRQHandler) for USART1_IRQHandler
    startup_stm32f767xx.o(RESET) refers to dcmi.o(i.DMA2_Stream1_IRQHandler) for DMA2_Stream1_IRQHandler
    startup_stm32f767xx.o(RESET) refers to dcmi.o(i.DCMI_IRQHandler) for DCMI_IRQHandler
    startup_stm32f767xx.o(.text) refers to system_stm32f7xx.o(i.SystemInit) for SystemInit
    startup_stm32f767xx.o(.text) refers to entry.o(.ARM.Collect$$$$00000000) for __main
    network.o(i.ai_network_create) refers to ai_platform_interface.o(i.ai_platform_network_create) for ai_platform_network_create
    network.o(i.ai_network_create) refers to network.o(.data) for .data
    network.o(i.ai_network_destroy) refers to ai_platform_interface.o(i.ai_platform_network_destroy) for ai_platform_network_destroy
    network.o(i.ai_network_forward) refers to ai_platform_interface.o(i.ai_platform_network_process) for ai_platform_network_process
    network.o(i.ai_network_get_error) refers to ai_platform_interface.o(i.ai_platform_network_get_error) for ai_platform_network_get_error
    network.o(i.ai_network_get_info) refers to ai_platform_interface.o(i.ai_platform_context_acquire) for ai_platform_context_acquire
    network.o(i.ai_network_get_info) refers to memcpya.o(.text) for __aeabi_memcpy4
    network.o(i.ai_network_get_info) refers to ai_platform_interface.o(i.ai_platform_runtime_get_revision) for ai_platform_runtime_get_revision
    network.o(i.ai_network_get_info) refers to ai_platform_interface.o(i.ai_platform_runtime_get_version) for ai_platform_runtime_get_version
    network.o(i.ai_network_get_info) refers to ai_platform_interface.o(i.ai_platform_api_get_version) for ai_platform_api_get_version
    network.o(i.ai_network_get_info) refers to ai_platform_interface.o(i.ai_platform_interface_api_get_version) for ai_platform_interface_api_get_version
    network.o(i.ai_network_get_info) refers to ai_platform_interface.o(i.ai_platform_api_get_network_report) for ai_platform_api_get_network_report
    network.o(i.ai_network_get_info) refers to network.o(.constdata) for .constdata
    network.o(i.ai_network_init) refers to ai_platform_interface.o(i.ai_platform_network_init) for ai_platform_network_init
    network.o(i.ai_network_init) refers to network.o(i.network_configure_weights) for network_configure_weights
    network.o(i.ai_network_init) refers to network.o(i.network_configure_activations) for network_configure_activations
    network.o(i.ai_network_init) refers to ai_platform_interface.o(i.ai_platform_network_post_init) for ai_platform_network_post_init
    network.o(i.ai_network_run) refers to ai_platform_interface.o(i.ai_platform_network_process) for ai_platform_network_process
    network.o(i.network_configure_activations) refers to network.o(.data) for .data
    network.o(i.network_configure_weights) refers to network.o(.data) for .data
    network.o(.constdata) refers to network.o(.data) for <Data49>
    network.o(.constdata) refers to network.o(.data) for <Data56>
    network.o(.constdata) refers to network.o(.data) for <Data63>
    network.o(.constdata) refers to network.o(.data) for <Data68>
    network.o(.constdata) refers to network.o(.data) for <Data73>
    network.o(.constdata) refers to network.o(.data) for <Data78>
    network.o(.constdata) refers to network.o(.data) for <Data83>
    network.o(.constdata) refers to network.o(.data) for <Data88>
    network.o(.constdata) refers to network.o(.conststring) for .conststring
    network.o(.data) refers to network.o(.data) for input_0_output
    network.o(.data) refers to network.o(.data) for conv2d_1_output
    network.o(.data) refers to network.o(.data) for conv2d_1_weights
    network.o(.data) refers to network.o(.data) for conv2d_1_bias
[...]
    .data                                    0x20000ac8   Section        4  mvars.o(.data)
    .data                                    0x20000acc   Section        4  errno.o(.data)
    _errno                                   0x20000acc   Data           4  errno.o(.data)
    .bss                                     0x20000ad0   Section       16  network.o(.bss)
    <Data51>                                 0x20000ad0   Data          16  network.o(.bss)
    .bss                                     0x20000ae0   Section       16  network.o(.bss)
    <Data57>                                 0x20000ae0   Data          16  network.o(.bss)
    .bss                                     0x20000af0   Section       16  network.o(.bss)
    <Data58>                                 0x20000af0   Data          16  network.o(.bss)
    .bss                                     0x20000b00   Section       24  network.o(.bss)
    <Data90>                                 0x20000b00   Data          24  network.o(.bss)
    .bss                                     0x20000b18   Section       16  network.o(.bss)
    <Data91>                                 0x20000b18   Data          16  network.o(.bss)
    .bss                                     0x20000b28   Section       24  network.o(.bss)
    <Data95>                                 0x20000b28   Data          24  network.o(.bss)
    .bss                                     0x20000b40   Section       16  network.o(.bss)
    <Data96>                                 0x20000b40   Data          16  network.o(.bss)
    .bss                                     0x20000b50   Section    25844  app_x-cube-ai.o(.bss)
    network_info                             0x20000b50   Data         116  app_x-cube-ai.o(.bss)
    activations                              0x20000bc4   Data       25728  app_x-cube-ai.o(.bss)
    .bss                                     0x20007044   Section     1660  main.o(.bss)
    .bss                                     0x200076c0   Section      328  usart.o(.bss)
    .bss                                     0x20007808   Section      176  dcmi.o(.bss)
    HEAP                                     0x200078b8   Section     8192  startup_stm32f767xx.o(HEAP)
    STACK                                    0x200098b8   Section     8192  startup_stm32f767xx.o(STACK)

    Global Symbols

    Symbol Name                              Value     Ov Type        Size  Object(Section)

    BuildAttributes$$THM_ISAv4$E$P$D$K$B$S$7EM$VFPv5_D16$PE$PLD8$A:L22UL41UL21$X:L11$S22US41US21$IEEE1$IW$USESV6$~STKCKD$USESV7$~SHL$OTIME$ROPI$IEEEX$EBA8$MICROLIB$REQ8$PRES8$EABIv2 0x00000000   Number         0  anon$$obj.o ABSOLUTE
    __ARM_use_no_argv                        0x00000000   Number         0  main.o ABSOLUTE
    __use_no_errno                           0x00000000   Number         0  useno.o ABSOLUTE
    __use_no_exception_handling              0x00000000   Number         0  useno.o ABSOLUTE
    __use_no_fp                              0x00000000   Number         0  useno.o ABSOLUTE
    __use_no_heap                            0x00000000   Number         0  useno.o ABSOLUTE
    __use_no_heap_region                     0x00000000   Number         0  useno.o ABSOLUTE
    __use_no_semihosting                     0x00000000   Number         0  useno.o ABSOLUTE
    __use_no_semihosting_swi                 0x00000000   Number         0  useno.o ABSOLUTE
    __use_no_signal_handling                 0x00000000   Number         0  useno.o ABSOLUTE
    _printf_a                                0x00000000   Number         0  stubs.o ABSOLUTE
    _printf_c                                0x00000000   Number         0  stubs.o ABSOLUTE
    _printf_charcount                        0x00000000   Number         0  stubs.o ABSOLUTE
    _printf_d                                0x00000000   Number         0  stubs.o ABSOLUTE
    _printf_e                                0x00000000   Number         0  stubs.o ABSOLUTE
    _printf_f                                0x00000000   Number         0  stubs.o ABSOLUTE
    _printf_flags                            0x00000000   Number         0  stubs.o ABSOLUTE
    _printf_fp_dec                           0x00000000   Number         0  stubs.o ABSOLUTE
    _printf_fp_hex                           0x00000000   Number         0  stubs.o ABSOLUTE
    _printf_g                                0x00000000   Number         0  stubs.o ABSOLUTE
    _printf_i                                0x00000000   Number         0  stubs.o ABSOLUTE
    _printf_int_dec                          0x00000000   Number         0  stubs.o ABSOLUTE
    _printf_l                                0x00000000   Number         0  stubs.o ABSOLUTE
    _printf_lc                               0x00000000   Number         0  stubs.o ABSOLUTE
    _printf_ll                               0x00000000   Number         0  stubs.o ABSOLUTE
    _printf_lld                              0x00000000   Number         0  stubs.o ABSOLUTE
    _printf_lli                              0x00000000   Number         0  stubs.o ABSOLUTE
    _printf_llo                              0x00000000   Number         0  stubs.o ABSOLUTE
    _printf_llu                              0x00000000   Number         0  stubs.o ABSOLUTE
    _printf_llx                              0x00000000   Number         0  stubs.o ABSOLUTE
    _printf_longlong_dec                     0x00000000   Number         0  stubs.o ABSOLUTE
    _printf_longlong_hex                     0x00000000   Number         0  stubs.o ABSOLUTE
    _printf_longlong_oct                     0x00000000   Number         0  stubs.o ABSOLUTE
    _printf_ls                               0x00000000   Number         0  stubs.o ABSOLUTE
    _printf_mbtowc                           0x00000000   Number         0  stubs.o ABSOLUTE
    _printf_n                                0x00000000   Number         0  stubs.o ABSOLUTE
    _printf_o                                0x00000000   Number         0  stubs.o ABSOLUTE
    _printf_p                                0x00000000   Number         0  stubs.o ABSOLUTE
    _printf_percent                          0x00000000   Number         0  stubs.o ABSOLUTE
    _printf_pre_padding                      0x00000000   Number         0  stubs.o ABSOLUTE
    _printf_return_value                     0x00000000   Number         0  stubs.o ABSOLUTE
    _printf_s                                0x00000000   Number         0  stubs.o ABSOLUTE
    _printf_sizespec                         0x00000000   Number         0  stubs.o ABSOLUTE
    _printf_str                              0x00000000   Number         0  stubs.o ABSOLUTE
    _printf_truncate_signed                  0x00000000   Number         0  stubs.o ABSOLUTE
    _printf_truncate_unsigned                0x00000000   Number         0  stubs.o ABSOLUTE
    _printf_u                                0x00000000   Number         0  stubs.o ABSOLUTE
    _printf_wc                               0x00000000   Number         0  stubs.o ABSOLUTE
    _printf_wctomb                           0x00000000   Number         0  stubs.o ABSOLUTE
    _printf_widthprec                        0x00000000   Number         0  stubs.o ABSOLUTE
    _printf_x                                0x00000000   Number         0  stubs.o ABSOLUTE
    __arm_fini_                               - Undefined Weak Reference
    __cpp_initialize__aeabi_                  - Undefined Weak Reference
    __cxa_finalize                            - Undefined Weak Reference
    _clock_init                               - Undefined Weak Reference
    _microlib_exit                            - Undefined Weak Reference
    __Vectors_Size                           0x000001f8   Number         0  startup_stm32f767xx.o ABSOLUTE
    __Vectors                                0x08000000   Data           4  startup_stm32f767xx.o(RESET)
    __Vectors_End                            0x080001f8   Data           0  startup_stm32f767xx.o(RESET)
    __main                                   0x080001f9   Thumb Code     0  entry.o(.ARM.Collect$$$$00000000)
    _main_stk                                0x080001f9   Thumb Code     0  entry2.o(.ARM.Collect$$$$00000001)
    _main_scatterload                        0x080001fd   Thumb Code     0  entry5.o(.ARM.Collect$$$$00000004)
    __main_after_scatterload                 0x08000201   Thumb Code     0  entry5.o(.ARM.Collect$$$$00000004)
    _main_clock                              0x08000201   Thumb Code     0  entry7b.o(.ARM.Collect$$$$00000008)
    _main_cpp_init                           0x08000201   Thumb Code     0  entry8b.o(.ARM.Collect$$$$0000000A)
    _main_init                               0x08000201   Thumb Code     0  entry9a.o(.ARM.Collect$$$$0000000B)
    __rt_lib_shutdown_fini                   0x08000209   Thumb Code     0  entry12b.o(.ARM.Collect$$$$0000000E)
    __rt_final_cpp                           0x0800020d   Thumb Code     0  entry10a.o(.ARM.Collect$$$$0000000F)
    __rt_final_exit                          0x0800020d   Thumb Code     0  entry11a.o(.ARM.Collect$$$$00000011)
    Reset_Handler                            0x08000211   Thumb Code     8  startup_stm32f767xx.o(.text)
    ADC_IRQHandler                           0x0800022b   Thumb Code     0  startup_stm32f767xx.o(.text)
    CAN1_RX0_IRQHandler                      0x0800022b   Thumb Code     0  startup_stm32f767xx.o(.text)
    CAN1_RX1_IRQHandler                      0x0800022b   Thumb Code     0  startup_stm32f767xx.o(.text)
    CAN1_SCE_IRQHandler                      0x0800022b   Thumb Code     0  startup_stm32f767xx.o(.text)
    CAN1_TX_IRQHandler                       0x0800022b   Thumb Code     0  startup_stm32f767xx.o(.text)
    CAN2_RX0_IRQHandler                      0x0800022b   Thumb Code     0  startup_stm32f767xx.o(.text)
    CAN2_RX1_IRQHandler                      0x0800022b   Thumb Code     0  startup_stm32f767xx.o(.text)
    CAN2_SCE_IRQHandler                      0x0800022b   Thumb Code     0  startup_stm32f767xx.o(.text)
    CAN2_TX_IRQHandler                       0x0800022b   Thumb Code     0  startup_stm32f767xx.o(.text)
    CAN3_RX0_IRQHandler                      0x0800022b   Thumb Code     0  startup_stm32f767xx.o(.text)
    CAN3_RX1_IRQHandler                      0x0800022b   Thumb Code     0  startup_stm32f767xx.o(.text)
    CAN3_SCE_IRQHandler                      0x0800022b   Thumb Code     0  startup_stm32f767xx.o(.text)
    CAN3_TX_IRQHandler                       0x0800022b   Thumb Code     0  startup_stm32f767xx.o(.text)
    CEC_IRQHandler                           0x0800022b   Thumb Code     0  startup_stm32f767xx.o(.text)
    DFSDM1_FLT0_IRQHandler                   0x0800022b   Thumb Code     0  startup_stm32f767xx.o(.text)
    DFSDM1_FLT1_IRQHandler                   0x0800022b   Thumb Code     0  startup_stm32f767xx.o(.text)
    DFSDM1_FLT2_IRQHandler                   0x0800022b   Thumb Code     0  startup_stm32f767xx.o(.text)
    DFSDM1_FLT3_IRQHandler                   0x0800022b   Thumb Code     0  startup_stm32f767xx.o(.text)
    DMA1_Stream0_IRQHandler                  0x0800022b   Thumb Code     0  startup_stm32f767xx.o(.text)
    DMA1_Stream1_IRQHandler                  0x0800022b   Thumb Code     0  startup_stm32f767xx.o(.text)
    DMA1_Stream2_IRQHandler                  0x0800022b   Thumb Code     0  startup_stm32f767xx.o(.text)
    DMA1_Stream3_IRQHandler                  0x0800022b   Thumb Code     0  startup_stm32f767xx.o(.text)
    DMA1_Stream4_IRQHandler                  0x0800022b   Thumb Code     0  startup_stm32f767xx.o(.text)
    DMA1_Stream5_IRQHandler                  0x0800022b   Thumb Code     0  startup_stm32f767xx.o(.text)
    DMA1_Stream6_IRQHandler                  0x0800022b   Thumb Code     0  startup_stm32f767xx.o(.text)
    DMA1_Stream7_IRQHandler                  0x0800022b   Thumb Code     0  startup_stm32f767xx.o(.text)
    DMA2D_IRQHandler                         0x0800022b   Thumb Code     0  startup_stm32f767xx.o(.text)
    DMA2_Stream0_IRQHandler                  0x0800022b   Thumb Code     0  startup_stm32f767xx.o(.text)
    DMA2_Stream2_IRQHandler                  0x0800022b   Thumb Code     0  startup_stm32f767xx.o(.text)
    DMA2_Stream3_IRQHandler                  0x0800022b   Thumb Code     0  startup_stm32f767xx.o(.text)
    DMA2_Stream4_IRQHandler                  0x0800022b   Thumb Code     0  startup_stm32f767xx.o(.text)
    DMA2_Stream5_IRQHandler                  0x0800022b   Thumb Code     0  startup_stm32f767xx.o(.text)
    DMA2_Stream6_IRQHandler                  0x0800022b   Thumb Code     0  startup_stm32f767xx.o(.text)
    DMA2_Stream7_IRQHandler                  0x0800022b   Thumb Code     0  startup_stm32f767xx.o(.text)
    ETH_IRQHandler                           0x0800022b   Thumb Code     0  startup_stm32f767xx.o(.text)
    ETH_WKUP_IRQHandler                      0x0800022b   Thumb Code     0  startup_stm32f767xx.o(.text)
    EXTI0_IRQHandler                         0x0800022b   Thumb Code     0  startup_stm32f767xx.o(.text)
    EXTI15_10_IRQHandler                     0x0800022b   Thumb Code     0  startup_stm32f767xx.o(.text)
    EXTI1_IRQHandler                         0x0800022b   Thumb Code     0  startup_stm32f767xx.o(.text)
    EXTI2_IRQHandler                         0x0800022b   Thumb Code     0  startup_stm32f767xx.o(.text)
    EXTI3_IRQHandler                         0x0800022b   Thumb Code     0  startup_stm32f767xx.o(.text)
    EXTI4_IRQHandler                         0x0800022b   Thumb Code     0  startup_stm32f767xx.o(.text)
    EXTI9_5_IRQHandler                       0x0800022b   Thumb Code     0  startup_stm32f767xx.o(.text)
    FLASH_IRQHandler                         0x0800022b   Thumb Code     0  startup_stm32f767xx.o(.text)
    FMC_IRQHandler                           0x0800022b   Thumb Code     0  startup_stm32f767xx.o(.text)
    FPU_IRQHandler                           0x0800022b   Thumb Code     0  startup_stm32f767xx.o(.text)
    I2C1_ER_IRQHandler                       0x0800022b   Thumb Code     0  startup_stm32f767xx.o(.text)
    I2C1_EV_IRQHandler                       0x0800022b   Thumb Code     0  startup_stm32f767xx.o(.text)
    I2C2_ER_IRQHandler                       0x0800022b   Thumb Code     0  startup_stm32f767xx.o(.text)
    I2C2_EV_IRQHandler                       0x0800022b   Thumb Code     0  startup_stm32f767xx.o(.text)
    I2C3_ER_IRQHandler                       0x0800022b   Thumb Code     0  startup_stm32f767xx.o(.text)
    I2C3_EV_IRQHandler                       0x0800022b   Thumb Code     0  startup_stm32f767xx.o(.text)
    I2C4_ER_IRQHandler                       0x0800022b   Thumb Code     0  startup_stm32f767xx.o(.text)
    I2C4_EV_IRQHandler                       0x0800022b   Thumb Code     0  startup_stm32f767xx.o(.text)
    JPEG_IRQHandler                          0x0800022b   Thumb Code     0  startup_stm32f767xx.o(.text)
    LPTIM1_IRQHandler                        0x0800022b   Thumb Code     0  startup_stm32f767xx.o(.text)
    LTDC_ER_IRQHandler                       0x0800022b   Thumb Code     0  startup_stm32f767xx.o(.text)
    LTDC_IRQHandler                          0x0800022b   Thumb Code     0  startup_stm32f767xx.o(.text)
    MDIOS_IRQHandler                         0x0800022b   Thumb Code     0  startup_stm32f767xx.o(.text)
    OTG_FS_IRQHandler                        0x0800022b   Thumb Code     0  startup_stm32f767xx.o(.text)
    OTG_FS_WKUP_IRQHandler                   0x0800022b   Thumb Code     0  startup_stm32f767xx.o(.text)
    OTG_HS_EP1_IN_IRQHandler                 0x0800022b   Thumb Code     0  startup_stm32f767xx.o(.text)
    OTG_HS_EP1_OUT_IRQHandler                0x0800022b   Thumb Code     0  startup_stm32f767xx.o(.text)
    OTG_HS_IRQHandler                        0x0800022b   Thumb Code     0  startup_stm32f767xx.o(.text)
    OTG_HS_WKUP_IRQHandler                   0x0800022b   Thumb Code     0  startup_stm32f767xx.o(.text)
    PVD_IRQHandler                           0x0800022b   Thumb Code     0  startup_stm32f767xx.o(.text)
    QUADSPI_IRQHandler                       0x0800022b   Thumb Code     0  startup_stm32f767xx.o(.text)
    RCC_IRQHandler                           0x0800022b   Thumb Code     0  startup_stm32f767xx.o(.text)
    RNG_IRQHandler                           0x0800022b   Thumb Code     0  startup_stm32f767xx.o(.text)
    RTC_Alarm_IRQHandler                     0x0800022b   Thumb Code     0  startup_stm32f767xx.o(.text)
    RTC_WKUP_IRQHandler                      0x0800022b   Thumb Code     0  startup_stm32f767xx.o(.text)
    SAI1_IRQHandler                          0x0800022b   Thumb Code     0  startup_stm32f767xx.o(.text)
    SAI2_IRQHandler                          0x0800022b   Thumb Code     0  startup_stm32f767xx.o(.text)
    SDMMC1_IRQHandler                        0x0800022b   Thumb Code     0  startup_stm32f767xx.o(.text)
    SDMMC2_IRQHandler                        0x0800022b   Thumb Code     0  startup_stm32f767xx.o(.text)
    SPDIF_RX_IRQHandler                      0x0800022b   Thumb Code     0  startup_stm32f767xx.o(.text)
    SPI1_IRQHandler                          0x0800022b   Thumb Code     0  startup_stm32f767xx.o(.text)
    SPI2_IRQHandler                          0x0800022b   Thumb Code     0  startup_stm32f767xx.o(.text)
    SPI3_IRQHandler                          0x0800022b   Thumb Code     0  startup_stm32f767xx.o(.text)
    SPI4_IRQHandler                          0x0800022b   Thumb Code     0  startup_stm32f767xx.o(.text)
    SPI5_IRQHandler                          0x0800022b   Thumb Code     0  startup_stm32f767xx.o(.text)
    SPI6_IRQHandler                          0x0800022b   Thumb Code     0  startup_stm32f767xx.o(.text)
    TAMP_STAMP_IRQHandler                    0x0800022b   Thumb Code     0  startup_stm32f767xx.o(.text)
    TIM1_BRK_TIM9_IRQHandler                 0x0800022b   Thumb Code     0  startup_stm32f767xx.o(.text)
    TIM1_CC_IRQHandler                       0x0800022b   Thumb Code     0  startup_stm32f767xx.o(.text)
    TIM1_TRG_COM_TIM11_IRQHandler            0x0800022b   Thumb Code     0  startup_stm32f767xx.o(.text)
    TIM1_UP_TIM10_IRQHandler                 0x0800022b   Thumb Code     0  startup_stm32f767xx.o(.text)
    TIM2_IRQHandler                          0x0800022b   Thumb Code     0  startup_stm32f767xx.o(.text)
    TIM3_IRQHandler                          0x0800022b   Thumb Code     0  startup_stm32f767xx.o(.text)
    TIM4_IRQHandler                          0x0800022b   Thumb Code     0  startup_stm32f767xx.o(.text)
    TIM5_IRQHandler                          0x0800022b   Thumb Code     0  startup_stm32f767xx.o(.text)
    TIM6_DAC_IRQHandler                      0x0800022b   Thumb Code     0  startup_stm32f767xx.o(.text)
    TIM7_IRQHandler                          0x0800022b   Thumb Code     0  startup_stm32f767xx.o(.text)
    TIM8_BRK_TIM12_IRQHandler                0x0800022b   Thumb Code     0  startup_stm32f767xx.o(.text)
    TIM8_CC_IRQHandler                       0x0800022b   Thumb Code     0  startup_stm32f767xx.o(.text)
    TIM8_TRG_COM_TIM14_IRQHandler            0x0800022b   Thumb Code     0  startup_stm32f767xx.o(.text)
    TIM8_UP_TIM13_IRQHandler                 0x0800022b   Thumb Code     0  startup_stm32f767xx.o(.text)
    UART4_IRQHandler                         0x0800022b   Thumb Code     0  startup_stm32f767xx.o(.text)
    UART5_IRQHandler                         0x0800022b   Thumb Code     0  startup_stm32f767xx.o(.text)
    UART7_IRQHandler                         0x0800022b   Thumb Code     0  startup_stm32f767xx.o(.text)
    UART8_IRQHandler                         0x0800022b   Thumb Code     0  startup_stm32f767xx.o(.text)
    USART2_IRQHandler                        0x0800022b   Thumb Code     0  startup_stm32f767xx.o(.text)
    USART3_IRQHandler                        0x0800022b   Thumb Code     0  startup_stm32f767xx.o(.text)
    USART6_IRQHandler                        0x0800022b   Thumb Code     0  startup_stm32f767xx.o(.text)
    WWDG_IRQHandler                          0x0800022b   Thumb Code     0  startup_stm32f767xx.o(.text)
    __aeabi_uldivmod                         0x08000235   Thumb Code    98  uldiv.o(.text)
    __aeabi_memcpy                           0x08000297   Thumb Code    36  memcpya.o(.text)
    __aeabi_memcpy4                          0x08000297   Thumb Code     0  memcpya.o(.text)
    __aeabi_memcpy8                          0x08000297   Thumb Code     0  memcpya.o(.text)
    memcmp                                   0x080002bb   Thumb Code    26  memcmp.o(.text)
    __aeabi_uidiv                            0x080002d5   Thumb Code     0  uidiv.o(.text)
    __aeabi_uidivmod                         0x080002d5   Thumb Code    44  uidiv.o(.text)
    __aeabi_llsl                             0x08000301   Thumb Code    30  llshl.o(.text)
    _ll_shift_l                              0x08000301   Thumb Code     0  llshl.o(.text)
    __aeabi_llsr                             0x0800031f   Thumb Code    32  llushr.o(.text)
    _ll_ushift_r                             0x0800031f   Thumb Code     0  llushr.o(.text)
    __I$use$fp                               0x0800033f   Thumb Code     0  iusefp.o(.text)
    __aeabi_dadd                             0x0800033f   Thumb Code   322  dadd.o(.text)
    __aeabi_dsub                             0x08000481   Thumb Code     6  dadd.o(.text)
    __aeabi_drsub                            0x08000487   Thumb Code     6  dadd.o(.text)
    __aeabi_dmul                             0x0800048d   Thumb Code   228  dmul.o(.text)
    __aeabi_ddiv                             0x08000571   Thumb Code   222  ddiv.o(.text)
    __aeabi_d2ulz                            0x0800064f   Thumb Code    48  dfixul.o(.text)
    __aeabi_cdrcmple                         0x08000681   Thumb Code    48  cdrcmple.o(.text)
    __scatterload                            0x080006b1   Thumb Code    28  init.o(.text)
    __scatterload_rt2                        0x080006b1   Thumb Code     0  init.o(.text)
    __aeabi_lasr                             0x080006d5   Thumb Code    36  llsshr.o(.text)
    _ll_sshift_r                             0x080006d5   Thumb Code     0  llsshr.o(.text)
    _double_round                            0x080006f9   Thumb Code    30  depilogue.o(.text)
    _double_epilogue                         0x08000717   Thumb Code   156  depilogue.o(.text)
    __decompress                             0x080007b3   Thumb Code     0  __dczerorl2.o(.text)
    __decompress1                            0x080007b3   Thumb Code    86  __dczerorl2.o(.text)
    BusFault_Handler                         0x08000809   Thumb Code     2  stm32f7xx_it.o(i.BusFault_Handler)
    DCMI_DMA_Init                            0x080008cd   Thumb Code   168  dcmi.o(i.DCMI_DMA_Init)
    DCMI_IRQHandler                          0x08000985   Thumb Code     6  dcmi.o(i.DCMI_IRQHandler)
    DCMI_Init                                0x08000991   Thumb Code    62  dcmi.o(i.DCMI_Init)
    DCMI_Start                               0x080009d9   Thumb Code    24  dcmi.o(i.DCMI_Start)
    DCMI_rx_callback                         0x080009f9   Thumb Code    58  main.o(i.DCMI_rx_callback)
    DMA2_Stream1_IRQHandler                  0x08000a3d   Thumb Code   104  dcmi.o(i.DMA2_Stream1_IRQHandler)
    DebugMon_Handler                         0x08000b77   Thumb Code     2  stm32f7xx_it.o(i.DebugMon_Handler)
    HAL_CRCEx_Polynomial_Set                 0x08000b79   Thumb Code    78  stm32f7xx_hal_crc_ex.o(i.HAL_CRCEx_Polynomial_Set)
    HAL_CRC_Init                             0x08000bc9   Thumb Code   114  stm32f7xx_hal_crc.o(i.HAL_CRC_Init)
    HAL_CRC_MspInit                          0x08000c41   Thumb Code    30  stm32f7xx_hal_msp.o(i.HAL_CRC_MspInit)
    HAL_DCMI_ErrorCallback                   0x08000c69   Thumb Code     2  stm32f7xx_hal_dcmi.o(i.HAL_DCMI_ErrorCallback)
    HAL_DCMI_FrameEventCallback              0x08000c6d   Thumb Code    28  dcmi.o(i.HAL_DCMI_FrameEventCallback)
    HAL_DCMI_IRQHandler                      0x08000c91   Thumb Code   152  stm32f7xx_hal_dcmi.o(i.HAL_DCMI_IRQHandler)
    HAL_DCMI_Init                            0x08000d2d   Thumb Code   180  stm32f7xx_hal_dcmi.o(i.HAL_DCMI_Init)
    HAL_DCMI_LineEventCallback               0x08000de5   Thumb Code     2  stm32f7xx_hal_dcmi.o(i.HAL_DCMI_LineEventCallback)
    HAL_DCMI_MspInit                         0x08000de9   Thumb Code   202  dcmi.o(i.HAL_DCMI_MspInit)
    HAL_DCMI_VsyncEventCallback              0x08000ecd   Thumb Code     2  stm32f7xx_hal_dcmi.o(i.HAL_DCMI_VsyncEventCallback)
    HAL_DMAEx_MultiBufferStart               0x08000ecf   Thumb Code   100  stm32f7xx_hal_dma_ex.o(i.HAL_DMAEx_MultiBufferStart)
    HAL_DMA_Abort_IT                         0x08000f33   Thumb Code    36  stm32f7xx_hal_dma.o(i.HAL_DMA_Abort_IT)
    HAL_DMA_DeInit                           0x08000f57   Thumb Code    98  stm32f7xx_hal_dma.o(i.HAL_DMA_DeInit)
    HAL_DMA_Init                             0x08000fb9   Thumb Code   222  stm32f7xx_hal_dma.o(i.HAL_DMA_Init)
    HAL_DMA_Start                            0x0800109d   Thumb Code    74  stm32f7xx_hal_dma.o(i.HAL_DMA_Start)
    HAL_GPIO_Init                            0x080010e9   Thumb Code   420  stm32f7xx_hal_gpio.o(i.HAL_GPIO_Init)
    HAL_GPIO_ReadPin                         0x080012c1   Thumb Code    10  stm32f7xx_hal_gpio.o(i.HAL_GPIO_ReadPin)
    HAL_GPIO_WritePin                        0x080012cb   Thumb Code    10  stm32f7xx_hal_gpio.o(i.HAL_GPIO_WritePin)
    HAL_GetTick                              0x080012d5   Thumb Code     6  stm32f7xx_hal.o(i.HAL_GetTick)
    HAL_IncTick                              0x080012e1   Thumb Code    12  stm32f7xx_hal.o(i.HAL_IncTick)
    HAL_Init                                 0x080012f1   Thumb Code    22  stm32f7xx_hal.o(i.HAL_Init)
    HAL_InitTick                             0x08001309   Thumb Code    54  stm32f7xx_hal.o(i.HAL_InitTick)
    HAL_MspInit                              0x08001349   Thumb Code    42  stm32f7xx_hal_msp.o(i.HAL_MspInit)
    HAL_NVIC_EnableIRQ                       0x08001379   Thumb Code    26  stm32f7xx_hal_cortex.o(i.HAL_NVIC_EnableIRQ)
    HAL_NVIC_SetPriority                     0x08001395   Thumb Code    60  stm32f7xx_hal_cortex.o(i.HAL_NVIC_SetPriority)
    HAL_NVIC_SetPriorityGrouping             0x080013d5   Thumb Code    28  stm32f7xx_hal_cortex.o(i.HAL_NVIC_SetPriorityGrouping)
    HAL_PWREx_EnableOverDrive                0x080013f9   Thumb Code   100  stm32f7xx_hal_pwr_ex.o(i.HAL_PWREx_EnableOverDrive)
    HAL_RCC_ClockConfig                      0x08001465   Thumb Code   284  stm32f7xx_hal_rcc.o(i.HAL_RCC_ClockConfig)
    HAL_RCC_GetPCLK1Freq                     0x08001595   Thumb Code    20  stm32f7xx_hal_rcc.o(i.HAL_RCC_GetPCLK1Freq)
    HAL_RCC_GetPCLK2Freq                     0x080015b5   Thumb Code    20  stm32f7xx_hal_rcc.o(i.HAL_RCC_GetPCLK2Freq)
    HAL_RCC_GetSysClockFreq                  0x080015d5   Thumb Code    88  stm32f7xx_hal_rcc.o(i.HAL_RCC_GetSysClockFreq)
    HAL_RCC_OscConfig                        0x08001639   Thumb Code   906  stm32f7xx_hal_rcc.o(i.HAL_RCC_OscConfig)
    HAL_SYSTICK_CLKSourceConfig              0x080019d1   Thumb Code    24  stm32f7xx_hal_cortex.o(i.HAL_SYSTICK_CLKSourceConfig)
    HAL_SYSTICK_Config                       0x080019e9   Thumb Code    38  stm32f7xx_hal_cortex.o(i.HAL_SYSTICK_Config)
    HAL_UARTEx_WakeupCallback                0x08001a0f   Thumb Code     2  stm32f7xx_hal_uart.o(i.HAL_UARTEx_WakeupCallback)
    HAL_UART_ErrorCallback                   0x08001a11   Thumb Code     2  stm32f7xx_hal_uart.o(i.HAL_UART_ErrorCallback)
    HAL_UART_IRQHandler                      0x08001a15   Thumb Code   344  stm32f7xx_hal_uart.o(i.HAL_UART_IRQHandler)
    HAL_UART_Init                            0x08001b71   Thumb Code   102  stm32f7xx_hal_uart.o(i.HAL_UART_Init)
    HAL_UART_MspInit                         0x08001bd9   Thumb Code   122  usart.o(i.HAL_UART_MspInit)
    HAL_UART_Receive                         0x08001c61   Thumb Code   238  stm32f7xx_hal_uart.o(i.HAL_UART_Receive)
    HAL_UART_TxCpltCallback                  0x08001d4f   Thumb Code     2  stm32f7xx_hal_uart.o(i.HAL_UART_TxCpltCallback)
    HardFault_Handler                        0x08001d51   Thumb Code     2  stm32f7xx_it.o(i.HardFault_Handler)
    IIC_Ack                                  0x08001d55   Thumb Code    76  myiic.o(i.IIC_Ack)
    IIC_Init                                 0x08001da5   Thumb Code    70  myiic.o(i.IIC_Init)
    IIC_NAck                                 0x08001df5   Thumb Code    76  myiic.o(i.IIC_NAck)
    IIC_Read_Byte                            0x08001e45   Thumb Code   100  myiic.o(i.IIC_Read_Byte)
    IIC_Send_Byte                            0x08001ead   Thumb Code   104  myiic.o(i.IIC_Send_Byte)
    IIC_Start                                0x08001f19   Thumb Code    76  myiic.o(i.IIC_Start)
    IIC_Stop                                 0x08001f69   Thumb Code    76  myiic.o(i.IIC_Stop)
    IIC_Wait_Ack                             0x08001fb9   Thumb Code    94  myiic.o(i.IIC_Wait_Ack)
    MX_X_CUBE_AI_Init                        0x0800201d   Thumb Code    22  app_x-cube-ai.o(i.MX_X_CUBE_AI_Init)
    MX_X_CUBE_AI_Process                     0x08002059   Thumb Code   104  app_x-cube-ai.o(i.MX_X_CUBE_AI_Process)
    MemManage_Handler                        0x08002101   Thumb Code     2  stm32f7xx_it.o(i.MemManage_Handler)
    NMI_Handler                              0x08002103   Thumb Code     2  stm32f7xx_it.o(i.NMI_Handler)
    OV2640_Brightness                        0x08002105   Thumb Code    58  ov2640.o(i.OV2640_Brightness)
    OV2640_Color_Saturation                  0x0800213f   Thumb Code    64  ov2640.o(i.OV2640_Color_Saturation)
    OV2640_Contrast                          0x0800217f   Thumb Code   114  ov2640.o(i.OV2640_Contrast)
    OV2640_ImageWin_Set                      0x080021f1   Thumb Code   136  ov2640.o(i.OV2640_ImageWin_Set)
    OV2640_Init                              0x08002279   Thumb Code   230  ov2640.o(i.OV2640_Init)
    OV2640_Light_Mode                        0x08002385   Thumb Code   106  ov2640.o(i.OV2640_Light_Mode)
    OV2640_OutSize_Set                       0x080023ef   Thumb Code    84  ov2640.o(i.OV2640_OutSize_Set)
    OV2640_PWDN_Set                          0x08002443   Thumb Code     8  ov2640.o(i.OV2640_PWDN_Set)
    OV2640_RGB565_Mode                       0x0800244d   Thumb Code    32  ov2640.o(i.OV2640_RGB565_Mode)
    PCF8574_Init                             0x08002471   Thumb Code    80  pcf8574.o(i.PCF8574_Init)
    PCF8574_ReadOneByte                      0x080024c9   Thumb Code    32  pcf8574.o(i.PCF8574_ReadOneByte)
    PCF8574_WriteBit                         0x080024e9   Thumb Code    34  pcf8574.o(i.PCF8574_WriteBit)
    PCF8574_WriteOneByte                     0x0800250b   Thumb Code    42  pcf8574.o(i.PCF8574_WriteOneByte)
    PendSV_Handler                           0x08002535   Thumb Code     2  stm32f7xx_it.o(i.PendSV_Handler)
    SCCB_Init                                0x08002539   Thumb Code    66  sccb.o(i.SCCB_Init)
    SCCB_No_Ack                              0x08002585   Thumb Code    72  sccb.o(i.SCCB_No_Ack)
    SCCB_RD_Byte                             0x080025d1   Thumb Code    98  sccb.o(i.SCCB_RD_Byte)
    SCCB_RD_Reg                              0x08002639   Thumb Code    76  sccb.o(i.SCCB_RD_Reg)
    SCCB_Start                               0x08002685   Thumb Code    60  sccb.o(i.SCCB_Start)
    SCCB_Stop                                0x080026c5   Thumb Code    56  sccb.o(i.SCCB_Stop)
    SCCB_WR_Byte                             0x08002701   Thumb Code   152  sccb.o(i.SCCB_WR_Byte)
    SCCB_WR_Reg                              0x0800279d   Thumb Code    62  sccb.o(i.SCCB_WR_Reg)
    SVC_Handler                              0x080027db   Thumb Code     2  stm32f7xx_it.o(i.SVC_Handler)
    Stm32_Clock_Init                         0x080027dd   Thumb Code   124  sys.o(i.Stm32_Clock_Init)
    SysTick_Handler                          0x08002861   Thumb Code     4  stm32f7xx_it.o(i.SysTick_Handler)
    SystemInit                               0x08002865   Thumb Code    22  system_stm32f7xx.o(i.SystemInit)
    UART_AdvFeatureConfig                    0x08002881   Thumb Code   200  stm32f7xx_hal_uart.o(i.UART_AdvFeatureConfig)
    UART_CheckIdleState                      0x08002949   Thumb Code    88  stm32f7xx_hal_uart.o(i.UART_CheckIdleState)
    UART_SetConfig                           0x080029d5   Thumb Code   554  stm32f7xx_hal_uart.o(i.UART_SetConfig)
    UART_WaitOnFlagUntilTimeout              0x08002c31   Thumb Code   164  stm32f7xx_hal_uart.o(i.UART_WaitOnFlagUntilTimeout)
    USART1_IRQHandler                        0x08002cd5   Thumb Code   100  usart.o(i.USART1_IRQHandler)
    UsageFault_Handler                       0x08002d41   Thumb Code     2  stm32f7xx_it.o(i.UsageFault_Handler)
    __0printf                                0x08002d45   Thumb Code    22  printfa.o(i.__0printf)
    __1printf                                0x08002d45   Thumb Code     0  printfa.o(i.__0printf)
    __2printf                                0x08002d45   Thumb Code     0  printfa.o(i.__0printf)
    __c89printf                              0x08002d45   Thumb Code     0  printfa.o(i.__0printf)
    printf                                   0x08002d45   Thumb Code     0  printfa.o(i.__0printf)
    __ARM_fpclassifyf                        0x08002d65   Thumb Code    38  fpclassifyf.o(i.__ARM_fpclassifyf)
    free                                     0x08002ea5   Thumb Code    88  mallocr.o(i.__free$realloc)
    __hardfp_expf                            0x08002f01   Thumb Code   426  expf.o(i.__hardfp_expf)
    __mathlib_expf                           0x08002f01   Thumb Code     0  expf.o(i.__hardfp_expf)
    malloc                                   0x080030f5   Thumb Code    64  mallocr.o(i.__malloc$realloc)
    __mathlib_flt_infnan                     0x08003145   Thumb Code     6  funder.o(i.__mathlib_flt_infnan)
    __mathlib_flt_overflow                   0x0800314d   Thumb Code    10  funder.o(i.__mathlib_flt_overflow)
    __mathlib_flt_underflow                  0x0800315d   Thumb Code    10  funder.o(i.__mathlib_flt_underflow)
    __scatterload_copy                       0x0800316d   Thumb Code    14  handlers.o(i.__scatterload_copy)
    __scatterload_null                       0x0800317b   Thumb Code     2  handlers.o(i.__scatterload_null)
    __scatterload_zeroinit                   0x0800317d   Thumb Code    14  handlers.o(i.__scatterload_zeroinit)
    __set_errno                              0x0800318d   Thumb Code     6  errno.o(i.__set_errno)
    ai_array_get_byte_size                   0x08003e0b   Thumb Code    68  ai_datatypes_format.o(i.ai_array_get_byte_size)
    ai_array_to_buffer_fmt                   0x08003e51   Thumb Code   202  ai_datatypes_format.o(i.ai_array_to_buffer_fmt)
    ai_check_custom_types                    0x08003fe1   Thumb Code    38  layers.o(i.ai_check_custom_types)
    ai_dict4_dot_array_f32                   0x0800469d   Thumb Code   300  layers_conv2d_generic_float.o(i.ai_dict4_dot_array_f32)
    ai_dict8_dot_array_f32                   0x080047cd   Thumb Code   246  layers_conv2d_generic_float.o(i.ai_dict8_dot_array_f32)
    ai_dict_decompress_f32                   0x080048c9   Thumb Code   122  layers_conv2d_generic_float.o(i.ai_dict_decompress_f32)
    ai_layers_forward_all                    0x08004955   Thumb Code    74  layers.o(i.ai_layers_forward_all)
    ai_network_create                        0x08004a25   Thumb Code    20  network.o(i.ai_network_create)
    ai_network_data_weights_get              0x08004a3d   Thumb Code     4  network_data.o(i.ai_network_data_weights_get)
    ai_network_get_error                     0x08004a45   Thumb Code     4  network.o(i.ai_network_get_error)
    ai_network_get_info                      0x08004a49   Thumb Code    82  network.o(i.ai_network_get_info)
    ai_network_init                          0x08004aa1   Thumb Code    54  network.o(i.ai_network_init)
    ai_network_run                           0x08004ad7   Thumb Code     4  network.o(i.ai_network_run)
    ai_platform_api_get_network_report       0x08004add   Thumb Code   182  ai_platform_interface.o(i.ai_platform_api_get_network_report)
    ai_platform_api_get_version              0x08004b99   Thumb Code    14  ai_platform_interface.o(i.ai_platform_api_get_version)
    ai_platform_context_acquire              0x08004bad   Thumb Code    24  ai_platform_interface.o(i.ai_platform_context_acquire)
    ai_platform_interface_api_get_version    0x08004bc9   Thumb Code    14  ai_platform_interface.o(i.ai_platform_interface_api_get_version)
    ai_platform_network_create               0x08004bdd   Thumb Code    96  ai_platform_interface.o(i.ai_platform_network_create)
    ai_platform_network_get_error            0x08004c49   Thumb Code    24  ai_platform_interface.o(i.ai_platform_network_get_error)
    ai_platform_network_init                 0x08004c65   Thumb Code   126  ai_platform_interface.o(i.ai_platform_network_init)
    ai_platform_network_post_init            0x08004ce3   Thumb Code    64  ai_platform_interface.o(i.ai_platform_network_post_init)
    ai_platform_network_process              0x08004d23   Thumb Code    86  ai_platform_interface.o(i.ai_platform_network_process)
    ai_platform_network_set_error            0x08004d79   Thumb Code    12  ai_platform_interface.o(i.ai_platform_network_set_error)
    ai_platform_runtime_get_revision         0x08004d85   Thumb Code    10  ai_platform_interface.o(i.ai_platform_runtime_get_revision)
    ai_platform_runtime_get_version          0x08004d95   Thumb Code    14  ai_platform_interface.o(i.ai_platform_runtime_get_version)
    core_get_error                           0x08004dc3   Thumb Code    12  core_common.o(i.core_get_error)
    core_init                                0x08004dcf   Thumb Code     4  core_common.o(i.core_init)
    core_set_error                           0x08004dff   Thumb Code    26  core_common.o(i.core_set_error)
    delay_init                               0x08004e19   Thumb Code    16  delay.o(i.delay_init)
    delay_ms                                 0x08004e2d   Thumb Code    26  delay.o(i.delay_ms)
    delay_us                                 0x08004e49   Thumb Code    48  delay.o(i.delay_us)
    forward_conv2d_nl_pool                   0x08004e7d   Thumb Code  1148  layers_conv2d_generic_float.o(i.forward_conv2d_nl_pool)
    forward_dense                            0x080052fd   Thumb Code   396  layers_conv2d_generic_float.o(i.forward_dense)
    forward_relu                             0x0800548d   Thumb Code   154  layers_nl_generic_float.o(i.forward_relu)
    forward_sm                               0x08005527   Thumb Code   108  layers_nl_generic_float.o(i.forward_sm)
    fputc                                    0x08005595   Thumb Code    14  usart.o(i.fputc)
    jpeg_data_process                        0x080055fd   Thumb Code    12  main.o(i.jpeg_data_process)
    main                                     0x0800560d   Thumb Code   374  main.o(i.main)
    nl_func_relu_array_f32                   0x08005919   Thumb Code    48  layers_nl_generic_float.o(i.nl_func_relu_array_f32)
    nl_func_relu_generic_array_f32           0x0800594d   Thumb Code   186  layers_nl_generic_float.o(i.nl_func_relu_generic_array_f32)
    nl_func_relu_thresholded_array_f32       0x08005a0d   Thumb Code    62  layers_nl_generic_float.o(i.nl_func_relu_thresholded_array_f32)
    nl_func_sm_array_f32                     0x08005a51   Thumb Code    76  layers_nl_generic_float.o(i.nl_func_sm_array_f32)
    nl_func_sm_channel_f32                   0x08005a9d   Thumb Code   130  layers_nl_generic_float.o(i.nl_func_sm_channel_f32)
    pool_func_mp_array_f32                   0x08005b25   Thumb Code   412  layers_pool_generic_float.o(i.pool_func_mp_array_f32)
    post_process                             0x08005cc5   Thumb Code    70  app_x-cube-ai.o(i.post_process)
    uart_init                                0x08005d41   Thumb Code    32  usart.o(i.uart_init)
    AHBPrescTable                            0x08042ec0   Data          16  system_stm32f7xx.o(.constdata)
    APBPrescTable                            0x08042ed0   Data           8  system_stm32f7xx.o(.constdata)
    ov2640_svga_init_reg_tbl                 0x08042ed8   Data         354  ov2640.o(.constdata)
    ov2640_jpeg_reg_tbl                      0x0804303a   Data          14  ov2640.o(.constdata)
    ov2640_rgb565_reg_tbl                    0x08043048   Data          28  ov2640.o(.constdata)
    ov2640_yuv422_reg_tbl                    0x08043064   Data          16  ov2640.o(.constdata)
    Region$$Table$$Base                      0x080431a0   Number         0  anon$$obj.o(Region$$Table)
    Region$$Table$$Limit                     0x080431c0   Number         0  anon$$obj.o(Region$$Table)
    currentline                              0x20000a9c   Data           1  main.o(.data)
    one_shot_ok                              0x20000a9d   Data           1  main.o(.data)
    uwTickFreq                               0x20000aa0   Data           1  stm32f7xx_hal.o(.data)
    uwTickPrio                               0x20000aa4   Data           4  stm32f7xx_hal.o(.data)
    uwTick                                   0x20000aa8   Data           4  stm32f7xx_hal.o(.data)
    SystemCoreClock                          0x20000aac   Data           4  system_stm32f7xx.o(.data)
    USART_RX_STA                             0x20000ab0   Data           2  usart.o(.data)
    __stdout                                 0x20000ab4   Data           4  usart.o(.data)
    ov_frame                                 0x20000abc   Data           1  dcmi.o(.data)
    dcmi_rx_callback                         0x20000ac0   Data           4  dcmi.o(.data)
    __microlib_freelist                      0x20000ac4   Data           4  mvars.o(.data)
    __microlib_freelist_initialised          0x20000ac8   Data           4  mvars.o(.data)
    hcrc                                     0x20007044   Data          36  main.o(.bss)
    dcmi_line_buf                            0x20007068   Data          56  main.o(.bss)
    picture_data_buf                         0x200070a0   Data        1568  main.o(.bss)
    USART_RX_BUF                             0x200076c0   Data         200  usart.o(.bss)
    UART1_Handler                            0x20007788   Data         128  usart.o(.bss)
    DCMI_Handler                             0x20007808   Data          80  dcmi.o(.bss)
    DMADMCI_Handler                          0x20007858   Data          96  dcmi.o(.bss)
    __heap_base                              0x200078b8   Data           0  startup_stm32f767xx.o(HEAP)
    __heap_limit                             0x200098b8   Data           0  startup_stm32f767xx.o(HEAP)
    __initial_sp                             0x2000b8b8   Data           0  startup_stm32f767xx.o(STACK)



==============================================================================

Memory Map of the image

  Image Entry point : 0x080001f9

  Load Region LR_IROM1 (Base: 0x08000000, Size: 0x00043c90, Max: 0x00100000, ABSOLUTE, COMPRESSED[0x00043548])

    Execution Region ER_IROM1 (Exec base: 0x08000000, Load base: 0x08000000, Size: 0x000431c0, Max: 0x00100000, ABSOLUTE)

    Exec Addr    Load Addr    Size         Type   Attr      Idx    E Section Name        Object

    0x08000000   0x08000000   0x000001f8   Data   RO            3    RESET               startup_stm32f767xx.o
    0x080001f8   0x080001f8   0x00000000   Code   RO         4287  * .ARM.Collect$$$$00000000  mc_w.l(entry.o)
    0x080001f8   0x080001f8   0x00000004   Code   RO         4633    .ARM.Collect$$$$00000001  mc_w.l(entry2.o)
    0x080001fc   0x080001fc   0x00000004   Code   RO         4636    .ARM.Collect$$$$00000004  mc_w.l(entry5.o)
    0x08000200   0x08000200   0x00000000   Code   RO         4638    .ARM.Collect$$$$00000008  mc_w.l(entry7b.o)
    0x08000200   0x08000200   0x00000000   Code   RO         4640    .ARM.Collect$$$$0000000A  mc_w.l(entry8b.o)
    0x08000200   0x08000200   0x00000008   Code   RO         4641    .ARM.Collect$$$$0000000B  mc_w.l(entry9a.o)
    0x08000208   0x08000208   0x00000004   Code   RO         4648    .ARM.Collect$$$$0000000E  mc_w.l(entry12b.o)
    0x0800020c   0x0800020c   0x00000000   Code   RO         4643    .ARM.Collect$$$$0000000F  mc_w.l(entry10a.o)
    0x0800020c   0x0800020c   0x00000000   Code   RO         4645    .ARM.Collect$$$$00000011  mc_w.l(entry11a.o)
    0x0800020c   0x0800020c   0x00000004   Code   RO         4634    .ARM.Collect$$$$00002712  mc_w.l(entry2.o)
    0x08000210   0x08000210   0x00000024   Code   RO            4    .text               startup_stm32f767xx.o
    0x08000234   0x08000234   0x00000062   Code   RO         4290    .text               mc_w.l(uldiv.o)
    0x08000296   0x08000296   0x00000024   Code   RO         4292    .text               mc_w.l(memcpya.o)
    0x080002ba   0x080002ba   0x0000001a   Code   RO         4296    .text               mc_w.l(memcmp.o)
    0x080002d4   0x080002d4   0x0000002c   Code   RO         4649    .text               mc_w.l(uidiv.o)
    0x08000300   0x08000300   0x0000001e   Code   RO         4651    .text               mc_w.l(llshl.o)
    0x0800031e   0x0800031e   0x00000020   Code   RO         4653    .text               mc_w.l(llushr.o)
    0x0800033e   0x0800033e   0x00000000   Code   RO         4664    .text               mc_w.l(iusefp.o)
    0x0800033e   0x0800033e   0x0000014e   Code   RO         4669    .text               mf_w.l(dadd.o)
    0x0800048c   0x0800048c   0x000000e4   Code   RO         4671    .text               mf_w.l(dmul.o)
    0x08000570   0x08000570   0x000000de   Code   RO         4673    .text               mf_w.l(ddiv.o)
    0x0800064e   0x0800064e   0x00000030   Code   RO         4675    .text               mf_w.l(dfixul.o)
    0x0800067e   0x0800067e   0x00000002   PAD
    0x08000680   0x08000680   0x00000030   Code   RO         4677    .text               mf_w.l(cdrcmple.o)
    0x080006b0   0x080006b0   0x00000024   Code   RO         4681    .text               mc_w.l(init.o)
    0x080006d4   0x080006d4   0x00000024   Code   RO         4683    .text               mc_w.l(llsshr.o)
    0x080006f8   0x080006f8   0x000000ba   Code   RO         4687    .text               mf_w.l(depilogue.o)
    0x080007b2   0x080007b2   0x00000056   Code   RO         4697    .text               mc_w.l(__dczerorl2.o)
    0x08000808   0x08000808   0x00000002   Code   RO          599    i.BusFault_Handler  stm32f7xx_it.o
    0x0800080a   0x0800080a   0x00000002   PAD
    0x0800080c   0x0800080c   0x000000a0   Code   RO         3701    i.CRC_Lock          NetworkRuntime520_CM7_Keil.lib(ai_platform_interface.o)
    0x080008ac   0x080008ac   0x00000020   Code   RO         2988    i.DCMI_DMAError     stm32f7xx_hal_dcmi.o
    0x080008cc   0x080008cc   0x000000b8   Code   RO         3620    i.DCMI_DMA_Init     dcmi.o
    0x08000984   0x08000984   0x0000000c   Code   RO         3621    i.DCMI_IRQHandler   dcmi.o
    0x08000990   0x08000990   0x00000048   Code   RO         3622    i.DCMI_Init         dcmi.o
    0x080009d8   0x080009d8   0x00000020   Code   RO         3624    i.DCMI_Start        dcmi.o
    0x080009f8   0x080009f8   0x00000044   Code   RO          513    i.DCMI_rx_callback  main.o
    0x08000a3c   0x08000a3c   0x00000078   Code   RO         3626    i.DMA2_Stream1_IRQHandler  dcmi.o
    0x08000ab4   0x08000ab4   0x00000028   Code   RO         1368    i.DMA_CalcBaseAndBitshift  stm32f7xx_hal_dma.o
    0x08000adc   0x08000adc   0x00000054   Code   RO         1369    i.DMA_CheckFifoParam  stm32f7xx_hal_dma.o
    0x08000b30   0x08000b30   0x0000001e   Code   RO         1474    i.DMA_MultiBufferSetConfig  stm32f7xx_hal_dma_ex.o
    0x08000b4e   0x08000b4e   0x00000028   Code   RO         1370    i.DMA_SetConfig     stm32f7xx_hal_dma.o
    0x08000b76   0x08000b76   0x00000002   Code   RO          600    i.DebugMon_Handler  stm32f7xx_it.o
    0x08000b78   0x08000b78   0x0000004e   Code   RO          924    i.HAL_CRCEx_Polynomial_Set  stm32f7xx_hal_crc_ex.o
    0x08000bc6   0x08000bc6   0x00000002   PAD
    0x08000bc8   0x08000bc8   0x00000078   Code   RO          858    i.HAL_CRC_Init      stm32f7xx_hal_crc.o
    0x08000c40   0x08000c40   0x00000028   Code   RO          676    i.HAL_CRC_MspInit   stm32f7xx_hal_msp.o
    0x08000c68   0x08000c68   0x00000002   Code   RO         2994    i.HAL_DCMI_ErrorCallback  stm32f7xx_hal_dcmi.o
    0x08000c6a   0x08000c6a   0x00000002   PAD
    0x08000c6c   0x08000c6c   0x00000024   Code   RO         3627    i.HAL_DCMI_FrameEventCallback  dcmi.o
    0x08000c90   0x08000c90   0x0000009c   Code   RO         2998    i.HAL_DCMI_IRQHandler  stm32f7xx_hal_dcmi.o
    0x08000d2c   0x08000d2c   0x000000b8   Code   RO         2999    i.HAL_DCMI_Init     stm32f7xx_hal_dcmi.o
    0x08000de4   0x08000de4   0x00000002   Code   RO         3000    i.HAL_DCMI_LineEventCallback  stm32f7xx_hal_dcmi.o
    0x08000de6   0x08000de6   0x00000002   PAD
    0x08000de8   0x08000de8   0x000000e4   Code   RO         3628    i.HAL_DCMI_MspInit  dcmi.o
    0x08000ecc   0x08000ecc   0x00000002   Code   RO         3007    i.HAL_DCMI_VsyncEventCallback  stm32f7xx_hal_dcmi.o
    0x08000ece   0x08000ece   0x00000064   Code   RO         1476    i.HAL_DMAEx_MultiBufferStart  stm32f7xx_hal_dma_ex.o
    0x08000f32   0x08000f32   0x00000024   Code   RO         1372    i.HAL_DMA_Abort_IT  stm32f7xx_hal_dma.o
    0x08000f56   0x08000f56   0x00000062   Code   RO         1373    i.HAL_DMA_DeInit    stm32f7xx_hal_dma.o
    0x08000fb8   0x08000fb8   0x000000e4   Code   RO         1377    i.HAL_DMA_Init      stm32f7xx_hal_dma.o
    0x0800109c   0x0800109c   0x0000004a   Code   RO         1380    i.HAL_DMA_Start     stm32f7xx_hal_dma.o
    0x080010e6   0x080010e6   0x00000002   PAD
    0x080010e8   0x080010e8   0x000001d8   Code   RO         1305    i.HAL_GPIO_Init     stm32f7xx_hal_gpio.o
    0x080012c0   0x080012c0   0x0000000a   Code   RO         1307    i.HAL_GPIO_ReadPin  stm32f7xx_hal_gpio.o
    0x080012ca   0x080012ca   0x0000000a   Code   RO         1309    i.HAL_GPIO_WritePin  stm32f7xx_hal_gpio.o
    0x080012d4   0x080012d4   0x0000000c   Code   RO         1748    i.HAL_GetTick       stm32f7xx_hal.o
    0x080012e0   0x080012e0   0x00000010   Code   RO         1754    i.HAL_IncTick       stm32f7xx_hal.o
    0x080012f0   0x080012f0   0x00000016   Code   RO         1755    i.HAL_Init          stm32f7xx_hal.o
    0x08001306   0x08001306   0x00000002   PAD
    0x08001308   0x08001308   0x00000040   Code   RO         1756    i.HAL_InitTick      stm32f7xx_hal.o
    0x08001348   0x08001348   0x00000030   Code   RO          677    i.HAL_MspInit       stm32f7xx_hal_msp.o
    0x08001378   0x08001378   0x0000001a   Code   RO          722    i.HAL_NVIC_EnableIRQ  stm32f7xx_hal_cortex.o
    0x08001392   0x08001392   0x00000002   PAD
    0x08001394   0x08001394   0x00000040   Code   RO          728    i.HAL_NVIC_SetPriority  stm32f7xx_hal_cortex.o
    0x080013d4   0x080013d4   0x00000024   Code   RO          729    i.HAL_NVIC_SetPriorityGrouping  stm32f7xx_hal_cortex.o
    0x080013f8   0x080013f8   0x0000006c   Code   RO         1645    i.HAL_PWREx_EnableOverDrive  stm32f7xx_hal_pwr_ex.o
    0x08001464   0x08001464   0x00000130   Code   RO          959    i.HAL_RCC_ClockConfig  stm32f7xx_hal_rcc.o
    0x08001594   0x08001594   0x00000020   Code   RO          966    i.HAL_RCC_GetPCLK1Freq  stm32f7xx_hal_rcc.o
    0x080015b4   0x080015b4   0x00000020   Code   RO          967    i.HAL_RCC_GetPCLK2Freq  stm32f7xx_hal_rcc.o
    0x080015d4   0x080015d4   0x00000064   Code   RO          968    i.HAL_RCC_GetSysClockFreq  stm32f7xx_hal_rcc.o
    0x08001638   0x08001638   0x00000398   Code   RO          971    i.HAL_RCC_OscConfig  stm32f7xx_hal_rcc.o
    0x080019d0   0x080019d0   0x00000018   Code   RO          731    i.HAL_SYSTICK_CLKSourceConfig  stm32f7xx_hal_cortex.o
    0x080019e8   0x080019e8   0x00000026   Code   RO          733    i.HAL_SYSTICK_Config  stm32f7xx_hal_cortex.o
    0x08001a0e   0x08001a0e   0x00000002   Code   RO         2557    i.HAL_UARTEx_WakeupCallback  stm32f7xx_hal_uart.o
    0x08001a10   0x08001a10   0x00000002   Code   RO         2573    i.HAL_UART_ErrorCallback  stm32f7xx_hal_uart.o
    0x08001a12   0x08001a12   0x00000002   PAD
    0x08001a14   0x08001a14   0x0000015c   Code   RO         2576    i.HAL_UART_IRQHandler  stm32f7xx_hal_uart.o
    0x08001b70   0x08001b70   0x00000066   Code   RO         2577    i.HAL_UART_Init     stm32f7xx_hal_uart.o
    0x08001bd6   0x08001bd6   0x00000002   PAD
    0x08001bd8   0x08001bd8   0x00000088   Code   RO         3226    i.HAL_UART_MspInit  usart.o
    0x08001c60   0x08001c60   0x000000ee   Code   RO         2580    i.HAL_UART_Receive  stm32f7xx_hal_uart.o
    0x08001d4e   0x08001d4e   0x00000002   Code   RO         2589    i.HAL_UART_TxCpltCallback  stm32f7xx_hal_uart.o
    0x08001d50   0x08001d50   0x00000002   Code   RO          601    i.HardFault_Handler  stm32f7xx_it.o
    0x08001d52   0x08001d52   0x00000002   PAD
    0x08001d54   0x08001d54   0x00000050   Code   RO         3325    i.IIC_Ack           myiic.o
    0x08001da4   0x08001da4   0x00000050   Code   RO         3326    i.IIC_Init          myiic.o
    0x08001df4   0x08001df4   0x00000050   Code   RO         3327    i.IIC_NAck          myiic.o
    0x08001e44   0x08001e44   0x00000068   Code   RO         3328    i.IIC_Read_Byte     myiic.o
    0x08001eac   0x08001eac   0x0000006c   Code   RO         3329    i.IIC_Send_Byte     myiic.o
    0x08001f18   0x08001f18   0x00000050   Code   RO         3330    i.IIC_Start         myiic.o
    0x08001f68   0x08001f68   0x00000050   Code   RO         3331    i.IIC_Stop          myiic.o
    0x08001fb8   0x08001fb8   0x00000064   Code   RO         3332    i.IIC_Wait_Ack      myiic.o
    0x0800201c   0x0800201c   0x0000003c   Code   RO          329    i.MX_X_CUBE_AI_Init  app_x-cube-ai.o
    0x08002058   0x08002058   0x000000a8   Code   RO          330    i.MX_X_CUBE_AI_Process  app_x-cube-ai.o
    0x08002100   0x08002100   0x00000002   Code   RO          602    i.MemManage_Handler  stm32f7xx_it.o
    0x08002102   0x08002102   0x00000002   Code   RO          603    i.NMI_Handler       stm32f7xx_it.o
    0x08002104   0x08002104   0x0000003a   Code   RO         3505    i.OV2640_Brightness  ov2640.o
    0x0800213e   0x0800213e   0x00000040   Code   RO         3507    i.OV2640_Color_Saturation  ov2640.o
    0x0800217e   0x0800217e   0x00000072   Code   RO         3508    i.OV2640_Contrast   ov2640.o
    0x080021f0   0x080021f0   0x00000088   Code   RO         3510    i.OV2640_ImageWin_Set  ov2640.o
    0x08002278   0x08002278   0x0000010c   Code   RO         3511    i.OV2640_Init       ov2640.o
    0x08002384   0x08002384   0x0000006a   Code   RO         3513    i.OV2640_Light_Mode  ov2640.o
    0x080023ee   0x080023ee   0x00000054   Code   RO         3514    i.OV2640_OutSize_Set  ov2640.o
    0x08002442   0x08002442   0x00000008   Code   RO         3515    i.OV2640_PWDN_Set   ov2640.o
    0x0800244a   0x0800244a   0x00000002   PAD
    0x0800244c   0x0800244c   0x00000024   Code   RO         3516    i.OV2640_RGB565_Mode  ov2640.o
    0x08002470   0x08002470   0x00000058   Code   RO         3391    i.PCF8574_Init      pcf8574.o
    0x080024c8   0x080024c8   0x00000020   Code   RO         3393    i.PCF8574_ReadOneByte  pcf8574.o
    0x080024e8   0x080024e8   0x00000022   Code   RO         3394    i.PCF8574_WriteBit  pcf8574.o
    0x0800250a   0x0800250a   0x0000002a   Code   RO         3395    i.PCF8574_WriteOneByte  pcf8574.o
    0x08002534   0x08002534   0x00000002   Code   RO          604    i.PendSV_Handler    stm32f7xx_it.o
    0x08002536   0x08002536   0x00000002   PAD
    0x08002538   0x08002538   0x0000004c   Code   RO         3438    i.SCCB_Init         sccb.o
    0x08002584   0x08002584   0x0000004c   Code   RO         3439    i.SCCB_No_Ack       sccb.o
    0x080025d0   0x080025d0   0x00000068   Code   RO         3440    i.SCCB_RD_Byte      sccb.o
    0x08002638   0x08002638   0x0000004c   Code   RO         3441    i.SCCB_RD_Reg       sccb.o
    0x08002684   0x08002684   0x00000040   Code   RO         3442    i.SCCB_Start        sccb.o
    0x080026c4   0x080026c4   0x0000003c   Code   RO         3443    i.SCCB_Stop         sccb.o
    0x08002700   0x08002700   0x0000009c   Code   RO         3444    i.SCCB_WR_Byte      sccb.o
    0x0800279c   0x0800279c   0x0000003e   Code   RO         3445    i.SCCB_WR_Reg       sccb.o
    0x080027da   0x080027da   0x00000002   Code   RO          605    i.SVC_Handler       stm32f7xx_it.o
    0x080027dc   0x080027dc   0x00000084   Code   RO         3184    i.Stm32_Clock_Init  sys.o
    0x08002860   0x08002860   0x00000004   Code   RO          606    i.SysTick_Handler   stm32f7xx_it.o
    0x08002864   0x08002864   0x0000001c   Code   RO         3143    i.SystemInit        system_stm32f7xx.o
    0x08002880   0x08002880   0x000000c8   Code   RO         2591    i.UART_AdvFeatureConfig  stm32f7xx_hal_uart.o
    0x08002948   0x08002948   0x00000058   Code   RO         2592    i.UART_CheckIdleState  stm32f7xx_hal_uart.o
    0x080029a0   0x080029a0   0x00000014   Code   RO         2593    i.UART_DMAAbortOnError  stm32f7xx_hal_uart.o
    0x080029b4   0x080029b4   0x00000020   Code   RO         2603    i.UART_EndRxTransfer  stm32f7xx_hal_uart.o
    0x080029d4   0x080029d4   0x0000025c   Code   RO         2607    i.UART_SetConfig    stm32f7xx_hal_uart.o
    0x08002c30   0x08002c30   0x000000a4   Code   RO         2610    i.UART_WaitOnFlagUntilTimeout  stm32f7xx_hal_uart.o
    0x08002cd4   0x08002cd4   0x0000006c   Code   RO         3227    i.USART1_IRQHandler  usart.o
    0x08002d40   0x08002d40   0x00000002   Code   RO          607    i.UsageFault_Handler  stm32f7xx_it.o
    0x08002d42   0x08002d42   0x00000002   PAD
    0x08002d44   0x08002d44   0x00000020   Code   RO         4533    i.__0printf         mc_w.l(printfa.o)
    0x08002d64   0x08002d64   0x00000026   Code   RO         4595    i.__ARM_fpclassifyf  m_wv.l(fpclassifyf.o)
    0x08002d8a   0x08002d8a   0x00000022   Code   RO          735    i.__NVIC_SetPriority  stm32f7xx_hal_cortex.o
    0x08002dac   0x08002dac   0x000000f8   Code   RO         3757    i.__ai_math_dot_array_opt  NetworkRuntime520_CM7_Keil.lib(layers_conv2d_generic_float.o)
    0x08002ea4   0x08002ea4   0x0000005c   Code   RO         4565    i.__free$realloc    mc_w.l(mallocr.o)
    0x08002f00   0x08002f00   0x000001f4   Code   RO         4175    i.__hardfp_expf     m_wv.l(expf.o)
    0x080030f4   0x080030f4   0x00000050   Code   RO         4566    i.__malloc$realloc  mc_w.l(mallocr.o)
    0x08003144   0x08003144   0x00000006   Code   RO         4598    i.__mathlib_flt_infnan  m_wv.l(funder.o)
    0x0800314a   0x0800314a   0x00000002   PAD
    0x0800314c   0x0800314c   0x00000010   Code   RO         4601    i.__mathlib_flt_overflow  m_wv.l(funder.o)
    0x0800315c   0x0800315c   0x00000010   Code   RO         4603    i.__mathlib_flt_underflow  m_wv.l(funder.o)
    0x0800316c   0x0800316c   0x0000000e   Code   RO         4691    i.__scatterload_copy  mc_w.l(handlers.o)
    0x0800317a   0x0800317a   0x00000002   Code   RO         4692    i.__scatterload_null  mc_w.l(handlers.o)
    0x0800317c   0x0800317c   0x0000000e   Code   RO         4693    i.__scatterload_zeroinit  mc_w.l(handlers.o)
    0x0800318a   0x0800318a   0x00000002   PAD
    0x0800318c   0x0800318c   0x0000000c   Code   RO         4659    i.__set_errno       mc_w.l(errno.o)
    0x08003198   0x08003198   0x000000aa   Code   RO         3702    i._ai_platform_get_io_buffers_info  NetworkRuntime520_CM7_Keil.lib(ai_platform_interface.o)
    0x08003242   0x08003242   0x00000002   PAD
    0x08003244   0x08003244   0x00000184   Code   RO         4540    i._fp_digits        mc_w.l(printfa.o)
    0x080033c8   0x080033c8   0x00000216   Code   RO         3703    i._platform_network_io_bind  NetworkRuntime520_CM7_Keil.lib(ai_platform_interface.o)
    0x080035de   0x080035de   0x00000038   Code   RO         3704    i._platform_network_state_setup  NetworkRuntime520_CM7_Keil.lib(ai_platform_interface.o)
    0x08003616   0x08003616   0x0000006c   Code   RO         3705    i._platform_network_state_update_input  NetworkRuntime520_CM7_Keil.lib(ai_platform_interface.o)
    0x08003682   0x08003682   0x00000080   Code   RO         3706    i._platform_network_state_update_output  NetworkRuntime520_CM7_Keil.lib(ai_platform_interface.o)
    0x08003702   0x08003702   0x00000002   PAD
    0x08003704   0x08003704   0x000006b4   Code   RO         4541    i._printf_core      mc_w.l(printfa.o)
    0x08003db8   0x08003db8   0x00000024   Code   RO         4542    i._printf_post_padding  mc_w.l(printfa.o)
    0x08003ddc   0x08003ddc   0x0000002e   Code   RO         4543    i._printf_pre_padding  mc_w.l(printfa.o)
    0x08003e0a   0x08003e0a   0x00000044   Code   RO         3962    i.ai_array_get_byte_size  NetworkRuntime520_CM7_Keil.lib(ai_datatypes_format.o)
    0x08003e4e   0x08003e4e   0x00000002   PAD
    0x08003e50   0x08003e50   0x000000ec   Code   RO         3965    i.ai_array_to_buffer_fmt  NetworkRuntime520_CM7_Keil.lib(ai_datatypes_format.o)
    0x08003f3c   0x08003f3c   0x000000a4   Code   RO          332    i.ai_boostrap       app_x-cube-ai.o
    0x08003fe0   0x08003fe0   0x0000002c   Code   RO         4025    i.ai_check_custom_types  NetworkRuntime520_CM7_Keil.lib(layers.o)
    0x0800400c   0x0800400c   0x00000130   Code   RO         3758    i.ai_conv2d_kernel_depthwise_f32  NetworkRuntime520_CM7_Keil.lib(layers_conv2d_generic_float.o)
    0x0800413c   0x0800413c   0x00000180   Code   RO         3759    i.ai_conv2d_kernel_group_f32  NetworkRuntime520_CM7_Keil.lib(layers_conv2d_generic_float.o)
    0x080042bc   0x080042bc   0x00000172   Code   RO         3760    i.ai_conv2d_kernel_simple_opt_f32  NetworkRuntime520_CM7_Keil.lib(layers_conv2d_generic_float.o)
    0x0800442e   0x0800442e   0x00000002   PAD
    0x08004430   0x08004430   0x0000026c   Code   RO         3761    i.ai_conv2d_stripe_f32  NetworkRuntime520_CM7_Keil.lib(layers_conv2d_generic_float.o)
    0x0800469c   0x0800469c   0x00000130   Code   RO         3762    i.ai_dict4_dot_array_f32  NetworkRuntime520_CM7_Keil.lib(layers_conv2d_generic_float.o)
    0x080047cc   0x080047cc   0x000000fc   Code   RO         3763    i.ai_dict8_dot_array_f32  NetworkRuntime520_CM7_Keil.lib(layers_conv2d_generic_float.o)
    0x080048c8   0x080048c8   0x0000007a   Code   RO         3764    i.ai_dict_decompress_f32  NetworkRuntime520_CM7_Keil.lib(layers_conv2d_generic_float.o)
    0x08004942   0x08004942   0x00000012   Code   RO         4026    i.ai_forward_layer  NetworkRuntime520_CM7_Keil.lib(layers.o)
    0x08004954   0x08004954   0x0000004a   Code   RO         4029    i.ai_layers_forward_all  NetworkRuntime520_CM7_Keil.lib(layers.o)
    0x0800499e   0x0800499e   0x00000002   PAD
    0x080049a0   0x080049a0   0x00000084   Code   RO          333    i.ai_log_err        app_x-cube-ai.o
    0x08004a24   0x08004a24   0x00000018   Code   RO           10    i.ai_network_create  network.o
    0x08004a3c   0x08004a3c   0x00000008   Code   RO          307    i.ai_network_data_weights_get  network_data.o
    0x08004a44   0x08004a44   0x00000004   Code   RO           13    i.ai_network_get_error  network.o
    0x08004a48   0x08004a48   0x00000058   Code   RO           14    i.ai_network_get_info  network.o
    0x08004aa0   0x08004aa0   0x00000036   Code   RO           15    i.ai_network_init   network.o
    0x08004ad6   0x08004ad6   0x00000004   Code   RO           16    i.ai_network_run    network.o
    0x08004ada   0x08004ada   0x00000002   PAD
    0x08004adc   0x08004adc   0x000000bc   Code   RO         3708    i.ai_platform_api_get_network_report  NetworkRuntime520_CM7_Keil.lib(ai_platform_interface.o)
    0x08004b98   0x08004b98   0x00000014   Code   RO         3709    i.ai_platform_api_get_version  NetworkRuntime520_CM7_Keil.lib(ai_platform_interface.o)
    0x08004bac   0x08004bac   0x0000001c   Code   RO         3710    i.ai_platform_context_acquire  NetworkRuntime520_CM7_Keil.lib(ai_platform_interface.o)
    0x08004bc8   0x08004bc8   0x00000014   Code   RO         3712    i.ai_platform_interface_api_get_version  NetworkRuntime520_CM7_Keil.lib(ai_platform_interface.o)
    0x08004bdc   0x08004bdc   0x0000006c   Code   RO         3713    i.ai_platform_network_create  NetworkRuntime520_CM7_Keil.lib(ai_platform_interface.o)
    0x08004c48   0x08004c48   0x0000001c   Code   RO         3715    i.ai_platform_network_get_error  NetworkRuntime520_CM7_Keil.lib(ai_platform_interface.o)
    0x08004c64   0x08004c64   0x0000007e   Code   RO         3716    i.ai_platform_network_init  NetworkRuntime520_CM7_Keil.lib(ai_platform_interface.o)
    0x08004ce2   0x08004ce2   0x00000040   Code   RO         3717    i.ai_platform_network_post_init  NetworkRuntime520_CM7_Keil.lib(ai_platform_interface.o)
    0x08004d22   0x08004d22   0x00000056   Code   RO         3718    i.ai_platform_network_process  NetworkRuntime520_CM7_Keil.lib(ai_platform_interface.o)
    0x08004d78   0x08004d78   0x0000000c   Code   RO         3719    i.ai_platform_network_set_error  NetworkRuntime520_CM7_Keil.lib(ai_platform_interface.o)
    0x08004d84   0x08004d84   0x00000010   Code   RO         3725    i.ai_platform_runtime_get_revision  NetworkRuntime520_CM7_Keil.lib(ai_platform_interface.o)
    0x08004d94   0x08004d94   0x00000014   Code   RO         3726    i.ai_platform_runtime_get_version  NetworkRuntime520_CM7_Keil.lib(ai_platform_interface.o)
    0x08004da8   0x08004da8   0x0000001a   Code   RO         3796    i.ai_shape_get_size  NetworkRuntime520_CM7_Keil.lib(layers_nl_generic_float.o)
    0x08004dc2   0x08004dc2   0x0000000c   Code   RO         4037    i.core_get_error    NetworkRuntime520_CM7_Keil.lib(core_common.o)
    0x08004dce   0x08004dce   0x00000004   Code   RO         4038    i.core_init         NetworkRuntime520_CM7_Keil.lib(core_common.o)
    0x08004dd2   0x08004dd2   0x00000010   Code   RO         3766    i.core_nl_get_params_byte_size  NetworkRuntime520_CM7_Keil.lib(layers_conv2d_generic_float.o)
    0x08004de2   0x08004de2   0x00000012   Code   RO         3767    i.core_nl_get_params_ptr  NetworkRuntime520_CM7_Keil.lib(layers_conv2d_generic_float.o)
    0x08004df4   0x08004df4   0x0000000a   Code   RO         3768    i.core_nl_get_params_stride  NetworkRuntime520_CM7_Keil.lib(layers_conv2d_generic_float.o)
    0x08004dfe   0x08004dfe   0x0000001a   Code   RO         4039    i.core_set_error    NetworkRuntime520_CM7_Keil.lib(core_common.o)
    0x08004e18   0x08004e18   0x00000014   Code   RO         3287    i.delay_init        delay.o
    0x08004e2c   0x08004e2c   0x0000001a   Code   RO         3288    i.delay_ms          delay.o
    0x08004e46   0x08004e46   0x00000002   PAD
    0x08004e48   0x08004e48   0x00000034   Code   RO         3289    i.delay_us          delay.o
    0x08004e7c   0x08004e7c   0x00000480   Code   RO         3770    i.forward_conv2d_nl_pool  NetworkRuntime520_CM7_Keil.lib(layers_conv2d_generic_float.o)
    0x080052fc   0x080052fc   0x00000190   Code   RO         3771    i.forward_dense     NetworkRuntime520_CM7_Keil.lib(layers_conv2d_generic_float.o)
    0x0800548c   0x0800548c   0x0000009a   Code   RO         3818    i.forward_relu      NetworkRuntime520_CM7_Keil.lib(layers_nl_generic_float.o)
    0x08005526   0x08005526   0x0000006c   Code   RO         3827    i.forward_sm        NetworkRuntime520_CM7_Keil.lib(layers_nl_generic_float.o)
    0x08005592   0x08005592   0x00000002   PAD
    0x08005594   0x08005594   0x00000014   Code   RO         3229    i.fputc             usart.o
    0x080055a8   0x080055a8   0x00000002   Code   RO         3774    i.func_dummy        NetworkRuntime520_CM7_Keil.lib(layers_conv2d_generic_float.o)
    0x080055aa   0x080055aa   0x00000002   PAD
    0x080055ac   0x080055ac   0x00000050   Code   RO         4567    i.internal_alloc    mc_w.l(mallocr.o)
    0x080055fc   0x080055fc   0x00000010   Code   RO          515    i.jpeg_data_process  main.o
    0x0800560c   0x0800560c   0x000001a0   Code   RO          516    i.main              main.o
    0x080057ac   0x080057ac   0x00000074   Code   RO           17    i.network_configure_activations  network.o
    0x08005820   0x08005820   0x000000f8   Code   RO           18    i.network_configure_weights  network.o
    0x08005918   0x08005918   0x00000034   Code   RO         3854    i.nl_func_relu_array_f32  NetworkRuntime520_CM7_Keil.lib(layers_nl_generic_float.o)
    0x0800594c   0x0800594c   0x000000c0   Code   RO         3855    i.nl_func_relu_generic_array_f32  NetworkRuntime520_CM7_Keil.lib(layers_nl_generic_float.o)
    0x08005a0c   0x08005a0c   0x00000044   Code   RO         3856    i.nl_func_relu_thresholded_array_f32  NetworkRuntime520_CM7_Keil.lib(layers_nl_generic_float.o)
    0x08005a50   0x08005a50   0x0000004c   Code   RO         3864    i.nl_func_sm_array_f32  NetworkRuntime520_CM7_Keil.lib(layers_nl_generic_float.o)
    0x08005a9c   0x08005a9c   0x00000088   Code   RO         3865    i.nl_func_sm_channel_f32  NetworkRuntime520_CM7_Keil.lib(layers_nl_generic_float.o)
    0x08005b24   0x08005b24   0x000001a0   Code   RO         3950    i.pool_func_mp_array_f32  NetworkRuntime520_CM7_Keil.lib(layers_pool_generic_float.o)
    0x08005cc4   0x08005cc4   0x0000007c   Code   RO          334    i.post_process      app_x-cube-ai.o
    0x08005d40   0x08005d40   0x00000028   Code   RO         3230    i.uart_init         usart.o
    0x08005d68   0x08005d68   0x00000008   Data   RO           26    .constdata          network.o
    0x08005d70   0x08005d70   0x00000008   Data   RO           27    .constdata          network.o
    0x08005d78   0x08005d78   0x00000008   Data   RO           28    .constdata          network.o
    0x08005d80   0x08005d80   0x00000008   Data   RO           29    .constdata          network.o
    0x08005d88   0x08005d88   0x00000008   Data   RO           30    .constdata          network.o
    0x08005d90   0x08005d90   0x00000008   Data   RO           31    .constdata          network.o
    0x08005d98   0x08005d98   0x00000008   Data   RO           32    .constdata          network.o
    0x08005da0   0x08005da0   0x00000008   Data   RO           33    .constdata          network.o
    0x08005da8   0x08005da8   0x00000074   Data   RO           34    .constdata          network.o
    0x08005e1c   0x08005e1c   0x0003c428   Data   RO          308    .constdata          network_data.o
    0x08042244   0x08042244   0x00000c74   Data   RO          336    .constdata          app_x-cube-ai.o
    0x08042eb8   0x08042eb8   0x00000008   Data   RO         1383    .constdata          stm32f7xx_hal_dma.o
    0x08042ec0   0x08042ec0   0x00000010   Data   RO         3144    .constdata          system_stm32f7xx.o
    0x08042ed0   0x08042ed0   0x00000008   Data   RO         3145    .constdata          system_stm32f7xx.o
    0x08042ed8   0x08042ed8   0x000001c4   Data   RO         3520    .constdata          ov2640.o
    0x0804309c   0x0804309c   0x00000020   Data   RO         3727    .constdata          NetworkRuntime520_CM7_Keil.lib(ai_platform_interface.o)
    0x080430bc   0x080430bc   0x00000030   Data   RO         4178    .constdata          m_wv.l(expf.o)
    0x080430ec   0x080430ec   0x0000006c   Data   RO           35    .conststring        network.o
    0x08043158   0x08043158   0x00000046   Data   RO          337    .conststring        app_x-cube-ai.o
    0x0804319e   0x0804319e   0x00000002   PAD
    0x080431a0   0x080431a0   0x00000020   Data   RO         4689    Region$$Table       anon$$obj.o


    Execution Region RW_IRAM1 (Exec base: 0x20000000, Load base: 0x080431c0, Size: 0x0000b8b8, Max: 0x00080000, ABSOLUTE, COMPRESSED[0x00000388])

    Exec Addr    Load Addr    Size         Type   Attr      Idx    E Section Name        Object

    0x20000000   COMPRESSED   0x00000010   Data   RW           36    .data               network.o
    0x20000010   COMPRESSED   0x00000010   Data   RW           37    .data               network.o
    0x20000020   COMPRESSED   0x00000010   Data   RW           38    .data               network.o
    0x20000030   COMPRESSED   0x00000010   Data   RW           39    .data               network.o
    0x20000040   COMPRESSED   0x00000010   Data   RW           40    .data               network.o
    0x20000050   COMPRESSED   0x00000010   Data   RW           41    .data               network.o
    0x20000060   COMPRESSED   0x00000010   Data   RW           42    .data               network.o
    0x20000070   COMPRESSED   0x00000010   Data   RW           43    .data               network.o
    0x20000080   COMPRESSED   0x00000010   Data   RW           44    .data               network.o
    0x20000090   COMPRESSED   0x00000010   Data   RW           45    .data               network.o
    0x200000a0   COMPRESSED   0x00000010   Data   RW           46    .data               network.o
    0x200000b0   COMPRESSED   0x00000010   Data   RW           47    .data               network.o
    0x200000c0   COMPRESSED   0x00000010   Data   RW           48    .data               network.o
    0x200000d0   COMPRESSED   0x00000010   Data   RW           49    .data               network.o
    0x200000e0   COMPRESSED   0x00000010   Data   RW           50    .data               network.o
    0x200000f0   COMPRESSED   0x00000010   Data   RW           51    .data               network.o
    0x20000100   COMPRESSED   0x00000010   Data   RW           52    .data               network.o
    0x20000110   COMPRESSED   0x00000010   Data   RW           53    .data               network.o
    0x20000120   COMPRESSED   0x00000010   Data   RW           54    .data               network.o
    0x20000130   COMPRESSED   0x00000010   Data   RW           55    .data               network.o
    0x20000140   COMPRESSED   0x00000010   Data   RW           56    .data               network.o
    0x20000150   COMPRESSED   0x00000010   Data   RW           57    .data               network.o
    0x20000160   COMPRESSED   0x00000010   Data   RW           58    .data               network.o
    0x20000170   COMPRESSED   0x00000010   Data   RW           59    .data               network.o
    0x20000180   COMPRESSED   0x00000010   Data   RW           60    .data               network.o
    0x20000190   COMPRESSED   0x00000010   Data   RW           61    .data               network.o
    0x200001a0   COMPRESSED   0x00000010   Data   RW           62    .data               network.o
    0x200001b0   COMPRESSED   0x00000010   Data   RW           63    .data               network.o
    0x200001c0   COMPRESSED   0x00000010   Data   RW           64    .data               network.o
    0x200001d0   COMPRESSED   0x00000010   Data   RW           65    .data               network.o
    0x200001e0   COMPRESSED   0x00000010   Data   RW           66    .data               network.o
    0x200001f0   COMPRESSED   0x00000010   Data   RW           67    .data               network.o
    0x20000200   COMPRESSED   0x00000010   Data   RW           68    .data               network.o
    0x20000210   COMPRESSED   0x00000010   Data   RW           69    .data               network.o
    0x20000220   COMPRESSED   0x00000010   Data   RW           70    .data               network.o
    0x20000230   COMPRESSED   0x00000010   Data   RW           71    .data               network.o
    0x20000240   COMPRESSED   0x00000010   Data   RW           72    .data               network.o
    0x20000250   COMPRESSED   0x00000010   Data   RW           73    .data               network.o
    0x20000260   COMPRESSED   0x00000010   Data   RW           74    .data               network.o
    0x20000270   COMPRESSED   0x00000010   Data   RW           75    .data               network.o
    0x20000280   COMPRESSED   0x00000010   Data   RW           76    .data               network.o
    0x20000290   COMPRESSED   0x00000010   Data   RW           77    .data               network.o
    0x200002a0   COMPRESSED   0x00000010   Data   RW           78    .data               network.o
    0x200002b0   COMPRESSED   0x00000010   Data   RW           79    .data               network.o
    0x200002c0   COMPRESSED   0x00000004   Data   RW           80    .data               network.o
    0x200002c4   COMPRESSED   0x00000004   Data   RW           81    .data               network.o
    0x200002c8   COMPRESSED   0x0000000c   Data   RW           82    .data               network.o
    0x200002d4   COMPRESSED   0x00000004   Data   RW           83    .data               network.o
    0x200002d8   COMPRESSED   0x00000030   Data   RW           84    .data               network.o
    0x20000308   COMPRESSED   0x00000010   Data   RW           85    .data               network.o
    0x20000318   COMPRESSED   0x00000004   Data   RW           86    .data               network.o
    0x2000031c   COMPRESSED   0x00000004   Data   RW           87    .data               network.o
    0x20000320   COMPRESSED   0x0000000c   Data   RW           88    .data               network.o
    0x2000032c   COMPRESSED   0x00000004   Data   RW           89    .data               network.o
    0x20000330   COMPRESSED   0x00000030   Data   RW           90    .data               network.o
    0x20000360   COMPRESSED   0x00000004   Data   RW           91    .data               network.o
    0x20000364   COMPRESSED   0x00000004   Data   RW           92    .data               network.o
    0x20000368   COMPRESSED   0x00000008   Data   RW           93    .data               network.o
    0x20000370   COMPRESSED   0x00000004   Data   RW           94    .data               network.o
    0x20000374   COMPRESSED   0x00000030   Data   RW           95    .data               network.o
    0x200003a4   COMPRESSED   0x00000004   Data   RW           96    .data               network.o
    0x200003a8   COMPRESSED   0x00000004   Data   RW           97    .data               network.o
    0x200003ac   COMPRESSED   0x00000004   Data   RW           98    .data               network.o
    0x200003b0   COMPRESSED   0x00000004   Data   RW           99    .data               network.o
    0x200003b4   COMPRESSED   0x00000030   Data   RW          100    .data               network.o
    0x200003e4   COMPRESSED   0x00000004   Data   RW          101    .data               network.o
    0x200003e8   COMPRESSED   0x00000004   Data   RW          102    .data               network.o
    0x200003ec   COMPRESSED   0x00000008   Data   RW          103    .data               network.o
    0x200003f4   COMPRESSED   0x00000004   Data   RW          104    .data               network.o
    0x200003f8   COMPRESSED   0x00000030   Data   RW          105    .data               network.o
    0x20000428   COMPRESSED   0x00000004   Data   RW          106    .data               network.o
    0x2000042c   COMPRESSED   0x00000004   Data   RW          107    .data               network.o
    0x20000430   COMPRESSED   0x00000004   Data   RW          108    .data               network.o
    0x20000434   COMPRESSED   0x00000004   Data   RW          109    .data               network.o
    0x20000438   COMPRESSED   0x00000030   Data   RW          110    .data               network.o
    0x20000468   COMPRESSED   0x00000004   Data   RW          111    .data               network.o
    0x2000046c   COMPRESSED   0x00000004   Data   RW          112    .data               network.o
    0x20000470   COMPRESSED   0x00000008   Data   RW          113    .data               network.o
    0x20000478   COMPRESSED   0x00000004   Data   RW          114    .data               network.o
    0x2000047c   COMPRESSED   0x00000030   Data   RW          115    .data               network.o
    0x200004ac   COMPRESSED   0x00000004   Data   RW          116    .data               network.o
    0x200004b0   COMPRESSED   0x00000004   Data   RW          117    .data               network.o
    0x200004b4   COMPRESSED   0x00000004   Data   RW          118    .data               network.o
    0x200004b8   COMPRESSED   0x00000004   Data   RW          119    .data               network.o
    0x200004bc   COMPRESSED   0x00000030   Data   RW          120    .data               network.o
    0x200004ec   COMPRESSED   0x00000004   Data   RW          121    .data               network.o
    0x200004f0   COMPRESSED   0x00000008   Data   RW          122    .data               network.o
    0x200004f8   COMPRESSED   0x0000000c   Data   RW          123    .data               network.o
    0x20000504   COMPRESSED   0x00000004   Data   RW          124    .data               network.o
    0x20000508   COMPRESSED   0x00000008   Data   RW          125    .data               network.o
    0x20000510   COMPRESSED   0x0000000c   Data   RW          126    .data               network.o
    0x2000051c   COMPRESSED   0x00000018   Data   RW          127    .data               network.o
    0x20000534   COMPRESSED   0x000001b0   Data   RW          128    .data               network.o
    0x200006e4   COMPRESSED   0x0000001c   Data   RW          129    .data               network.o
    0x20000700   COMPRESSED   0x0000001c   Data   RW          130    .data               network.o
    0x2000071c   COMPRESSED   0x0000001c   Data   RW          131    .data               network.o
    0x20000738   COMPRESSED   0x0000001c   Data   RW          132    .data               network.o
    0x20000754   COMPRESSED   0x0000001c   Data   RW          133    .data               network.o
    0x20000770   COMPRESSED   0x0000001c   Data   RW          134    .data               network.o
    0x2000078c   COMPRESSED   0x0000001c   Data   RW          135    .data               network.o
    0x200007a8   COMPRESSED   0x0000001c   Data   RW          136    .data               network.o
    0x200007c4   COMPRESSED   0x0000001c   Data   RW          137    .data               network.o
    0x200007e0   COMPRESSED   0x0000001c   Data   RW          138    .data               network.o
    0x200007fc   COMPRESSED   0x0000001c   Data   RW          139    .data               network.o
    0x20000818   COMPRESSED   0x0000001c   Data   RW          140    .data               network.o
    0x20000834   COMPRESSED   0x0000001c   Data   RW          141    .data               network.o
    0x20000850   COMPRESSED   0x0000001c   Data   RW          142    .data               network.o
    0x2000086c   COMPRESSED   0x0000001c   Data   RW          143    .data               network.o
    0x20000888   COMPRESSED   0x0000001c   Data   RW          144    .data               network.o
    0x200008a4   COMPRESSED   0x0000001c   Data   RW          145    .data               network.o
    0x200008c0   COMPRESSED   0x0000001c   Data   RW          146    .data               network.o
    0x200008dc   COMPRESSED   0x0000001c   Data   RW          147    .data               network.o
    0x200008f8   COMPRESSED   0x0000001c   Data   RW          148    .data               network.o
    0x20000914   COMPRESSED   0x0000001c   Data   RW          149    .data               network.o
    0x20000930   COMPRESSED   0x0000001c   Data   RW          150    .data               network.o
    0x2000094c   COMPRESSED   0x00000058   Data   RW          151    .data               network.o
    0x200009a4   COMPRESSED   0x00000058   Data   RW          152    .data               network.o
    0x200009fc   COMPRESSED   0x00000018   Data   RW          153    .data               network.o
    0x20000a14   COMPRESSED   0x0000001c   Data   RW          154    .data               network.o
    0x20000a30   COMPRESSED   0x00000018   Data   RW          155    .data               network.o
    0x20000a48   COMPRESSED   0x0000001c   Data   RW          156    .data               network.o
    0x20000a64   COMPRESSED   0x00000018   Data   RW          157    .data               network.o
    0x20000a7c   COMPRESSED   0x0000001c   Data   RW          158    .data               network.o
    0x20000a98   COMPRESSED   0x00000004   Data   RW          338    .data               app_x-cube-ai.o
    0x20000a9c   COMPRESSED   0x00000002   Data   RW          518    .data               main.o
    0x20000a9e   COMPRESSED   0x00000002   PAD
    0x20000aa0   COMPRESSED   0x0000000c   Data   RW         1762    .data               stm32f7xx_hal.o
    0x20000aac   COMPRESSED   0x00000004   Data   RW         3146    .data               system_stm32f7xx.o
    0x20000ab0   COMPRESSED   0x00000002   Data   RW         3232    .data               usart.o
    0x20000ab2   COMPRESSED   0x00000002   PAD
    0x20000ab4   COMPRESSED   0x00000004   Data   RW         3233    .data               usart.o
    0x20000ab8   COMPRESSED   0x00000004   Data   RW         3290    .data               delay.o
    0x20000abc   COMPRESSED   0x00000008   Data   RW         3630    .data               dcmi.o
    0x20000ac4   COMPRESSED   0x00000004   Data   RW         4655    .data               mc_w.l(mvars.o)
    0x20000ac8   COMPRESSED   0x00000004   Data   RW         4656    .data               mc_w.l(mvars.o)
    0x20000acc   COMPRESSED   0x00000004   Data   RW         4660    .data               mc_w.l(errno.o)
    0x20000ad0        -       0x00000010   Zero   RW           19    .bss                network.o
    0x20000ae0        -       0x00000010   Zero   RW           20    .bss                network.o
    0x20000af0        -       0x00000010   Zero   RW           21    .bss                network.o
    0x20000b00        -       0x00000018   Zero   RW           22    .bss                network.o
    0x20000b18        -       0x00000010   Zero   RW           23    .bss                network.o
    0x20000b28        -       0x00000018   Zero   RW           24    .bss                network.o
    0x20000b40        -       0x00000010   Zero   RW           25    .bss                network.o
    0x20000b50        -       0x000064f4   Zero   RW          335    .bss                app_x-cube-ai.o
    0x20007044        -       0x0000067c   Zero   RW          517    .bss                main.o
    0x200076c0        -       0x00000148   Zero   RW         3231    .bss                usart.o
    0x20007808        -       0x000000b0   Zero   RW         3629    .bss                dcmi.o
    0x200078b8        -       0x00002000   Zero   RW            2    HEAP                startup_stm32f767xx.o
    0x200098b8        -       0x00002000   Zero   RW            1    STACK               startup_stm32f767xx.o


==============================================================================

Image component sizes


      Code (inc. data)   RO Data    RW Data    ZI Data      Debug   Object Name

       648        332       3258          4      25844     850826   app_x-cube-ai.o
       684         90          0          8        176       5395   dcmi.o
        98          8          0          4          0       2055   delay.o
       500         56          0          2       1660      39559   main.o
       712         40          0          0          0       5286   myiic.o
       538         34        288       2712        128      52020   network.o
         8          4     246824          0          0       9470   network_data.o
       874         42        452          0          0       8128   ov2640.o
       196          8          0          0          0       3049   pcf8574.o
       674         32          0          0          0       5465   sccb.o
        36          8        504          0      16384        832   startup_stm32f767xx.o
       114         20          0         12          0       8533   stm32f7xx_hal.o
       222         12          0          0          0      39585   stm32f7xx_hal_cortex.o
       120          6          0          0          0       1155   stm32f7xx_hal_crc.o
        78          0          0          0          0       1267   stm32f7xx_hal_crc_ex.o
       378          8          0          0          0       4742   stm32f7xx_hal_dcmi.o
       600         12          8          0          0       5939   stm32f7xx_hal_dma.o
       130          0          0          0          0       2141   stm32f7xx_hal_dma_ex.o
       492         52          0          0          0       3203   stm32f7xx_hal_gpio.o
        88         16          0          0          0       1428   stm32f7xx_hal_msp.o
       108          8          0          0          0       1260   stm32f7xx_hal_pwr_ex.o
      1388         70          0          0          0       5164   stm32f7xx_hal_rcc.o
      1802         74          0          0          0      10513   stm32f7xx_hal_uart.o
        20          0          0          0          0       4142   stm32f7xx_it.o
       132          8          0          0          0       1219   sys.o
        28          6         24          4          0       1151   system_stm32f7xx.o
       304         36          0          6        328       4487   usart.o

    ----------------------------------------------------------------------
     11002        982     251392       2756      44520    1078014   Object Totals
         0          0         32          0          0          0   (incl. Generated)
        30          0          2          4          0          0   (incl. Padding)

    ----------------------------------------------------------------------

      Code (inc. data)   RO Data    RW Data    ZI Data      Debug   Library Member Name

       304         34          0          0          0        256   ai_datatypes_format.o
      1872         80         32          0          0       2320   ai_platform_interface.o
        42          0          0          0          0        348   core_common.o
       136          6          0          0          0        376   layers.o
      4202         38          0          0          0       1912   layers_conv2d_generic_float.o
       812         22          0          0          0       1068   layers_nl_generic_float.o
       416          4          0          0          0        148   layers_pool_generic_float.o
       500         74         48          0          0        236   expf.o
        38          0          0          0          0        116   fpclassifyf.o
        38         12          0          0          0        348   funder.o
        86          0          0          0          0          0   __dczerorl2.o
         0          0          0          0          0          0   entry.o
         0          0          0          0          0          0   entry10a.o
         0          0          0          0          0          0   entry11a.o
         4          0          0          0          0          0   entry12b.o
         8          4          0          0          0          0   entry2.o
         4          0          0          0          0          0   entry5.o
         0          0          0          0          0          0   entry7b.o
         0          0          0          0          0          0   entry8b.o
         8          4          0          0          0          0   entry9a.o
        12          6          0          4          0         68   errno.o
        30          0          0          0          0          0   handlers.o
        36          8          0          0          0         68   init.o
         0          0          0          0          0          0   iusefp.o
        30          0          0          0          0         68   llshl.o
        36          0          0          0          0         68   llsshr.o
        32          0          0          0          0         68   llushr.o
       252         24          0          0          0        252   mallocr.o
        26          0          0          0          0         80   memcmp.o
        36          0          0          0          0         68   memcpya.o
         0          0          0          8          0          0   mvars.o
      2218         90          0          0          0        464   printfa.o
        44          0          0          0          0         80   uidiv.o
        98          0          0          0          0         92   uldiv.o
        48          0          0          0          0         68   cdrcmple.o
       334          0          0          0          0        148   dadd.o
       222          0          0          0          0        100   ddiv.o
       186          0          0          0          0        176   depilogue.o
        48          0          0          0          0         68   dfixul.o
       228          0          0          0          0         96   dmul.o

    ----------------------------------------------------------------------
     12406        406         80         12          0       9160   Library Totals
        20          0          0          0          0          0   (incl. Padding)

    ----------------------------------------------------------------------

      Code (inc. data)   RO Data    RW Data    ZI Data      Debug   Library Name

      7784        184         32          0          0       6428   NetworkRuntime520_CM7_Keil.lib
       576         86         48          0          0        700   m_wv.l
      2960        136          0         12          0       1376   mc_w.l
      1066          0          0          0          0        656   mf_w.l

    ----------------------------------------------------------------------
     12406        406         80         12          0       9160   Library Totals

    ----------------------------------------------------------------------

==============================================================================


      Code (inc. data)   RO Data    RW Data    ZI Data      Debug   

     23408       1388     251472       2768      44520    1070318   Grand Totals
     23408       1388     251472        904      44520    1070318   ELF Image Totals (compressed)
     23408       1388     251472        904          0          0   ROM Totals

==============================================================================

    Total RO  Size (Code + RO Data)               274880 ( 268.44kB)
    Total RW  Size (RW Data + ZI Data)             47288 (  46.18kB)
    Total ROM Size (Code + RO Data + RW Data)     275784 ( 269.32kB)

==============================================================================

